test_assignment_intent_requires_both_observations_and_patch (scripts.tests.test_permission_editor_contract.PermissionEditorContractTests.test_assignment_intent_requires_both_observations_and_patch) ... ok
test_compound_revision_int64_and_pairing (scripts.tests.test_permission_editor_contract.PermissionEditorContractTests.test_compound_revision_int64_and_pairing) ... ok
test_document_and_refs (scripts.tests.test_permission_editor_contract.PermissionEditorContractTests.test_document_and_refs) ... ok
test_domain_modes_are_not_empty_allowlist_inference (scripts.tests.test_permission_editor_contract.PermissionEditorContractTests.test_domain_modes_are_not_empty_allowlist_inference) ... ok
test_effective_canonical_domain_mode_is_optional_not_inherited (scripts.tests.test_permission_editor_contract.PermissionEditorContractTests.test_effective_canonical_domain_mode_is_optional_not_inherited) ... ok
test_field_intent_and_empty_patch (scripts.tests.test_permission_editor_contract.PermissionEditorContractTests.test_field_intent_and_empty_patch) ... ok
test_go_dto_json_fields_match_checked_in_schema (scripts.tests.test_permission_editor_contract.PermissionEditorContractTests.test_go_dto_json_fields_match_checked_in_schema) ... ok
test_profile_and_assignment_routes_match_real_router (scripts.tests.test_permission_editor_contract.PermissionEditorContractTests.test_profile_and_assignment_routes_match_real_router) ... ok
test_profile_preview_confirmation_and_update_shape (scripts.tests.test_permission_editor_contract.PermissionEditorContractTests.test_profile_preview_confirmation_and_update_shape) ... ok
test_raw_domain_presence_and_null_are_not_list (scripts.tests.test_permission_editor_contract.PermissionEditorContractTests.test_raw_domain_presence_and_null_are_not_list) ... ok
test_retired_unversioned_writes_match_real_handlers (scripts.tests.test_permission_editor_contract.PermissionEditorContractTests.test_retired_unversioned_writes_match_real_handlers) ... ok
test_routes_envelopes_and_legacy_reads (scripts.tests.test_permission_editor_contract.PermissionEditorContractTests.test_routes_envelopes_and_legacy_reads) ... ok
test_schema_mutations_are_observable (scripts.tests.test_permission_editor_contract.PermissionEditorContractTests.test_schema_mutations_are_observable) ... ok
test_snapshot_raw_presence_and_field_sources (scripts.tests.test_permission_editor_contract.PermissionEditorContractTests.test_snapshot_raw_presence_and_field_sources) ... ok
test_action_resource_allowlist_matches_server_and_consumer (scripts.tests.test_company_admin_events_contract.CompanyAdminEventsContractTests.test_action_resource_allowlist_matches_server_and_consumer) ... ok
test_exact_wire_fields_match_both_producer_and_consumer (scripts.tests.test_company_admin_events_contract.CompanyAdminEventsContractTests.test_exact_wire_fields_match_both_producer_and_consumer) ... ok
test_read_and_frame_fences_are_source_evidence_not_broadcast (scripts.tests.test_company_admin_events_contract.CompanyAdminEventsContractTests.test_read_and_frame_fences_are_source_evidence_not_broadcast) ... ok
test_route_sse_frames_and_advisory_last_id (scripts.tests.test_company_admin_events_contract.CompanyAdminEventsContractTests.test_route_sse_frames_and_advisory_last_id) ... ok
test_actual_enums_and_fallback_optional_metadata (scripts.tests.test_ordinary_receipt_contract.OrdinaryReceiptContractTests.test_actual_enums_and_fallback_optional_metadata) ... ok
test_all_actual_routes_are_closed_receipt_envelopes (scripts.tests.test_ordinary_receipt_contract.OrdinaryReceiptContractTests.test_all_actual_routes_are_closed_receipt_envelopes) ... ok
test_content_bcc_complete_empty_and_legacy_unknown_are_distinct (scripts.tests.test_ordinary_receipt_contract.OrdinaryReceiptContractTests.test_content_bcc_complete_empty_and_legacy_unknown_are_distinct) ... ok
test_fresh_typed_shipping_envelope_bytes (scripts.tests.test_ordinary_receipt_contract.OrdinaryReceiptContractTests.test_fresh_typed_shipping_envelope_bytes) ... ok
test_inspection_remains_separate (scripts.tests.test_ordinary_receipt_contract.OrdinaryReceiptContractTests.test_inspection_remains_separate) ... ok
test_parse_and_typed_closed_field_sets (scripts.tests.test_ordinary_receipt_contract.OrdinaryReceiptContractTests.test_parse_and_typed_closed_field_sets) ... ok
test_progress_distinguishes_unknown_from_complete_ledger (scripts.tests.test_ordinary_receipt_contract.OrdinaryReceiptContractTests.test_progress_distinguishes_unknown_from_complete_ledger) ... ok
test_sensitive_and_unknown_fields_fail_closed_on_every_route (scripts.tests.test_ordinary_receipt_contract.OrdinaryReceiptContractTests.test_sensitive_and_unknown_fields_fail_closed_on_every_route) ... ok
test_document_and_exclusive_response_refs (scripts.tests.test_outbound_inspection_contract.OutboundInspectionContractTests.test_document_and_exclusive_response_refs) ... ok
test_dto_tags_required_optional_and_closed_objects (scripts.tests.test_outbound_inspection_contract.OutboundInspectionContractTests.test_dto_tags_required_optional_and_closed_objects) ... ok
test_enums_match_projection_including_unknown (scripts.tests.test_outbound_inspection_contract.OutboundInspectionContractTests.test_enums_match_projection_including_unknown) ... ok
test_exception_and_acceptance_semantics_are_explicit (scripts.tests.test_outbound_inspection_contract.OutboundInspectionContractTests.test_exception_and_acceptance_semantics_are_explicit) ... ok
test_forbidden_model_fields_rejected_at_every_inspection_layer (scripts.tests.test_outbound_inspection_contract.OutboundInspectionContractTests.test_forbidden_model_fields_rejected_at_every_inspection_layer) ... ok
test_formal_route_authority_reason_and_strong_errors_unchanged (scripts.tests.test_outbound_inspection_contract.OutboundInspectionContractTests.test_formal_route_authority_reason_and_strong_errors_unchanged) ... ok
test_nullable_optional_empty_and_mutation_witnesses (scripts.tests.test_outbound_inspection_contract.OutboundInspectionContractTests.test_nullable_optional_empty_and_mutation_witnesses) ... ok
test_numeric_and_enhanced_smtp_codes_are_sanitized_not_raw_diagnostics (scripts.tests.test_outbound_inspection_contract.OutboundInspectionContractTests.test_numeric_and_enhanced_smtp_codes_are_sanitized_not_raw_diagnostics) ... ok
test_ordinary_alias_and_nested_inspection_refs_fail (scripts.tests.test_outbound_inspection_contract.OutboundInspectionContractTests.test_ordinary_alias_and_nested_inspection_refs_fail) ... ok
test_ordinary_local_refs_fail_explicitly_on_unknown_cycles_and_unsupported (scripts.tests.test_outbound_inspection_contract.OutboundInspectionContractTests.test_ordinary_local_refs_fail_explicitly_on_unknown_cycles_and_unsupported) ... ok
test_ordinary_receipt_schemas_not_expanded (scripts.tests.test_outbound_inspection_contract.OutboundInspectionContractTests.test_ordinary_receipt_schemas_not_expanded) ... ok
test_ordinary_schema_pollution_fails_at_every_closure_object (scripts.tests.test_outbound_inspection_contract.OutboundInspectionContractTests.test_ordinary_schema_pollution_fails_at_every_closure_object) ... ok
test_safe_header_exact_allowlist_no_wildcards_or_secrets (scripts.tests.test_outbound_inspection_contract.OutboundInspectionContractTests.test_safe_header_exact_allowlist_no_wildcards_or_secrets) ... ok
test_aliases_and_python_constructors_are_rejected_without_execution (scripts.tests.test_openapi_contract.OpenAPIParserSafetyTests.test_aliases_and_python_constructors_are_rejected_without_execution) ... ok
test_refs_use_local_json_pointer_escapes (scripts.tests.test_openapi_contract.OpenAPIParserSafetyTests.test_refs_use_local_json_pointer_escapes) ... ok
test_size_and_depth_are_bounded (scripts.tests.test_openapi_contract.OpenAPIParserSafetyTests.test_size_and_depth_are_bounded) ... ok
test_every_company_route_is_required (scripts.tests.test_openapi_contract.OpenAPIRepositoryTests.test_every_company_route_is_required) ... ok
test_every_mapped_dto_rejects_missing_fields (scripts.tests.test_openapi_contract.OpenAPIRepositoryTests.test_every_mapped_dto_rejects_missing_fields) ... ok
test_every_typed_operation_rejects_wrong_dto (scripts.tests.test_openapi_contract.OpenAPIRepositoryTests.test_every_typed_operation_rejects_wrong_dto) ... ok
test_extra_undocumented_operation_is_not_ignored (scripts.tests.test_openapi_contract.OpenAPIRepositoryTests.test_extra_undocumented_operation_is_not_ignored) ... ok
test_input_cannot_reuse_response_required_fields (scripts.tests.test_openapi_contract.OpenAPIRepositoryTests.test_input_cannot_reuse_response_required_fields) ... ok
test_input_route_cannot_reuse_response_dto (scripts.tests.test_openapi_contract.OpenAPIRepositoryTests.test_input_route_cannot_reuse_response_dto) ... ok
test_paginated_responses_require_meta (scripts.tests.test_openapi_contract.OpenAPIRepositoryTests.test_paginated_responses_require_meta) ... ok
test_real_enum_order_is_not_semantic_drift (scripts.tests.test_openapi_contract.OpenAPIRepositoryTests.test_real_enum_order_is_not_semantic_drift) ... ok
test_real_repository_contract (scripts.tests.test_openapi_contract.OpenAPIRepositoryTests.test_real_repository_contract) ... ok
test_reconcile_cannot_demand_protocol_response_fields (scripts.tests.test_openapi_contract.OpenAPIRepositoryTests.test_reconcile_cannot_demand_protocol_response_fields) ... ok
test_storage_secrets_cannot_be_added_to_company_dtos (scripts.tests.test_openapi_contract.OpenAPIRepositoryTests.test_storage_secrets_cannot_be_added_to_company_dtos) ... ok
test_unconfigured_settings_must_allow_null (scripts.tests.test_openapi_contract.OpenAPIRepositoryTests.test_unconfigured_settings_must_allow_null) ... ok
test_unknown_inventory_and_malformed_envelope_fail (scripts.tests.test_openapi_contract.OpenAPIRepositoryTests.test_unknown_inventory_and_malformed_envelope_fail) ... ok
test_wrong_status_cannot_pass (scripts.tests.test_openapi_contract.OpenAPIRepositoryTests.test_wrong_status_cannot_pass) ... ok
test_duplicate_go_field_in_one_struct_fails (scripts.tests.test_contract_drift.DuplicateDefinitionTests.test_duplicate_go_field_in_one_struct_fails) ... ok
test_duplicate_go_struct_across_files_fails (scripts.tests.test_contract_drift.DuplicateDefinitionTests.test_duplicate_go_struct_across_files_fails) ... ok
test_duplicate_ts_field_in_one_interface_fails (scripts.tests.test_contract_drift.DuplicateDefinitionTests.test_duplicate_ts_field_in_one_interface_fails) ... ok
test_duplicate_ts_interface_across_files_fails (scripts.tests.test_contract_drift.DuplicateDefinitionTests.test_duplicate_ts_interface_across_files_fails) ... ok
test_deleted_go_model_fails (scripts.tests.test_contract_drift.FieldSetTests.test_deleted_go_model_fails) ... ok
test_deleted_ts_model_fails (scripts.tests.test_contract_drift.FieldSetTests.test_deleted_ts_model_fails) ... ok
test_renamed_go_field_fails (scripts.tests.test_contract_drift.FieldSetTests.test_renamed_go_field_fails) ... ok
test_renamed_ts_field_fails (scripts.tests.test_contract_drift.FieldSetTests.test_renamed_ts_field_fails) ... ok
test_inline_object_for_unmapped_nested_struct_passes (scripts.tests.test_contract_drift.LegalContractTests.test_inline_object_for_unmapped_nested_struct_passes) ... ok
test_legal_contract_passes (scripts.tests.test_contract_drift.LegalContractTests.test_legal_contract_passes) ... ok
test_mapped_nested_struct_with_wrong_ts_name_fails (scripts.tests.test_contract_drift.NestedReferenceTests.test_mapped_nested_struct_with_wrong_ts_name_fails) ... ok
test_omitempty_value_with_ts_null_fails (scripts.tests.test_contract_drift.NullabilityTests.test_omitempty_value_with_ts_null_fails) ... ok
test_pointer_omitempty_must_be_optional_or_nullable (scripts.tests.test_contract_drift.NullabilityTests.test_pointer_omitempty_must_be_optional_or_nullable) ... ok
test_pointer_without_omitempty_requires_ts_null (scripts.tests.test_contract_drift.NullabilityTests.test_pointer_without_omitempty_requires_ts_null) ... ok
test_value_field_with_ts_null_fails (scripts.tests.test_contract_drift.NullabilityTests.test_value_field_with_ts_null_fails) ... ok
test_array_item_drift_fails (scripts.tests.test_contract_drift.OpenAPIContractTests.test_array_item_drift_fails) ... ok
test_duplicate_yaml_key_is_rejected (scripts.tests.test_contract_drift.OpenAPIContractTests.test_duplicate_yaml_key_is_rejected) ... ok
test_enum_drift_fails (scripts.tests.test_contract_drift.OpenAPIContractTests.test_enum_drift_fails) ... ok
test_field_set_drift_fails (scripts.tests.test_contract_drift.OpenAPIContractTests.test_field_set_drift_fails) ... ok
test_legal_openapi_contract_passes (scripts.tests.test_contract_drift.OpenAPIContractTests.test_legal_openapi_contract_passes) ... ok
test_missing_component_fails (scripts.tests.test_contract_drift.OpenAPIContractTests.test_missing_component_fails) ... ok
test_missing_local_reference_fails (scripts.tests.test_contract_drift.OpenAPIContractTests.test_missing_local_reference_fails) ... ok
test_nested_reference_drift_fails (scripts.tests.test_contract_drift.OpenAPIContractTests.test_nested_reference_drift_fails) ... ok
test_required_drift_fails (scripts.tests.test_contract_drift.OpenAPIContractTests.test_required_drift_fails) ... ok
test_required_pointer_must_allow_null (scripts.tests.test_contract_drift.OpenAPIContractTests.test_required_pointer_must_allow_null) ... ok
test_scalar_type_and_format_drift_fail (scripts.tests.test_contract_drift.OpenAPIContractTests.test_scalar_type_and_format_drift_fail) ... ok
test_typed_map_requires_additional_properties_schema (scripts.tests.test_contract_drift.OpenAPIContractTests.test_typed_map_requires_additional_properties_schema) ... ok
test_wrong_openapi_version_is_rejected (scripts.tests.test_contract_drift.OpenAPIContractTests.test_wrong_openapi_version_is_rejected) ... ok
test_duplicate_required_is_rejected (scripts.tests.test_contract_drift.OpenAPIFailClosedTests.test_duplicate_required_is_rejected) ... ok
test_extra_array_type_is_rejected (scripts.tests.test_contract_drift.OpenAPIFailClosedTests.test_extra_array_type_is_rejected) ... ok
test_extra_scalar_type_cannot_hide_behind_expected_type (scripts.tests.test_contract_drift.OpenAPIFailClosedTests.test_extra_scalar_type_cannot_hide_behind_expected_type) ... ok
test_legacy_nullable_is_not_json_schema_null (scripts.tests.test_contract_drift.OpenAPIFailClosedTests.test_legacy_nullable_is_not_json_schema_null) ... ok
test_malformed_components_is_reported (scripts.tests.test_contract_drift.OpenAPIFailClosedTests.test_malformed_components_is_reported) ... ok
test_missing_response_ref_is_rejected (scripts.tests.test_contract_drift.OpenAPIFailClosedTests.test_missing_response_ref_is_rejected) ... ok
test_missing_ts_property_is_reported_not_a_key_error (scripts.tests.test_contract_drift.OpenAPIFailClosedTests.test_missing_ts_property_is_reported_not_a_key_error) ... ok
test_missing_yaml_dependency_is_reported (scripts.tests.test_contract_drift.OpenAPIFailClosedTests.test_missing_yaml_dependency_is_reported) ... ok
test_remote_ref_is_not_silently_unchecked (scripts.tests.test_contract_drift.OpenAPIFailClosedTests.test_remote_ref_is_not_silently_unchecked) ... ok
test_unrelated_union_branch_cannot_hide_behind_nested_ref (scripts.tests.test_contract_drift.OpenAPIFailClosedTests.test_unrelated_union_branch_cannot_hide_behind_nested_ref) ... ok
test_bool_projection_change_fails (scripts.tests.test_contract_drift.ProjectionTests.test_bool_projection_change_fails) ... ok
test_named_string_type_against_number_alias_fails (scripts.tests.test_contract_drift.ProjectionTests.test_named_string_type_against_number_alias_fails) ... ok
test_scalar_type_change_fails (scripts.tests.test_contract_drift.ProjectionTests.test_scalar_type_change_fails) ... ok
test_slice_element_type_drift_fails (scripts.tests.test_contract_drift.ProjectionTests.test_slice_element_type_drift_fails) ... ok
test_slice_without_ts_array_fails (scripts.tests.test_contract_drift.ProjectionTests.test_slice_without_ts_array_fails) ... ok
test_unresolvable_alias_fails (scripts.tests.test_contract_drift.ProjectionTests.test_unresolvable_alias_fails) ... ok
test_uuid_projected_as_string_change_fails (scripts.tests.test_contract_drift.ProjectionTests.test_uuid_projected_as_string_change_fails) ... ok
test_shared_missing_go_is_reported (scripts.tests.test_contract_drift.SharedEntryTests.test_shared_missing_go_is_reported) ... ok
test_array_union_cannot_hide_a_non_array_member (scripts.tests.test_contract_drift.StrictWireContractTests.test_array_union_cannot_hide_a_non_array_member) ... ok
test_mapped_child_cannot_hide_unchecked_inline_shape (scripts.tests.test_contract_drift.StrictWireContractTests.test_mapped_child_cannot_hide_unchecked_inline_shape) ... ok
test_multiline_union_with_leading_pipe_is_legal (scripts.tests.test_contract_drift.StrictWireContractTests.test_multiline_union_with_leading_pipe_is_legal) ... ok
test_null_alone_cannot_represent_pointer_value (scripts.tests.test_contract_drift.StrictWireContractTests.test_null_alone_cannot_represent_pointer_value) ... ok
test_nullable_does_not_allow_an_omitted_property (scripts.tests.test_contract_drift.StrictWireContractTests.test_nullable_does_not_allow_an_omitted_property) ... ok
test_omitted_value_type_must_also_be_optional (scripts.tests.test_contract_drift.StrictWireContractTests.test_omitted_value_type_must_also_be_optional) ... ok
test_unbalanced_type_fails_closed (scripts.tests.test_contract_drift.StrictWireContractTests.test_unbalanced_type_fails_closed) ... ok
test_union_split_preserves_nested_and_quoted_pipes (scripts.tests.test_contract_drift.StrictWireContractTests.test_union_split_preserves_nested_and_quoted_pipes) ... ok
test_boolean_literal_matches_only_same_boolean_enum (scripts.tests.test_contract_source_aliases.BooleanLiteralTests.test_boolean_literal_matches_only_same_boolean_enum) ... ok
test_null_only_alias_cannot_stand_for_a_nullable_go_pointer (scripts.tests.test_contract_source_aliases.BooleanLiteralTests.test_null_only_alias_cannot_stand_for_a_nullable_go_pointer) ... ok
test_nullable_and_null_only_boolean_aliases_reject_in_both_gates (scripts.tests.test_contract_source_aliases.BooleanLiteralTests.test_nullable_and_null_only_boolean_aliases_reject_in_both_gates) ... ok
test_nullable_boolean_alias_matches_nullable_pointer_and_schema (scripts.tests.test_contract_source_aliases.BooleanLiteralTests.test_nullable_boolean_alias_matches_nullable_pointer_and_schema) ... ok
test_optional_undefined_alias_keeps_omitempty_but_does_not_invent_null (scripts.tests.test_contract_source_aliases.BooleanLiteralTests.test_optional_undefined_alias_keeps_omitempty_but_does_not_invent_null) ... ok
test_required_field_cannot_hide_undefined_or_optional_presence (scripts.tests.test_contract_source_aliases.BooleanLiteralTests.test_required_field_cannot_hide_undefined_or_optional_presence) ... ok
test_unconstrained_boolean_is_not_a_false_only_waiver (scripts.tests.test_contract_source_aliases.BooleanLiteralTests.test_unconstrained_boolean_is_not_a_false_only_waiver) ... ok
test_unknown_and_non_boolean_ts_types_are_rejected (scripts.tests.test_contract_source_aliases.BooleanLiteralTests.test_unknown_and_non_boolean_ts_types_are_rejected) ... ok
test_wrong_missing_duplicate_or_mixed_boolean_enum_rejected (scripts.tests.test_contract_source_aliases.BooleanLiteralTests.test_wrong_missing_duplicate_or_mixed_boolean_enum_rejected) ... ok
test_current_bcc_nullable_container_cannot_hide_nullable_address_items (scripts.tests.test_contract_source_aliases.CollectionAliasScopeTests.test_current_bcc_nullable_container_cannot_hide_nullable_address_items) ... ok
test_every_array_union_branch_is_checked_not_only_the_first (scripts.tests.test_contract_source_aliases.CollectionAliasScopeTests.test_every_array_union_branch_is_checked_not_only_the_first) ... ok
test_nested_array_and_alias_chains_do_not_flatten_element_nullability (scripts.tests.test_contract_source_aliases.CollectionAliasScopeTests.test_nested_array_and_alias_chains_do_not_flatten_element_nullability) ... ok
test_optional_container_undefined_permission_does_not_reach_items (scripts.tests.test_contract_source_aliases.CollectionAliasScopeTests.test_optional_container_undefined_permission_does_not_reach_items) ... ok
test_pointer_elements_and_nested_arrays_keep_their_own_valid_nullability (scripts.tests.test_contract_source_aliases.CollectionAliasScopeTests.test_pointer_elements_and_nested_arrays_keep_their_own_valid_nullability) ... ok
test_record_value_and_nested_array_value_have_independent_null_domains (scripts.tests.test_contract_source_aliases.CollectionAliasScopeTests.test_record_value_and_nested_array_value_have_independent_null_domains) ... ok
test_string_and_boolean_array_items_reject_null_and_undefined_aliases (scripts.tests.test_contract_source_aliases.CollectionAliasScopeTests.test_string_and_boolean_array_items_reject_null_and_undefined_aliases) ... ok
test_widening_both_ts_and_schema_items_still_cannot_widen_go_scalar (scripts.tests.test_contract_source_aliases.CollectionAliasScopeTests.test_widening_both_ts_and_schema_items_still_cannot_widen_go_scalar) ... ok
test_alias_validation_siblings_are_not_discarded (scripts.tests.test_contract_source_aliases.SchemaAliasTests.test_alias_validation_siblings_are_not_discarded) ... ok
test_ambiguous_schema_composition_is_rejected (scripts.tests.test_contract_source_aliases.SchemaAliasTests.test_ambiguous_schema_composition_is_rejected) ... ok
test_closed_objects_cannot_reenable_extra_properties (scripts.tests.test_contract_source_aliases.SchemaAliasTests.test_closed_objects_cannot_reenable_extra_properties) ... ok
test_legacy_outbound_component_is_bound_to_public_projection (scripts.tests.test_contract_source_aliases.SchemaAliasTests.test_legacy_outbound_component_is_bound_to_public_projection) ... ok
test_missing_content_bcc_or_completeness_is_rejected (scripts.tests.test_contract_source_aliases.SchemaAliasTests.test_missing_content_bcc_or_completeness_is_rejected) ... ok
test_missing_or_non_schema_ref_fails_closed (scripts.tests.test_contract_source_aliases.SchemaAliasTests.test_missing_or_non_schema_ref_fails_closed) ... ok
test_ordinary_alias_cannot_gain_content_field (scripts.tests.test_contract_source_aliases.SchemaAliasTests.test_ordinary_alias_cannot_gain_content_field) ... ok
test_receipt_and_content_must_remain_independent (scripts.tests.test_contract_source_aliases.SchemaAliasTests.test_receipt_and_content_must_remain_independent) ... ok
test_schema_alias_cycle_is_rejected (scripts.tests.test_contract_source_aliases.SchemaAliasTests.test_schema_alias_cycle_is_rejected) ... ok
test_alias_chain_can_cross_source_files (scripts.tests.test_contract_source_aliases.SourceAliasTests.test_alias_chain_can_cross_source_files) ... ok
test_commented_aliases_cannot_override_sources (scripts.tests.test_contract_source_aliases.SourceAliasTests.test_commented_aliases_cannot_override_sources) ... ok
test_duplicate_go_alias_across_files_is_rejected (scripts.tests.test_contract_source_aliases.SourceAliasTests.test_duplicate_go_alias_across_files_is_rejected) ... ok
test_duplicate_ts_alias_same_or_different_files_is_rejected (scripts.tests.test_contract_source_aliases.SourceAliasTests.test_duplicate_ts_alias_same_or_different_files_is_rejected) ... ok
test_extra_json_field_on_alias_target_is_rejected (scripts.tests.test_contract_source_aliases.SourceAliasTests.test_extra_json_field_on_alias_target_is_rejected) ... ok
test_go_alias_and_struct_collision_is_rejected (scripts.tests.test_contract_source_aliases.SourceAliasTests.test_go_alias_and_struct_collision_is_rejected) ... ok
test_go_alias_cycle_is_rejected (scripts.tests.test_contract_source_aliases.SourceAliasTests.test_go_alias_cycle_is_rejected) ... ok
test_go_alias_string_and_struct_collisions_reject_both_file_orders (scripts.tests.test_contract_source_aliases.SourceAliasTests.test_go_alias_string_and_struct_collisions_reject_both_file_orders) ... ok
test_go_and_ts_alias_chains_preserve_fields (scripts.tests.test_contract_source_aliases.SourceAliasTests.test_go_and_ts_alias_chains_preserve_fields) ... ok
test_missing_go_target_is_not_a_missing_struct_waiver (scripts.tests.test_contract_source_aliases.SourceAliasTests.test_missing_go_target_is_not_a_missing_struct_waiver) ... ok
test_missing_ts_target_fails_closed (scripts.tests.test_contract_source_aliases.SourceAliasTests.test_missing_ts_target_fails_closed) ... ok
test_nested_ts_reference_alias_is_equivalent (scripts.tests.test_contract_source_aliases.SourceAliasTests.test_nested_ts_reference_alias_is_equivalent) ... ok
test_object_union_field_projection_keeps_optional_counts (scripts.tests.test_contract_source_aliases.SourceAliasTests.test_object_union_field_projection_keeps_optional_counts) ... ok
test_qualified_go_alias_is_not_guessed_from_short_name (scripts.tests.test_contract_source_aliases.SourceAliasTests.test_qualified_go_alias_is_not_guessed_from_short_name) ... ok
test_ts_alias_cycle_is_rejected (scripts.tests.test_contract_source_aliases.SourceAliasTests.test_ts_alias_cycle_is_rejected) ... ok
test_ts_alias_interface_collision_is_rejected (scripts.tests.test_contract_source_aliases.SourceAliasTests.test_ts_alias_interface_collision_is_rejected) ... ok
test_unsupported_union_or_duplicate_alias_fields_fail_closed (scripts.tests.test_contract_source_aliases.SourceAliasTests.test_unsupported_union_or_duplicate_alias_fields_fail_closed) ... ok
test_numeric_overflow_cannot_create_nonfinite_json_values (scripts.tests.test_http_contract.AdditionalWireSafetyTests.test_numeric_overflow_cannot_create_nonfinite_json_values) ... ok
test_public_cache_directive_cannot_hide_among_download_requirements (scripts.tests.test_http_contract.AdditionalWireSafetyTests.test_public_cache_directive_cannot_hide_among_download_requirements) ... ok
test_encoded_body_is_rejected_before_allocation (scripts.tests.test_http_contract.CaptureBoundTests.test_encoded_body_is_rejected_before_allocation) ... ok
test_nested_json_is_bounded_before_schema_evaluation (scripts.tests.test_http_contract.CaptureBoundTests.test_nested_json_is_bounded_before_schema_evaluation) ... ok
test_absent_stale_empty_or_wrong_producer_capture_fails (scripts.tests.test_http_contract.CaptureCompletenessTests.test_absent_stale_empty_or_wrong_producer_capture_fails) ... ok
test_missing_cases_and_duplicate_ids_fail (scripts.tests.test_http_contract.CaptureCompletenessTests.test_missing_cases_and_duplicate_ids_fail) ... ok
test_admin_json_response_cannot_replace_sse_media (scripts.tests.test_http_contract.CompanyAdminStreamCaptureTests.test_admin_json_response_cannot_replace_sse_media) ... ok
test_admin_missing_or_unterminated_frame_is_not_execution (scripts.tests.test_http_contract.CompanyAdminStreamCaptureTests.test_admin_missing_or_unterminated_frame_is_not_execution) ... ok
test_admin_name_on_mailbox_route_cannot_cover_admin_operation (scripts.tests.test_http_contract.CompanyAdminStreamCaptureTests.test_admin_name_on_mailbox_route_cannot_cover_admin_operation) ... ok
test_distinct_admin_and_mailbox_sse_captures_pass (scripts.tests.test_http_contract.CompanyAdminStreamCaptureTests.test_distinct_admin_and_mailbox_sse_captures_pass) ... ok
test_mailbox_stream_cannot_cover_missing_admin_capture (scripts.tests.test_http_contract.CompanyAdminStreamCaptureTests.test_mailbox_stream_cannot_cover_missing_admin_capture) ... ok
test_driver_creates_private_evidence_even_with_permissive_umask (scripts.tests.test_http_contract.PrivateEvidenceDirectoryTests.test_driver_creates_private_evidence_even_with_permissive_umask) ... ok
test_normal_process_preserves_actual_exit_without_signals (scripts.tests.test_http_contract.ProcessLifetimeTests.test_normal_process_preserves_actual_exit_without_signals) ... ok
test_timeout_terminates_the_child_process_group (scripts.tests.test_http_contract.ProcessLifetimeTests.test_timeout_terminates_the_child_process_group) ... ok
test_actual_operation_and_binding_are_one_existing_strict_receipt (scripts.tests.test_http_contract.RecipientsAggregateContractTests.test_actual_operation_and_binding_are_one_existing_strict_receipt) ... ok
test_content_authority_does_not_admit_sensitive_or_unknown_fields (scripts.tests.test_http_contract.RecipientsAggregateContractTests.test_content_authority_does_not_admit_sensitive_or_unknown_fields) ... ok
test_counts_keep_complete_nonnegative_integer_shape (scripts.tests.test_http_contract.RecipientsAggregateContractTests.test_counts_keep_complete_nonnegative_integer_shape) ... ok
test_known_complete_counts_and_unknown_without_counts_pass (scripts.tests.test_http_contract.RecipientsAggregateContractTests.test_known_complete_counts_and_unknown_without_counts_pass) ... ok
test_known_missing_counts_and_unknown_fabricated_counts_fail (scripts.tests.test_http_contract.RecipientsAggregateContractTests.test_known_missing_counts_and_unknown_fabricated_counts_fail) ... ok
test_nested_progress_counts_and_capabilities_remain_closed (scripts.tests.test_http_contract.RecipientsAggregateContractTests.test_nested_progress_counts_and_capabilities_remain_closed) ... ok
test_old_per_address_array_is_not_an_aggregate_receipt (scripts.tests.test_http_contract.RecipientsAggregateContractTests.test_old_per_address_array_is_not_an_aggregate_receipt) ... ok
test_ci_does_not_upload_raw_http_responses (scripts.tests.test_http_contract.RuntimeEvidencePublicationTests.test_ci_does_not_upload_raw_http_responses) ... ok
test_binary_headers_and_sse_framing (scripts.tests.test_http_contract.RuntimeResponseTests.test_binary_headers_and_sse_framing) ... ok
test_capture_types_and_base64_are_strict (scripts.tests.test_http_contract.RuntimeResponseTests.test_capture_types_and_base64_are_strict) ... ok
test_false_zero_and_wrong_scalar_are_not_coerced (scripts.tests.test_http_contract.RuntimeResponseTests.test_false_zero_and_wrong_scalar_are_not_coerced) ... ok
test_json_duplicates_and_nonfinite_numbers_are_rejected (scripts.tests.test_http_contract.RuntimeResponseTests.test_json_duplicates_and_nonfinite_numbers_are_rejected) ... ok
test_missing_required_and_unexpected_field_fail (scripts.tests.test_http_contract.RuntimeResponseTests.test_missing_required_and_unexpected_field_fail) ... ok
test_nullable_collection_is_not_an_array (scripts.tests.test_http_contract.RuntimeResponseTests.test_nullable_collection_is_not_an_array) ... ok
test_real_format_checks_are_enabled (scripts.tests.test_http_contract.RuntimeResponseTests.test_real_format_checks_are_enabled) ... ok
test_remote_refs_are_rejected_before_any_network_access (scripts.tests.test_http_contract.RuntimeResponseTests.test_remote_refs_are_rejected_before_any_network_access) ... ok
test_resolves_local_response_and_nested_component_refs (scripts.tests.test_http_contract.RuntimeResponseTests.test_resolves_local_response_and_nested_component_refs) ... ok
test_schema_error_messages_do_not_echo_response_content (scripts.tests.test_http_contract.RuntimeResponseTests.test_schema_error_messages_do_not_echo_response_content) ... ok
test_secret_fields_fail_even_in_permissive_old_components (scripts.tests.test_http_contract.RuntimeResponseTests.test_secret_fields_fail_even_in_permissive_old_components) ... ok
test_status_method_route_and_content_type_are_checked (scripts.tests.test_http_contract.RuntimeResponseTests.test_status_method_route_and_content_type_are_checked) ... ok
test_complete_json_event_accepts_lf_and_crlf (scripts.tests.test_http_contract.RuntimeSSETests.test_complete_json_event_accepts_lf_and_crlf) ... ok
test_malformed_or_comment_only_sse_is_not_an_event (scripts.tests.test_http_contract.RuntimeSSETests.test_malformed_or_comment_only_sse_is_not_an_event) ... ok
test_sse_cache_directives_are_tokens_not_substrings (scripts.tests.test_http_contract.RuntimeSSETests.test_sse_cache_directives_are_tokens_not_substrings) ... ok
test_complete_matching_scenario_can_pass (scripts.tests.test_http_contract.ScenarioEvidenceTests.test_complete_matching_scenario_can_pass) ... ok
test_duplicate_or_unknown_handler_inventory_is_rejected (scripts.tests.test_http_contract.ScenarioEvidenceTests.test_duplicate_or_unknown_handler_inventory_is_rejected) ... ok
test_empty_or_non_company_inventory_cannot_pass (scripts.tests.test_http_contract.ScenarioEvidenceTests.test_empty_or_non_company_inventory_cannot_pass) ... ok
test_malformed_inventory_returns_a_failed_report (scripts.tests.test_http_contract.ScenarioEvidenceTests.test_malformed_inventory_returns_a_failed_report) ... ok
test_required_names_cannot_substitute_for_status_and_route (scripts.tests.test_http_contract.ScenarioEvidenceTests.test_required_names_cannot_substitute_for_status_and_route) ... ok
test_binary_public_directive_cannot_override_private_no_store (scripts.tests.test_http_contract.WireSafetyRegressionTests.test_binary_public_directive_cannot_override_private_no_store) ... ok
test_json_exponent_overflow_is_not_finite_json (scripts.tests.test_http_contract.WireSafetyRegressionTests.test_json_exponent_overflow_is_not_finite_json) ... ok
test_sse_payload_cannot_bypass_secret_field_check (scripts.tests.test_http_contract.WireSafetyRegressionTests.test_sse_payload_cannot_bypass_secret_field_check) ... ok
test_catalog_mismatch_precedes_collector (scripts.tests.test_i18n_keys.CatalogTests.test_catalog_mismatch_precedes_collector) ... ok
test_empty_scan_fails (scripts.tests.test_i18n_keys.CatalogTests.test_empty_scan_fails) ... ok
test_empty_wrong_type_and_bad_values (scripts.tests.test_i18n_keys.CatalogTests.test_empty_wrong_type_and_bad_values) ... ok
test_invalid_or_empty_collector_output_fails (scripts.tests.test_i18n_keys.CatalogTests.test_invalid_or_empty_collector_output_fails) ... ok
test_malformed_and_duplicate_catalog (scripts.tests.test_i18n_keys.CatalogTests.test_malformed_and_duplicate_catalog) ... ok
test_missing_catalog (scripts.tests.test_i18n_keys.CatalogTests.test_missing_catalog) ... ok
test_missing_features_key_fails (scripts.tests.test_i18n_keys.CatalogTests.test_missing_features_key_fails) ... ok
test_missing_node_fails (scripts.tests.test_i18n_keys.CatalogTests.test_missing_node_fails) ... ok
test_missing_source_directory_fails (scripts.tests.test_i18n_keys.CatalogTests.test_missing_source_directory_fails) ... ok
test_scan_includes_features_and_hooks_not_generated_or_tests (scripts.tests.test_i18n_keys.CatalogTests.test_scan_includes_features_and_hooks_not_generated_or_tests) ... ok
test_strict_utf8 (scripts.tests.test_i18n_keys.CatalogTests.test_strict_utf8) ... ok
test_valid_catalog (scripts.tests.test_i18n_keys.CatalogTests.test_valid_catalog) ... ok
test_valid_end_to_end_contract (scripts.tests.test_i18n_keys.CatalogTests.test_valid_end_to_end_contract) ... ok
test_actual_loaded_helper_is_bound_not_a_different_snapshot_implementation (scripts.tests.test_r5_smtp_owner_source_inventory.SMTPSourceInventoryV3Tests.test_actual_loaded_helper_is_bound_not_a_different_snapshot_implementation) ... ok
test_benchmark_source_producer_accepts_v3_but_no_METHOD_live_or_tool_admission (scripts.tests.test_r5_smtp_owner_source_inventory.SMTPSourceInventoryV3Tests.test_benchmark_source_producer_accepts_v3_but_no_METHOD_live_or_tool_admission) ... ok
test_both_fork_embeds_and_nongo_upstream_inputs_are_required (scripts.tests.test_r5_smtp_owner_source_inventory.SMTPSourceInventoryV3Tests.test_both_fork_embeds_and_nongo_upstream_inputs_are_required) ... ok
test_both_forks_root_modsum_and_metadata_drift_reject_pinned_receipt (scripts.tests.test_r5_smtp_owner_source_inventory.SMTPSourceInventoryV3Tests.test_both_forks_root_modsum_and_metadata_drift_reject_pinned_receipt) ... ok
test_duplicate_or_MVS_override_declarations_do_not_bypass_exact_binding (scripts.tests.test_r5_smtp_owner_source_inventory.SMTPSourceInventoryV3Tests.test_duplicate_or_MVS_override_declarations_do_not_bypass_exact_binding) ... ok
test_each_fork_mod_sum_license_and_required_metadata_are_mandatory (scripts.tests.test_r5_smtp_owner_source_inventory.SMTPSourceInventoryV3Tests.test_each_fork_mod_sum_license_and_required_metadata_are_mandatory) ... ok
test_exact_two_forks_full_inputs_and_actual_metadata_layouts (scripts.tests.test_r5_smtp_owner_source_inventory.SMTPSourceInventoryV3Tests.test_exact_two_forks_full_inputs_and_actual_metadata_layouts) ... ok
test_explicit_v3_pin_and_policy_are_required_without_auto_upgrade (scripts.tests.test_r5_smtp_owner_source_inventory.SMTPSourceInventoryV3Tests.test_explicit_v3_pin_and_policy_are_required_without_auto_upgrade) ... ok
test_local_module_identity_version_dependency_and_nested_replace_rejected (scripts.tests.test_r5_smtp_owner_source_inventory.SMTPSourceInventoryV3Tests.test_local_module_identity_version_dependency_and_nested_replace_rejected) ... ok
test_protocol_producer_validator_and_prepost_use_v3_without_Git (scripts.tests.test_r5_smtp_owner_source_inventory.SMTPSourceInventoryV3Tests.test_protocol_producer_validator_and_prepost_use_v3_without_Git) ... ok
test_symlink_escape_workfile_and_unknown_build_condition_fail_closed (scripts.tests.test_r5_smtp_owner_source_inventory.SMTPSourceInventoryV3Tests.test_symlink_escape_workfile_and_unknown_build_condition_fail_closed) ... ok
test_unknown_extra_or_omitted_receipt_fields_cannot_be_resealed (scripts.tests.test_r5_smtp_owner_source_inventory.SMTPSourceInventoryV3Tests.test_unknown_extra_or_omitted_receipt_fields_cannot_be_resealed) ... ok
test_unknown_third_replace_and_extra_local_tree_fail_closed (scripts.tests.test_r5_smtp_owner_source_inventory.SMTPSourceInventoryV3Tests.test_unknown_third_replace_and_extra_local_tree_fail_closed) ... ok
test_unlisted_nested_module_and_local_import_omission_are_rejected (scripts.tests.test_r5_smtp_owner_source_inventory.SMTPSourceInventoryV3Tests.test_unlisted_nested_module_and_local_import_omission_are_rejected) ... ok
test_v2_single_fork_snapshot_keeps_old_domain_but_cannot_cover_dual_root (scripts.tests.test_r5_smtp_owner_source_inventory.SMTPSourceInventoryV3Tests.test_v2_single_fork_snapshot_keeps_old_domain_but_cannot_cover_dual_root) ... ok
test_wrong_root_versions_paths_and_dynamic_forms_rejected (scripts.tests.test_r5_smtp_owner_source_inventory.SMTPSourceInventoryV3Tests.test_wrong_root_versions_paths_and_dynamic_forms_rejected) ... ok

----------------------------------------------------------------------
Ran 227 tests in 8.794s

OK
