Collecting PyYAML==6.0.3 (from -r scripts/requirements-contract.txt (line 1))
  Downloading pyyaml-6.0.3-cp312-cp312-manylinux2014_x86_64.manylinux_2_17_x86_64.manylinux_2_28_x86_64.whl.metadata (2.4 kB)
Collecting jsonschema==4.26.0 (from -r scripts/requirements-contract.txt (line 3))
  Downloading jsonschema-4.26.0-py3-none-any.whl.metadata (7.6 kB)
Collecting rfc3339-validator==0.1.4 (from -r scripts/requirements-contract.txt (line 4))
  Downloading rfc3339_validator-0.1.4-py2.py3-none-any.whl.metadata (1.5 kB)
Collecting attrs==26.1.0 (from -r scripts/requirements-contract.txt (line 6))
  Downloading attrs-26.1.0-py3-none-any.whl.metadata (8.8 kB)
Collecting jsonschema-specifications==2025.9.1 (from -r scripts/requirements-contract.txt (line 7))
  Downloading jsonschema_specifications-2025.9.1-py3-none-any.whl.metadata (2.9 kB)
Collecting referencing==0.37.0 (from -r scripts/requirements-contract.txt (line 8))
  Downloading referencing-0.37.0-py3-none-any.whl.metadata (2.8 kB)
Collecting rpds-py==2026.6.3 (from -r scripts/requirements-contract.txt (line 9))
  Downloading rpds_py-2026.6.3-cp312-cp312-manylinux_2_17_x86_64.manylinux2014_x86_64.whl.metadata (4.1 kB)
Collecting six==1.17.0 (from -r scripts/requirements-contract.txt (line 10))
  Downloading six-1.17.0-py2.py3-none-any.whl.metadata (1.7 kB)
Collecting typing_extensions==4.16.0 (from -r scripts/requirements-contract.txt (line 11))
  Downloading typing_extensions-4.16.0-py3-none-any.whl.metadata (3.3 kB)
Downloading pyyaml-6.0.3-cp312-cp312-manylinux2014_x86_64.manylinux_2_17_x86_64.manylinux_2_28_x86_64.whl (807 kB)
   ━━━━━━━━━━━━━━━━━━━━━━━━━━━━━━━━━━━━━━━━ 807.9/807.9 kB 30.3 MB/s eta 0:00:00
Downloading jsonschema-4.26.0-py3-none-any.whl (90 kB)
Downloading rfc3339_validator-0.1.4-py2.py3-none-any.whl (3.5 kB)
Downloading attrs-26.1.0-py3-none-any.whl (67 kB)
Downloading jsonschema_specifications-2025.9.1-py3-none-any.whl (18 kB)
Downloading referencing-0.37.0-py3-none-any.whl (26 kB)
Downloading rpds_py-2026.6.3-cp312-cp312-manylinux_2_17_x86_64.manylinux2014_x86_64.whl (366 kB)
Downloading six-1.17.0-py2.py3-none-any.whl (11 kB)
Downloading typing_extensions-4.16.0-py3-none-any.whl (45 kB)
Installing collected packages: typing_extensions, six, rpds-py, PyYAML, attrs, rfc3339-validator, referencing, jsonschema-specifications, jsonschema
Successfully installed PyYAML-6.0.3 attrs-26.1.0 jsonschema-4.26.0 jsonschema-specifications-2025.9.1 referencing-0.37.0 rfc3339-validator-0.1.4 rpds-py-2026.6.3 six-1.17.0 typing_extensions-4.16.0
