2026-10-09T03:20:48.8717191Z Current runner version: '2.337.0'
2026-10-09T03:20:48.8741292Z ##[group]Runner Image Provisioner
2026-10-09T03:20:48.8742505Z Hosted Compute Agent
2026-10-09T03:20:48.8743166Z Version: 20261002.596
2026-10-09T03:20:48.8743870Z Commit: c3d12f3313a95f25162a1503be624f3b0617f8c0
2026-10-09T03:20:48.8744683Z Build Date: 2026-10-02T22:28:27Z
2026-10-09T03:20:48.8745373Z Worker ID: {33a4e496-8d4e-4439-af82-4fde4c91aeda}
2026-10-09T03:20:48.8746201Z Region: westus2
2026-10-09T03:20:48.8746816Z Cloud: Azure
2026-10-09T03:20:48.8747423Z ##[endgroup]
2026-10-09T03:20:48.8748948Z ##[group]Operating System
2026-10-09T03:20:48.8749603Z Ubuntu
2026-10-09T03:20:48.8750247Z 24.04.5
2026-10-09T03:20:48.8750866Z LTS
2026-10-09T03:20:48.8751379Z ##[endgroup]
2026-10-09T03:20:48.8752008Z ##[group]Runner Image
2026-10-09T03:20:48.8752964Z Image: ubuntu-24.04
2026-10-09T03:20:48.8753603Z Version: 20261004.327.1
2026-10-09T03:20:48.8754889Z Included Software: https://github.com/actions/runner-images/blob/ubuntu24/20261004.327/images/ubuntu/Ubuntu2404-Readme.md
2026-10-09T03:20:48.8756509Z Image Release: https://github.com/actions/runner-images/releases/tag/ubuntu24%2F20261004.327
2026-10-09T03:20:48.8757511Z ##[endgroup]
2026-10-09T03:20:48.8758734Z ##[group]GITHUB_TOKEN Permissions
2026-10-09T03:20:48.8760634Z Contents: read
2026-10-09T03:20:48.8761380Z Metadata: read
2026-10-09T03:20:48.8761957Z ##[endgroup]
2026-10-09T03:20:48.8764270Z Secret source: Actions
2026-10-09T03:20:48.8765600Z Cache mode: write
2026-10-09T03:20:48.8766318Z Prepare workflow directory
2026-10-09T03:20:48.9104581Z Prepare all required actions
2026-10-09T03:20:48.9154742Z Getting action download info
2026-10-09T03:20:49.2717054Z Download action repository 'actions/checkout@v4' (SHA:11d5960a326750d5838078e36cf38b85af677262)
2026-10-09T03:20:49.3778753Z Download action repository 'actions/setup-node@v4' (SHA:49933ea5288caeca8642d1e84afbd3f7d6820020)
2026-10-09T03:20:49.4717496Z Download action repository 'actions/upload-artifact@v4' (SHA:ea165f8d65b6e75b540449e92b4886f43607fa02)
2026-10-09T03:20:49.6749201Z Complete job name: web-regressions
2026-10-09T03:20:49.7763448Z ##[group]Run actions/checkout@v4
2026-10-09T03:20:49.7764357Z with:
2026-10-09T03:20:49.7764838Z   persist-credentials: false
2026-10-09T03:20:49.7765365Z   repository: jyqj/tabmail
2026-10-09T03:20:49.7769360Z   token: ***
2026-10-09T03:20:49.7769805Z   ssh-strict: true
2026-10-09T03:20:49.7770249Z   ssh-user: git
2026-10-09T03:20:49.7770674Z   clean: true
2026-10-09T03:20:49.7771171Z   sparse-checkout-cone-mode: true
2026-10-09T03:20:49.7771718Z   fetch-depth: 1
2026-10-09T03:20:49.7772370Z   fetch-tags: false
2026-10-09T03:20:49.7772826Z   show-progress: true
2026-10-09T03:20:49.7773283Z   lfs: false
2026-10-09T03:20:49.7773691Z   submodules: false
2026-10-09T03:20:49.7774139Z   set-safe-directory: true
2026-10-09T03:20:49.7774671Z   allow-unsafe-pr-checkout: false
2026-10-09T03:20:49.7775605Z ##[endgroup]
2026-10-09T03:20:49.8828752Z Syncing repository: jyqj/tabmail
2026-10-09T03:20:49.8830456Z ##[group]Getting Git version info
2026-10-09T03:20:49.8831241Z Working directory is '/home/runner/work/tabmail/tabmail'
2026-10-09T03:20:49.8832544Z [command]/usr/bin/git version
2026-10-09T03:20:49.8935678Z git version 2.55.0
2026-10-09T03:20:49.8955859Z ##[endgroup]
2026-10-09T03:20:49.8969886Z Temporarily overriding HOME='/home/runner/work/_temp/4f53f33e-84df-4c80-a454-c5cbc85638e4' before making global git config changes
2026-10-09T03:20:49.8971286Z Adding repository directory to the temporary git global config as a safe directory
2026-10-09T03:20:49.8975372Z [command]/usr/bin/git config --global --add safe.directory /home/runner/work/tabmail/tabmail
2026-10-09T03:20:49.9024891Z Deleting the contents of '/home/runner/work/tabmail/tabmail'
2026-10-09T03:20:49.9029886Z ##[group]Initializing the repository
2026-10-09T03:20:49.9034064Z [command]/usr/bin/git init /home/runner/work/tabmail/tabmail
2026-10-09T03:20:49.9158732Z hint: Using 'master' as the name for the initial branch. This default branch name
2026-10-09T03:20:49.9160191Z hint: will change to "main" in Git 3.0. To configure the initial branch name
2026-10-09T03:20:49.9161308Z hint: to use in all of your new repositories, which will suppress this warning,
2026-10-09T03:20:49.9162987Z hint: call:
2026-10-09T03:20:49.9163856Z hint:
2026-10-09T03:20:49.9164447Z hint: 	git config --global init.defaultBranch <name>
2026-10-09T03:20:49.9165124Z hint:
2026-10-09T03:20:49.9165762Z hint: Names commonly chosen instead of 'master' are 'main', 'trunk' and
2026-10-09T03:20:49.9166790Z hint: 'development'. The just-created branch can be renamed via this command:
2026-10-09T03:20:49.9167629Z hint:
2026-10-09T03:20:49.9168094Z hint: 	git branch -m <name>
2026-10-09T03:20:49.9168877Z hint:
2026-10-09T03:20:49.9169844Z hint: Disable this message with "git config set advice.defaultBranchName false"
2026-10-09T03:20:49.9170977Z Initialized empty Git repository in /home/runner/work/tabmail/tabmail/.git/
2026-10-09T03:20:49.9173806Z [command]/usr/bin/git remote add origin https://github.com/jyqj/tabmail
2026-10-09T03:20:49.9260807Z ##[endgroup]
2026-10-09T03:20:49.9262523Z ##[group]Disabling automatic garbage collection
2026-10-09T03:20:49.9264738Z [command]/usr/bin/git config --local gc.auto 0
2026-10-09T03:20:49.9297717Z ##[endgroup]
2026-10-09T03:20:49.9299113Z ##[group]Setting up auth
2026-10-09T03:20:49.9305193Z [command]/usr/bin/git config --local --name-only --get-regexp core\.sshCommand
2026-10-09T03:20:49.9338035Z [command]/usr/bin/git submodule foreach --recursive sh -c "git config --local --name-only --get-regexp 'core\.sshCommand' && git config --local --unset-all 'core.sshCommand' || :"
2026-10-09T03:20:49.9749504Z [command]/usr/bin/git config --local --name-only --get-regexp http\.https\:\/\/github\.com\/\.extraheader
2026-10-09T03:20:49.9785448Z [command]/usr/bin/git submodule foreach --recursive sh -c "git config --local --name-only --get-regexp 'http\.https\:\/\/github\.com\/\.extraheader' && git config --local --unset-all 'http.https://github.com/.extraheader' || :"
2026-10-09T03:20:50.0003300Z [command]/usr/bin/git config --local --name-only --get-regexp ^includeIf\.gitdir:
2026-10-09T03:20:50.0034335Z [command]/usr/bin/git submodule foreach --recursive git config --local --show-origin --name-only --get-regexp remote.origin.url
2026-10-09T03:20:50.0248409Z [command]/usr/bin/git config --local http.https://github.com/.extraheader AUTHORIZATION: basic ***
2026-10-09T03:20:50.0283908Z ##[endgroup]
2026-10-09T03:20:50.0285123Z ##[group]Fetching the repository
2026-10-09T03:20:50.0293191Z [command]/usr/bin/git -c protocol.version=2 fetch --no-tags --prune --no-recurse-submodules --depth=1 origin +872d7c4a885e0b3879f250f7e5d07455792a5a08:refs/remotes/pull/223/merge
2026-10-09T03:20:53.5056642Z From https://github.com/jyqj/tabmail
2026-10-09T03:20:53.5057831Z  * [new ref]         872d7c4a885e0b3879f250f7e5d07455792a5a08 -> pull/223/merge
2026-10-09T03:20:53.5060531Z ##[endgroup]
2026-10-09T03:20:53.5061534Z ##[group]Determining the checkout info
2026-10-09T03:20:53.5063843Z ##[endgroup]
2026-10-09T03:20:53.5069700Z [command]/usr/bin/git sparse-checkout disable
2026-10-09T03:20:53.5126769Z [command]/usr/bin/git config --local --unset-all extensions.worktreeConfig
2026-10-09T03:20:53.5166681Z ##[group]Checking out the ref
2026-10-09T03:20:53.5170180Z [command]/usr/bin/git checkout --progress --force refs/remotes/pull/223/merge
2026-10-09T03:20:53.8976533Z Note: switching to 'refs/remotes/pull/223/merge'.
2026-10-09T03:20:53.8978056Z 
2026-10-09T03:20:53.8979215Z You are in 'detached HEAD' state. You can look around, make experimental
2026-10-09T03:20:53.8982291Z changes and commit them, and you can discard any commits you make in this
2026-10-09T03:20:53.8985110Z state without impacting any branches by switching back to a branch.
2026-10-09T03:20:53.8986698Z 
2026-10-09T03:20:53.8987843Z If you want to create a new branch to retain commits you create, you may
2026-10-09T03:20:53.8990329Z do so (now or later) by using -c with the switch command. Example:
2026-10-09T03:20:53.8992318Z 
2026-10-09T03:20:53.8992909Z   git switch -c <new-branch-name>
2026-10-09T03:20:53.8993882Z 
2026-10-09T03:20:53.8994446Z Or undo this operation with:
2026-10-09T03:20:53.8995297Z 
2026-10-09T03:20:53.8995804Z   git switch -
2026-10-09T03:20:53.8996482Z 
2026-10-09T03:20:53.8997634Z Turn off this advice by setting config variable advice.detachedHead to false
2026-10-09T03:20:53.8999380Z 
2026-10-09T03:20:53.9016095Z HEAD is now at 872d7c4 Merge 419848e51b2d5e509898c355ace1c0deffe47fd4 into 602b17544d0cd12c04f1b90c116814ae0522199a
2026-10-09T03:20:53.9020453Z ##[endgroup]
2026-10-09T03:20:53.9059238Z [command]/usr/bin/git log -1 --format=%H
2026-10-09T03:20:53.9083280Z 872d7c4a885e0b3879f250f7e5d07455792a5a08
2026-10-09T03:20:53.9200880Z ##[group]Removing auth
2026-10-09T03:20:53.9203230Z [command]/usr/bin/git config --local --name-only --get-regexp core\.sshCommand
2026-10-09T03:20:53.9208510Z [command]/usr/bin/git submodule foreach --recursive sh -c "git config --local --name-only --get-regexp 'core\.sshCommand' && git config --local --unset-all 'core.sshCommand' || :"
2026-10-09T03:20:53.9377774Z [command]/usr/bin/git config --local --name-only --get-regexp http\.https\:\/\/github\.com\/\.extraheader
2026-10-09T03:20:53.9403701Z http.https://github.com/.extraheader
2026-10-09T03:20:53.9411254Z [command]/usr/bin/git config --local --unset-all http.https://github.com/.extraheader
2026-10-09T03:20:53.9444264Z [command]/usr/bin/git submodule foreach --recursive sh -c "git config --local --name-only --get-regexp 'http\.https\:\/\/github\.com\/\.extraheader' && git config --local --unset-all 'http.https://github.com/.extraheader' || :"
2026-10-09T03:20:53.9660127Z [command]/usr/bin/git config --local --name-only --get-regexp ^includeIf\.gitdir:
2026-10-09T03:20:53.9688676Z [command]/usr/bin/git submodule foreach --recursive git config --local --show-origin --name-only --get-regexp remote.origin.url
2026-10-09T03:20:53.9904110Z ##[endgroup]
2026-10-09T03:20:54.0274791Z ##[group]Run actions/setup-node@v4
2026-10-09T03:20:54.0276060Z with:
2026-10-09T03:20:54.0276926Z   node-version: 22
2026-10-09T03:20:54.0277880Z   cache: npm
2026-10-09T03:20:54.0278939Z   cache-dependency-path: web/package-lock.json
2026-10-09T03:20:54.0280291Z   always-auth: false
2026-10-09T03:20:54.0281285Z   check-latest: false
2026-10-09T03:20:54.0292295Z   token: ***
2026-10-09T03:20:54.0293218Z ##[endgroup]
2026-10-09T03:20:54.1819066Z Found in cache @ /opt/hostedtoolcache/node/22.23.3/x64
2026-10-09T03:20:54.1823957Z (node:2391) [DEP0040] DeprecationWarning: The `punycode` module is deprecated. Please use a userland alternative instead.
2026-10-09T03:20:54.1826437Z (Use `node --trace-deprecation ...` to show where the warning was created)
2026-10-09T03:20:54.1829680Z ##[group]Environment details
2026-10-09T03:20:54.5979673Z node: v22.23.3
2026-10-09T03:20:54.5980109Z npm: 10.9.9
2026-10-09T03:20:54.5980415Z yarn: 1.22.22
2026-10-09T03:20:54.5981357Z ##[endgroup]
2026-10-09T03:20:54.5999774Z [command]/opt/hostedtoolcache/node/22.23.3/x64/bin/npm config get cache
2026-10-09T03:20:54.7133501Z /home/runner/.npm
2026-10-09T03:20:54.9610432Z npm cache is not found
2026-10-09T03:20:54.9766728Z ##[group]Run mkdir exec-web-evidence
2026-10-09T03:20:54.9767181Z [36;1mmkdir exec-web-evidence[0m
2026-10-09T03:20:54.9767641Z [36;1mgit rev-parse HEAD HEAD^{tree} | tee exec-web-evidence/source.txt[0m
2026-10-09T03:20:55.0060458Z shell: /usr/bin/bash -e {0}
2026-10-09T03:20:55.0060997Z ##[endgroup]
2026-10-09T03:20:55.0204035Z 872d7c4a885e0b3879f250f7e5d07455792a5a08
2026-10-09T03:20:55.0204603Z a5d05c981558239810bb4dd1022fc52b32e16c90
2026-10-09T03:20:55.0248722Z ##[group]Run npm ci
2026-10-09T03:20:55.0249077Z [36;1mnpm ci[0m
2026-10-09T03:20:55.0309479Z shell: /usr/bin/bash -e {0}
2026-10-09T03:20:55.0309804Z ##[endgroup]
2026-10-09T03:20:59.3864464Z npm warn deprecated node-domexception@1.0.0: Use your platform's native DOMException instead
2026-10-09T03:21:17.4108866Z 
2026-10-09T03:21:17.4109799Z added 760 packages, and audited 761 packages in 22s
2026-10-09T03:21:17.4110947Z 
2026-10-09T03:21:17.4111554Z 264 packages are looking for funding
2026-10-09T03:21:17.4112370Z   run `npm fund` for details
2026-10-09T03:21:17.4582391Z 
2026-10-09T03:21:17.4582964Z 8 high severity vulnerabilities
2026-10-09T03:21:17.4583341Z 
2026-10-09T03:21:17.4583728Z To address issues that do not require attention, run:
2026-10-09T03:21:17.4584148Z   npm audit fix
2026-10-09T03:21:17.4584344Z 
2026-10-09T03:21:17.4584631Z To address all issues (including breaking changes), run:
2026-10-09T03:21:17.4585053Z   npm audit fix --force
2026-10-09T03:21:17.4585298Z 
2026-10-09T03:21:17.4585444Z Run `npm audit` for details.
2026-10-09T03:21:17.5283948Z ##[group]Run npx tsc --noEmit --incremental false
2026-10-09T03:21:17.5284364Z [36;1mnpx tsc --noEmit --incremental false[0m
2026-10-09T03:21:17.5350046Z shell: /usr/bin/bash -e {0}
2026-10-09T03:21:17.5350317Z ##[endgroup]
2026-10-09T03:21:27.7791880Z ##[group]Run set -euo pipefail
2026-10-09T03:21:27.7792652Z [36;1mset -euo pipefail[0m
2026-10-09T03:21:27.7792921Z [36;1mnpx vitest run \[0m
2026-10-09T03:21:27.7793250Z [36;1m  components/company/grants-conflict-review.test.tsx \[0m
2026-10-09T03:21:27.7793637Z [36;1m  components/company/grants.test.tsx \[0m
2026-10-09T03:21:27.7794015Z [36;1m  components/company/mailbox-lifecycle-review.test.tsx \[0m
2026-10-09T03:21:27.7794440Z [36;1m  features/company/mailbox-create-ownership.test.tsx \[0m
2026-10-09T03:21:27.7794862Z [36;1m  features/company/mailbox-owner-freshness.test.tsx \[0m
2026-10-09T03:21:27.7795245Z [36;1m  features/company/mailbox-retention.test.tsx \[0m
2026-10-09T03:21:27.7795621Z [36;1m  components/company/compose-rich-initial.test.tsx \[0m
2026-10-09T03:21:27.7796009Z [36;1m  components/company/compose-rich-reload.test.tsx \[0m
2026-10-09T03:21:27.7796412Z [36;1m  features/mail/components/rich-message-paste.test.tsx \[0m
2026-10-09T03:21:27.7796828Z [36;1m  features/mail/components/rich-message.test.tsx \[0m
2026-10-09T03:21:27.7797274Z [36;1m  --reporter=json --outputFile=../exec-web-evidence/vitest.json[0m
2026-10-09T03:21:27.7797676Z [36;1mcat ../exec-web-evidence/vitest.json[0m
2026-10-09T03:21:27.7860828Z shell: /usr/bin/bash -e {0}
2026-10-09T03:21:27.7861089Z ##[endgroup]
2026-10-09T03:21:28.3222654Z [33m(!) Your Vite config uses features that are unsupported by `configLoader: 'native'`, which is planned to become the default in a future major version of Vite:
2026-10-09T03:21:28.3224398Z   - ESM syntax in a file loaded as CommonJS (vitest.config.ts:1:1). Use a `.mjs` extension or set `"type": "module"` in the closest package.json
2026-10-09T03:21:28.3226139Z Set `VITE_CONFIG_NATIVE_IGNORE_WARNING=true` to suppress this warning.[39m
2026-10-09T03:21:42.1582578Z JSON report written to /home/runner/work/tabmail/tabmail/exec-web-evidence/vitest.json
2026-10-09T03:21:42.2256255Z {"numTotalTestSuites":20,"numPassedTestSuites":20,"numFailedTestSuites":0,"numPendingTestSuites":0,"numTotalTests":157,"numPassedTests":157,"numFailedTests":0,"numPendingTests":0,"numTodoTests":0,"snapshot":{"added":0,"failure":false,"filesAdded":0,"filesRemoved":0,"filesRemovedList":[],"filesUnmatched":0,"filesUpdated":0,"matched":0,"total":0,"unchecked":0,"uncheckedKeysByFile":[],"unmatched":0,"updated":0,"didUpdate":false},"startTime":1791516088355,"success":true,"testResults":[{"assertionResults":[{"ancestorTitles":["opening formatted drafts without losing HTML"],"fullName":"opening formatted drafts without losing HTML opens a saved HTML draft in the formatted editor without generating an edit","status":"passed","title":"opens a saved HTML draft in the formatted editor without generating an edit","duration":480.2591990000001,"failureMessages":[],"meta":{},"tags":[]},{"ancestorTitles":["opening formatted drafts without losing HTML"],"fullName":"opening formatted drafts without losing HTML preserves formatting in the first edit and explicit draft save after reopening","status":"passed","title":"preserves formatting in the first edit and explicit draft save after reopening","duration":154.18513799999982,"failureMessages":[],"meta":{},"tags":[]},{"ancestorTitles":["opening formatted drafts without losing HTML"],"fullName":"opening formatted drafts without losing HTML preserves formatting in the first autosave after reopening","status":"passed","title":"preserves formatting in the first autosave after reopening","duration":83.41376000000037,"failureMessages":[],"meta":{},"tags":[]},{"ancestorTitles":["opening formatted drafts without losing HTML"],"fullName":"opening formatted drafts without losing HTML opens new reply/forward payloads with HTML in the formatted editor","status":"passed","title":"opens new reply/forward payloads with HTML in the formatted editor","duration":128.56631700000025,"failureMessages":[],"meta":{},"tags":[]},{"ancestorTitles":["opening formatted drafts without losing HTML"],"fullName":"opening formatted drafts without losing HTML requires confirmation before deliberately discarding saved formatting","status":"passed","title":"requires confirmation before deliberately discarding saved formatting","duration":139.28281199999992,"failureMessages":[],"meta":{},"tags":[]},{"ancestorTitles":["opening formatted drafts without losing HTML"],"fullName":"opening formatted drafts without losing HTML allows an explicitly confirmed transition to plain text","status":"passed","title":"allows an explicitly confirmed transition to plain text","duration":128.93990299999996,"failureMessages":[],"meta":{},"tags":[]},{"ancestorTitles":["opening formatted drafts without losing HTML"],"fullName":"opening formatted drafts without losing HTML sanitizes initial HTML before exposing an editable DOM","status":"passed","title":"sanitizes initial HTML before exposing an editable DOM","duration":70.85456400000021,"failureMessages":[],"meta":{},"tags":[]},{"ancestorTitles":["opening formatted drafts without losing HTML"],"fullName":"opening formatted drafts without losing HTML keeps a draft with undefined HTML in plain text mode","status":"passed","title":"keeps a draft with undefined HTML in plain text mode","duration":113.23487999999998,"failureMessages":[],"meta":{},"tags":[]},{"ancestorTitles":["opening formatted drafts without losing HTML"],"fullName":"opening formatted drafts without losing HTML keeps a draft with  HTML in plain text mode","status":"passed","title":"keeps a draft with  HTML in plain text mode","duration":79.10194000000001,"failureMessages":[],"meta":{},"tags":[]},{"ancestorTitles":["opening formatted drafts without losing HTML"],"fullName":"opening formatted drafts without losing HTML still allows a plain draft to opt into formatting","status":"passed","title":"still allows a plain draft to opt into formatting","duration":119.92540499999996,"failureMessages":[],"meta":{},"tags":[]},{"ancestorTitles":["opening formatted drafts without losing HTML"],"fullName":"opening formatted drafts without losing HTML shows newly loaded HTML after a plain draft conflicts and is explicitly reloaded","status":"passed","title":"shows newly loaded HTML after a plain draft conflicts and is explicitly reloaded","duration":252.05397399999993,"failureMessages":[],"meta":{},"tags":[]}],"startTime":1791516097667,"endTime":1791516099417.054,"status":"passed","message":"","name":"/home/runner/work/tabmail/tabmail/web/components/company/compose-rich-initial.test.tsx"},{"assertionResults":[{"ancestorTitles":[],"fullName":"replaces focused rich DOM on confirmed reload and submits subsequent input against the loaded revision","status":"passed","title":"replaces focused rich DOM on confirmed reload and submits subsequent input against the loaded revision","duration":780.377066,"failureMessages":[],"meta":{},"tags":[]},{"ancestorTitles":[],"fullName":"clears focused rich content when the explicitly loaded server draft has an empty body","status":"passed","title":"clears focused rich content when the explicitly loaded server draft has an empty body","duration":318.7013109999998,"failureMessages":[],"meta":{},"tags":[]},{"ancestorTitles":[],"fullName":"loads server plain text as literal text into the existing rich mode","status":"passed","title":"loads server plain text as literal text into the existing rich mode","duration":322.45237399999996,"failureMessages":[],"meta":{},"tags":[]},{"ancestorTitles":[],"fullName":"sanitizes server HTML before replacing focused editable DOM","status":"passed","title":"sanitizes server HTML before replacing focused editable DOM","duration":301.8406789999999,"failureMessages":[],"meta":{},"tags":[]},{"ancestorTitles":[],"fullName":"discards native DOM edits even when the loaded body values equal the last controlled values","status":"passed","title":"discards native DOM edits even when the loaded body values equal the last controlled values","duration":261.75152100000014,"failureMessages":[],"meta":{},"tags":[]},{"ancestorTitles":[],"fullName":"handles successive explicit reloads without remounting or leaving formatted mode","status":"passed","title":"handles successive explicit reloads without remounting or leaving formatted mode","duration":423.1293539999997,"failureMessages":[],"meta":{},"tags":[]},{"ancestorTitles":[],"fullName":"retains current DOM while a reload is pending, then applies its confirmed server body","status":"passed","title":"retains current DOM while a reload is pending, then applies its confirmed server body","duration":216.89717100000053,"failureMessages":[],"meta":{},"tags":[]},{"ancestorTitles":[],"fullName":"a network reload failure preserves current DOM, selection and unsaved input","status":"passed","title":"a network reload failure preserves current DOM, selection and unsaved input","duration":184.2367379999996,"failureMessages":[],"meta":{},"tags":[]},{"ancestorTitles":[],"fullName":"a 503 reload failure preserves current DOM, selection and unsaved input","status":"passed","title":"a 503 reload failure preserves current DOM, selection and unsaved input","duration":150.98199399999976,"failureMessages":[],"meta":{},"tags":[]},{"ancestorTitles":[],"fullName":"a malformed JSON reload failure preserves current DOM, selection and unsaved input","status":"passed","title":"a malformed JSON reload failure preserves current DOM, selection and unsaved input","duration":156.1570500000007,"failureMessages":[],"meta":{},"tags":[]},{"ancestorTitles":[],"fullName":"a wrong draft reload failure preserves current DOM, selection and unsaved input","status":"passed","title":"a wrong draft reload failure preserves current DOM, selection and unsaved input","duration":224.3883049999995,"failureMessages":[],"meta":{},"tags":[]},{"ancestorTitles":[],"fullName":"a invalid revision reload failure preserves current DOM, selection and unsaved input","status":"passed","title":"a invalid revision reload failure preserves current DOM, selection and unsaved input","duration":253.58051799999976,"failureMessages":[],"meta":{},"tags":[]},{"ancestorTitles":[],"fullName":"cancelled reload confirmation keeps the existing rich node and never reads","status":"passed","title":"cancelled reload confirmation keeps the existing rich node and never reads","duration":244.6757630000002,"failureMessages":[],"meta":{},"tags":[]},{"ancestorTitles":[],"fullName":"ordinary input and explicit save preserve the existing rich nodes and caret","status":"passed","title":"ordinary input and explicit save preserve the existing rich nodes and caret","duration":182.35273700000016,"failureMessages":[],"meta":{},"tags":[]},{"ancestorTitles":[],"fullName":"an older autosave acknowledgement does not replace newer focused input or its caret","status":"passed","title":"an older autosave acknowledgement does not replace newer focused input or its caret","duration":139.9034670000001,"failureMessages":[],"meta":{},"tags":[]},{"ancestorTitles":[],"fullName":"keeping edits as a new draft preserves rich DOM and does not act as server reload","status":"passed","title":"keeping edits as a new draft preserves rich DOM and does not act as server reload","duration":272.3745570000001,"failureMessages":[],"meta":{},"tags":[]}],"startTime":1791516090221,"endTime":1791516094655.3745,"status":"passed","message":"","name":"/home/runner/work/tabmail/tabmail/web/components/company/compose-rich-reload.test.tsx"},{"assertionResults":[{"ancestorTitles":["grant conflict review requires an authoritative snapshot"],"fullName":"grant conflict review requires an authoritative snapshot submits the atomic grant revision and preserves explicit false values","status":"passed","title":"submits the atomic grant revision and preserves explicit false values","duration":358.890257,"failureMessages":[],"meta":{},"tags":[]},{"ancestorTitles":["grant conflict review requires an authoritative snapshot"],"fullName":"grant conflict review requires an authoritative snapshot does not clear a 409 by choosing another member from the rejected cache","status":"passed","title":"does not clear a 409 by choosing another member from the rejected cache","duration":162.22648299999992,"failureMessages":[],"meta":{},"tags":[]},{"ancestorTitles":["grant conflict review requires an authoritative snapshot"],"fullName":"grant conflict review requires an authoritative snapshot does not clear a 409 by clearing and reselecting the original member","status":"passed","title":"does not clear a 409 by clearing and reselecting the original member","duration":108.25745599999982,"failureMessages":[],"meta":{},"tags":[]},{"ancestorTitles":["grant conflict review requires an authoritative snapshot"],"fullName":"grant conflict review requires an authoritative snapshot keeps a 409 latched while the administrator edits individual rights","status":"passed","title":"keeps a 409 latched while the administrator edits individual rights","duration":108.63570600000003,"failureMessages":[],"meta":{},"tags":[]},{"ancestorTitles":["grant conflict review requires an authoritative snapshot"],"fullName":"grant conflict review requires an authoritative snapshot does not use a background read and reselection to substitute for explicit conflict review","status":"passed","title":"does not use a background read and reselection to substitute for explicit conflict review","duration":115.51126199999999,"failureMessages":[],"meta":{},"tags":[]},{"ancestorTitles":["grant conflict review requires an authoritative snapshot"],"fullName":"grant conflict review requires an authoritative snapshot preserves the conflicted form when the explicit grant reload fails","status":"passed","title":"preserves the conflicted form when the explicit grant reload fails","duration":106.88125200000013,"failureMessages":[],"meta":{},"tags":[]},{"ancestorTitles":["grant conflict review requires an authoritative snapshot"],"fullName":"grant conflict review requires an authoritative snapshot does not release a failed explicit review after a later background recovery","status":"passed","title":"does not release a failed explicit review after a later background recovery","duration":126.18027799999982,"failureMessages":[],"meta":{},"tags":[]},{"ancestorTitles":["grant conflict review requires an authoritative snapshot"],"fullName":"grant conflict review requires an authoritative snapshot allows a same-revision explicit read after a transient conflict, followed by deliberate review","status":"passed","title":"allows a same-revision explicit read after a transient conflict, followed by deliberate review","duration":101.20397400000002,"failureMessages":[],"meta":{},"tags":[]},{"ancestorTitles":["grant conflict review requires an authoritative snapshot"],"fullName":"grant conflict review requires an authoritative snapshot does not accept a grant revision that moves backwards after a conflict","status":"passed","title":"does not accept a grant revision that moves backwards after a conflict","duration":95.64039000000002,"failureMessages":[],"meta":{},"tags":[]},{"ancestorTitles":["grant conflict review requires an authoritative snapshot"],"fullName":"grant conflict review requires an authoritative snapshot requires deliberate member review after an explicit read of the new revision","status":"passed","title":"requires deliberate member review after an explicit read of the new revision","duration":117.27975900000001,"failureMessages":[],"meta":{},"tags":[]},{"ancestorTitles":["grant conflict review requires an authoritative snapshot"],"fullName":"grant conflict review requires an authoritative snapshot holds the write gate until an explicit reload has actually completed","status":"passed","title":"holds the write gate until an explicit reload has actually completed","duration":106.91558900000018,"failureMessages":[],"meta":{},"tags":[]},{"ancestorTitles":["grant conflict review requires an authoritative snapshot"],"fullName":"grant conflict review requires an authoritative snapshot does not admit writes from an older snapshot while background revalidation is pending","status":"passed","title":"does not admit writes from an older snapshot while background revalidation is pending","duration":70.42179499999975,"failureMessages":[],"meta":{},"tags":[]},{"ancestorTitles":["grant conflict review requires an authoritative snapshot"],"fullName":"grant conflict review requires an authoritative snapshot does not bind a cached revision when a member is selected during revalidation","status":"passed","title":"does not bind a cached revision when a member is selected during revalidation","duration":44.06102699999974,"failureMessages":[],"meta":{},"tags":[]},{"ancestorTitles":["grant conflict review requires an authoritative snapshot"],"fullName":"grant conflict review requires an authoritative snapshot preserves unsaved rights and blocks saving when a normal explicit reload fails","status":"passed","title":"preserves unsaved rights and blocks saving when a normal explicit reload fails","duration":40.47807299999977,"failureMessages":[],"meta":{},"tags":[]},{"ancestorTitles":["grant conflict review requires an authoritative snapshot"],"fullName":"grant conflict review requires an authoritative snapshot preserves the conflict if refreshing the surrounding mailbox list fails","status":"passed","title":"preserves the conflict if refreshing the surrounding mailbox list fails","duration":50.68427800000018,"failureMessages":[],"meta":{},"tags":[]},{"ancestorTitles":["grant conflict review requires an authoritative snapshot"],"fullName":"grant conflict review requires an authoritative snapshot requires a completed first read and deliberate selection before any write","status":"passed","title":"requires a completed first read and deliberate selection before any write","duration":69.78377199999977,"failureMessages":[],"meta":{},"tags":[]}],"startTime":1791516090239,"endTime":1791516092022.7837,"status":"passed","message":"","name":"/home/runner/work/tabmail/tabmail/web/components/company/grants-conflict-review.test.tsx"},{"assertionResults":[{"ancestorTitles":["GrantEditor optimistic concurrency"],"fullName":"GrantEditor optimistic concurrency uses the atomic grant snapshot version rather than the parent mailbox version","status":"passed","title":"uses the atomic grant snapshot version rather than the parent mailbox version","duration":299.359056,"failureMessages":[],"meta":{},"tags":[]},{"ancestorTitles":["GrantEditor optimistic concurrency"],"fullName":"GrantEditor optimistic concurrency never replays a conflicted form; reload and member review use the new snapshot","status":"passed","title":"never replays a conflicted form; reload and member review use the new snapshot","duration":105.95258400000012,"failureMessages":[],"meta":{},"tags":[]}],"startTime":1791516100946,"endTime":1791516101351.9526,"status":"passed","message":"","name":"/home/runner/work/tabmail/tabmail/web/components/company/grants.test.tsx"},{"assertionResults":[{"ancestorTitles":["mailbox lifecycle revision review"],"fullName":"mailbox lifecycle revision review preserves the personal lifecycle endpoint, revision and exact reason","status":"passed","title":"preserves the personal lifecycle endpoint, revision and exact reason","duration":379.0948599999999,"failureMessages":[],"meta":{},"tags":[]},{"ancestorTitles":["mailbox lifecycle revision review"],"fullName":"mailbox lifecycle revision review preserves the legacy lifecycle endpoint, revision and exact reason","status":"passed","title":"preserves the legacy lifecycle endpoint, revision and exact reason","duration":73.30382700000018,"failureMessages":[],"meta":{},"tags":[]},{"ancestorTitles":["mailbox lifecycle revision review"],"fullName":"mailbox lifecycle revision review keeps a personal 409 locked until an explicit successful review","status":"passed","title":"keeps a personal 409 locked until an explicit successful review","duration":116.95639299999993,"failureMessages":[],"meta":{},"tags":[]},{"ancestorTitles":["mailbox lifecycle revision review"],"fullName":"mailbox lifecycle revision review keeps a legacy 409 locked until an explicit successful review","status":"passed","title":"keeps a legacy 409 locked until an explicit successful review","duration":55.66647400000011,"failureMessages":[],"meta":{},"tags":[]},{"ancestorTitles":["mailbox lifecycle revision review"],"fullName":"mailbox lifecycle revision review does not unlock a conflict after target edits or away-and-back selection","status":"passed","title":"does not unlock a conflict after target edits or away-and-back selection","duration":118.83614200000011,"failureMessages":[],"meta":{},"tags":[]},{"ancestorTitles":["mailbox lifecycle revision review"],"fullName":"mailbox lifecycle revision review does not rebase a rejected handover onto a background mailbox revision","status":"passed","title":"does not rebase a rejected handover onto a background mailbox revision","duration":78.26217099999985,"failureMessages":[],"meta":{},"tags":[]},{"ancestorTitles":["mailbox lifecycle revision review"],"fullName":"mailbox lifecycle revision review pins a dirty lifecycle draft before its first submission","status":"passed","title":"pins a dirty lifecycle draft before its first submission","duration":78.33807999999999,"failureMessages":[],"meta":{},"tags":[]},{"ancestorTitles":["mailbox lifecycle revision review"],"fullName":"mailbox lifecycle revision review a failed mailbox read cannot release a conflict","status":"passed","title":"a failed mailbox read cannot release a conflict","duration":111.34097999999994,"failureMessages":[],"meta":{},"tags":[]},{"ancestorTitles":["mailbox lifecycle revision review"],"fullName":"mailbox lifecycle revision review a older mailbox read cannot release a conflict","status":"passed","title":"a older mailbox read cannot release a conflict","duration":118.02090899999985,"failureMessages":[],"meta":{},"tags":[]},{"ancestorTitles":["mailbox lifecycle revision review"],"fullName":"mailbox lifecycle revision review a missing mailbox read cannot release a conflict","status":"passed","title":"a missing mailbox read cannot release a conflict","duration":123.26965399999972,"failureMessages":[],"meta":{},"tags":[]},{"ancestorTitles":["mailbox lifecycle revision review"],"fullName":"mailbox lifecycle revision review a duplicate mailbox read cannot release a conflict","status":"passed","title":"a duplicate mailbox read cannot release a conflict","duration":93.68831099999989,"failureMessages":[],"meta":{},"tags":[]},{"ancestorTitles":["mailbox lifecycle revision review"],"fullName":"mailbox lifecycle revision review a other tenant mailbox read cannot release a conflict","status":"passed","title":"a other tenant mailbox read cannot release a conflict","duration":121.5006800000001,"failureMessages":[],"meta":{},"tags":[]},{"ancestorTitles":["mailbox lifecycle revision review"],"fullName":"mailbox lifecycle revision review a invalid revision mailbox read cannot release a conflict","status":"passed","title":"a invalid revision mailbox read cannot release a conflict","duration":115.168408,"failureMessages":[],"meta":{},"tags":[]},{"ancestorTitles":["mailbox lifecycle revision review"],"fullName":"mailbox lifecycle revision review requires acknowledgement and submits the actually reviewed revision 9","status":"passed","title":"requires acknowledgement and submits the actually reviewed revision 9","duration":154.2299350000003,"failureMessages":[],"meta":{},"tags":[]},{"ancestorTitles":["mailbox lifecycle revision review"],"fullName":"mailbox lifecycle revision review requires acknowledgement and submits the actually reviewed revision 13","status":"passed","title":"requires acknowledgement and submits the actually reviewed revision 13","duration":124.29346299999997,"failureMessages":[],"meta":{},"tags":[]},{"ancestorTitles":["mailbox lifecycle revision review"],"fullName":"mailbox lifecycle revision review does not keep a reviewed owner as the next transfer target","status":"passed","title":"does not keep a reviewed owner as the next transfer target","duration":118.58041699999967,"failureMessages":[],"meta":{},"tags":[]},{"ancestorTitles":["mailbox lifecycle revision review"],"fullName":"mailbox lifecycle revision review requires acknowledgement before a reviewed legacy conversion","status":"passed","title":"requires acknowledgement before a reviewed legacy conversion","duration":87.82575399999996,"failureMessages":[],"meta":{},"tags":[]},{"ancestorTitles":["mailbox lifecycle revision review"],"fullName":"mailbox lifecycle revision review preserves a successful receipt when parent refresh fails, without enabling a replay","status":"passed","title":"preserves a successful receipt when parent refresh fails, without enabling a replay","duration":50.12766899999997,"failureMessages":[],"meta":{},"tags":[]},{"ancestorTitles":["mailbox lifecycle revision review"],"fullName":"mailbox lifecycle revision review requires review after an unknown or unavailable write result","status":"passed","title":"requires review after an unknown or unavailable write result","duration":43.93913100000009,"failureMessages":[],"meta":{},"tags":[]},{"ancestorTitles":["mailbox lifecycle revision review"],"fullName":"mailbox lifecycle revision review does not adopt a review that overlaps a newer local draft","status":"passed","title":"does not adopt a review that overlaps a newer local draft","duration":75.77907199999981,"failureMessages":[],"meta":{},"tags":[]},{"ancestorTitles":["mailbox lifecycle revision review"],"fullName":"mailbox lifecycle revision review does not admit duplicate lifecycle writes before React renders busy","status":"passed","title":"does not admit duplicate lifecycle writes before React renders busy","duration":36.22893000000022,"failureMessages":[],"meta":{},"tags":[]}],"startTime":1791516093753,"endTime":1791516096028.229,"status":"passed","message":"","name":"/home/runner/work/tabmail/tabmail/web/components/company/mailbox-lifecycle-review.test.tsx"},{"assertionResults":[{"ancestorTitles":["mailbox creation request and draft ownership"],"fullName":"mailbox creation request and draft ownership clears an unchanged successful local part while retaining resource type and retention","status":"passed","title":"clears an unchanged successful local part while retaining resource type and retention","duration":562.7911039999999,"failureMessages":[],"meta":{},"tags":[]},{"ancestorTitles":["mailbox creation request and draft ownership"],"fullName":"mailbox creation request and draft ownership keeps a newer local part when the previous creation succeeds","status":"passed","title":"keeps a newer local part when the previous creation succeeds","duration":187.7232570000001,"failureMessages":[],"meta":{},"tags":[]},{"ancestorTitles":["mailbox creation request and draft ownership"],"fullName":"mailbox creation request and draft ownership does not clear a new A → B → A local part intent","status":"passed","title":"does not clear a new A → B → A local part intent","duration":158.76327800000035,"failureMessages":[],"meta":{},"tags":[]},{"ancestorTitles":["mailbox creation request and draft ownership"],"fullName":"mailbox creation request and draft ownership does not clear a new A → B → A retention intent","status":"passed","title":"does not clear a new A → B → A retention intent","duration":137.36607400000003,"failureMessages":[],"meta":{},"tags":[]},{"ancestorTitles":["mailbox creation request and draft ownership"],"fullName":"mailbox creation request and draft ownership does not clear a new A → B → A resource type intent","status":"passed","title":"does not clear a new A → B → A resource type intent","duration":118.50488700000005,"failureMessages":[],"meta":{},"tags":[]},{"ancestorTitles":["mailbox creation request and draft ownership"],"fullName":"mailbox creation request and draft ownership keeps a different personal owner and the new resource intent after a pending shared creation","status":"passed","title":"keeps a different personal owner and the new resource intent after a pending shared creation","duration":130.157956,"failureMessages":[],"meta":{},"tags":[]},{"ancestorTitles":["mailbox creation request and draft ownership"],"fullName":"mailbox creation request and draft ownership keeps an A → B → A owner reselection independent of an older personal creation","status":"passed","title":"keeps an A → B → A owner reselection independent of an older personal creation","duration":171.11237699999992,"failureMessages":[],"meta":{},"tags":[]},{"ancestorTitles":["mailbox creation request and draft ownership"],"fullName":"mailbox creation request and draft ownership does not clear the unfinished local part when a directory refresh retires the submitted owner","status":"passed","title":"does not clear the unfinished local part when a directory refresh retires the submitted owner","duration":144.7781530000002,"failureMessages":[],"meta":{},"tags":[]},{"ancestorTitles":["mailbox creation request and draft ownership"],"fullName":"mailbox creation request and draft ownership preserves a newer managed-mailbox selection when creation finishes","status":"passed","title":"preserves a newer managed-mailbox selection when creation finishes","duration":154.650482,"failureMessages":[],"meta":{},"tags":[]},{"ancestorTitles":["mailbox creation request and draft ownership"],"fullName":"mailbox creation request and draft ownership suppresses a retired page's creation side effects (failure=false)","status":"passed","title":"suppresses a retired page's creation side effects (failure=false)","duration":119.40053699999999,"failureMessages":[],"meta":{},"tags":[]},{"ancestorTitles":["mailbox creation request and draft ownership"],"fullName":"mailbox creation request and draft ownership suppresses a retired page's creation side effects (failure=true)","status":"passed","title":"suppresses a retired page's creation side effects (failure=true)","duration":115.90163600000005,"failureMessages":[],"meta":{},"tags":[]},{"ancestorTitles":["mailbox creation request and draft ownership"],"fullName":"mailbox creation request and draft ownership lets the new account create while an older session request remains pending","status":"passed","title":"lets the new account create while an older session request remains pending","duration":149.35558100000026,"failureMessages":[],"meta":{},"tags":[]},{"ancestorTitles":["mailbox creation request and draft ownership"],"fullName":"mailbox creation request and draft ownership lets the new tenant create while an older session request remains pending","status":"passed","title":"lets the new tenant create while an older session request remains pending","duration":122.54277999999977,"failureMessages":[],"meta":{},"tags":[]},{"ancestorTitles":["mailbox creation request and draft ownership"],"fullName":"mailbox creation request and draft ownership lets the new role create while an older session request remains pending","status":"passed","title":"lets the new role create while an older session request remains pending","duration":151.20916899999975,"failureMessages":[],"meta":{},"tags":[]},{"ancestorTitles":["mailbox creation request and draft ownership"],"fullName":"mailbox creation request and draft ownership keeps an active creation and its busy state across token-only rotation","status":"passed","title":"keeps an active creation and its busy state across token-only rotation","duration":106.5412040000001,"failureMessages":[],"meta":{},"tags":[]},{"ancestorTitles":["mailbox creation request and draft ownership"],"fullName":"mailbox creation request and draft ownership blocks synchronous duplicate clicks without sending a second non-idempotent create","status":"passed","title":"blocks synchronous duplicate clicks without sending a second non-idempotent create","duration":116.75400300000001,"failureMessages":[],"meta":{},"tags":[]},{"ancestorTitles":["mailbox creation request and draft ownership"],"fullName":"mailbox creation request and draft ownership keeps current input and owner after a rejected personal creation","status":"passed","title":"keeps current input and owner after a rejected personal creation","duration":131.97695599999952,"failureMessages":[],"meta":{},"tags":[]},{"ancestorTitles":["mailbox creation request and draft ownership"],"fullName":"mailbox creation request and draft ownership keeps an acknowledged creation separate from failed mailbox-list readback and retries only reads","status":"passed","title":"keeps an acknowledged creation separate from failed mailbox-list readback and retries only reads","duration":165.49396400000023,"failureMessages":[],"meta":{},"tags":[]},{"ancestorTitles":["mailbox creation request and draft ownership"],"fullName":"mailbox creation request and draft ownership does not clear edits made while the post-create list refresh is pending","status":"passed","title":"does not clear edits made while the post-create list refresh is pending","duration":135.26241899999968,"failureMessages":[],"meta":{},"tags":[]}],"startTime":1791516090283,"endTime":1791516093364.2625,"status":"passed","message":"","name":"/home/runner/work/tabmail/tabmail/web/features/company/mailbox-create-ownership.test.tsx"},{"assertionResults":[{"ancestorTitles":["personal mailbox owner eligibility"],"fullName":"personal mailbox owner eligibility waits for the initial directory before allowing an explicit owner selection","status":"passed","title":"waits for the initial directory before allowing an explicit owner selection","duration":569.62994,"failureMessages":[],"meta":{},"tags":[]},{"ancestorTitles":["personal mailbox owner eligibility"],"fullName":"personal mailbox owner eligibility creates a personal mailbox from an explicitly selected current active owner with retention zero","status":"passed","title":"creates a personal mailbox from an explicitly selected current active owner with retention zero","duration":193.25650900000028,"failureMessages":[],"meta":{},"tags":[]},{"ancestorTitles":["personal mailbox owner eligibility"],"fullName":"personal mailbox owner eligibility does not invent a ban on active admin owners","status":"passed","title":"does not invent a ban on active admin owners","duration":208.42625099999987,"failureMessages":[],"meta":{},"tags":[]},{"ancestorTitles":["personal mailbox owner eligibility"],"fullName":"personal mailbox owner eligibility does not invent a ban on active super_admin owners","status":"passed","title":"does not invent a ban on active super_admin owners","duration":221.08122400000002,"failureMessages":[],"meta":{},"tags":[]},{"ancestorTitles":["personal mailbox owner eligibility"],"fullName":"personal mailbox owner eligibility retires a frozen selected owner and requires explicit reselection if that id becomes eligible again","status":"passed","title":"retires a frozen selected owner and requires explicit reselection if that id becomes eligible again","duration":394.7370289999999,"failureMessages":[],"meta":{},"tags":[]},{"ancestorTitles":["personal mailbox owner eligibility"],"fullName":"personal mailbox owner eligibility retires a removed selected owner and requires explicit reselection if that id becomes eligible again","status":"passed","title":"retires a removed selected owner and requires explicit reselection if that id becomes eligible again","duration":351.8878459999996,"failureMessages":[],"meta":{},"tags":[]},{"ancestorTitles":["personal mailbox owner eligibility"],"fullName":"personal mailbox owner eligibility retires a foreign-tenant selected owner and requires explicit reselection if that id becomes eligible again","status":"passed","title":"retires a foreign-tenant selected owner and requires explicit reselection if that id becomes eligible again","duration":375.033332,"failureMessages":[],"meta":{},"tags":[]},{"ancestorTitles":["personal mailbox owner eligibility"],"fullName":"personal mailbox owner eligibility blocks creation during revalidation and keeps the selection if the successful directory still contains the owner","status":"passed","title":"blocks creation during revalidation and keeps the selection if the successful directory still contains the owner","duration":269.81193600000006,"failureMessages":[],"meta":{},"tags":[]},{"ancestorTitles":["personal mailbox owner eligibility"],"fullName":"personal mailbox owner eligibility rejects a cached owner after directory 503 and requires a successful read plus a new selection","status":"passed","title":"rejects a cached owner after directory 503 and requires a successful read plus a new selection","duration":391.13488999999936,"failureMessages":[],"meta":{},"tags":[]},{"ancestorTitles":["personal mailbox owner eligibility"],"fullName":"personal mailbox owner eligibility rejects a cached owner after directory 403 and requires a successful read plus a new selection","status":"passed","title":"rejects a cached owner after directory 403 and requires a successful read plus a new selection","duration":341.7613730000003,"failureMessages":[],"meta":{},"tags":[]},{"ancestorTitles":["personal mailbox owner eligibility"],"fullName":"personal mailbox owner eligibility rejects a cached owner after directory network and requires a successful read plus a new selection","status":"passed","title":"rejects a cached owner after directory network and requires a successful read plus a new selection","duration":345.9922550000001,"failureMessages":[],"meta":{},"tags":[]},{"ancestorTitles":["personal mailbox owner eligibility"],"fullName":"personal mailbox owner eligibility does not accept a partial directory when a later page fails","status":"passed","title":"does not accept a partial directory when a later page fails","duration":204.10722499999974,"failureMessages":[],"meta":{},"tags":[]},{"ancestorTitles":["personal mailbox owner eligibility"],"fullName":"personal mailbox owner eligibility does not revive a hidden personal owner after a removed directory refresh","status":"passed","title":"does not revive a hidden personal owner after a removed directory refresh","duration":371.44413299999997,"failureMessages":[],"meta":{},"tags":[]},{"ancestorTitles":["personal mailbox owner eligibility"],"fullName":"personal mailbox owner eligibility does not revive a hidden personal owner after a failed-read directory refresh","status":"passed","title":"does not revive a hidden personal owner after a failed-read directory refresh","duration":365.87777499999993,"failureMessages":[],"meta":{},"tags":[]},{"ancestorTitles":["personal mailbox owner eligibility"],"fullName":"personal mailbox owner eligibility keeps shared creation independent of a loading member directory","status":"passed","title":"keeps shared creation independent of a loading member directory","duration":117.3435499999996,"failureMessages":[],"meta":{},"tags":[]},{"ancestorTitles":["personal mailbox owner eligibility"],"fullName":"personal mailbox owner eligibility keeps shared creation independent of a failed member directory","status":"passed","title":"keeps shared creation independent of a failed member directory","duration":113.09738899999957,"failureMessages":[],"meta":{},"tags":[]},{"ancestorTitles":["personal mailbox owner eligibility"],"fullName":"personal mailbox owner eligibility does not discard a valid owner because only the separate mailbox list failed","status":"passed","title":"does not discard a valid owner because only the separate mailbox list failed","duration":197.9815440000002,"failureMessages":[],"meta":{},"tags":[]},{"ancestorTitles":["personal mailbox owner eligibility"],"fullName":"personal mailbox owner eligibility does not carry an owner selection across a account boundary even if the same id is listed again","status":"passed","title":"does not carry an owner selection across a account boundary even if the same id is listed again","duration":274.29231900000013,"failureMessages":[],"meta":{},"tags":[]},{"ancestorTitles":["personal mailbox owner eligibility"],"fullName":"personal mailbox owner eligibility does not carry an owner selection across a tenant boundary even if the same id is listed again","status":"passed","title":"does not carry an owner selection across a tenant boundary even if the same id is listed again","duration":332.0340780000006,"failureMessages":[],"meta":{},"tags":[]},{"ancestorTitles":["personal mailbox owner eligibility"],"fullName":"personal mailbox owner eligibility does not carry an owner selection across a role boundary even if the same id is listed again","status":"passed","title":"does not carry an owner selection across a role boundary even if the same id is listed again","duration":317.15553199999977,"failureMessages":[],"meta":{},"tags":[]},{"ancestorTitles":["personal mailbox owner eligibility"],"fullName":"personal mailbox owner eligibility retains the selected owner through token-only rotation within the same session","status":"passed","title":"retains the selected owner through token-only rotation within the same session","duration":202.7246099999993,"failureMessages":[],"meta":{},"tags":[]}],"startTime":1791516095034,"endTime":1791516101193.7246,"status":"passed","message":"","name":"/home/runner/work/tabmail/tabmail/web/features/company/mailbox-owner-freshness.test.tsx"},{"assertionResults":[{"ancestorTitles":["company mailbox retention input"],"fullName":"company mailbox retention input creates a shared mailbox with the explicit whole-hour value 0","status":"passed","title":"creates a shared mailbox with the explicit whole-hour value 0","duration":279.672139,"failureMessages":[],"meta":{},"tags":[]},{"ancestorTitles":["company mailbox retention input"],"fullName":"company mailbox retention input creates a shared mailbox with the explicit whole-hour value 1","status":"passed","title":"creates a shared mailbox with the explicit whole-hour value 1","duration":79.6107770000001,"failureMessages":[],"meta":{},"tags":[]},{"ancestorTitles":["company mailbox retention input"],"fullName":"company mailbox retention input creates a shared mailbox with the explicit whole-hour value 876000","status":"passed","title":"creates a shared mailbox with the explicit whole-hour value 876000","duration":66.95961799999986,"failureMessages":[],"meta":{},"tags":[]},{"ancestorTitles":["company mailbox retention input"],"fullName":"company mailbox retention input creates a shared mailbox with the explicit whole-hour value 00024","status":"passed","title":"creates a shared mailbox with the explicit whole-hour value 00024","duration":59.83368999999993,"failureMessages":[],"meta":{},"tags":[]},{"ancestorTitles":["company mailbox retention input"],"fullName":"company mailbox retention input creates a shared mailbox with the explicit whole-hour value 1e3","status":"passed","title":"creates a shared mailbox with the explicit whole-hour value 1e3","duration":51.25366000000031,"failureMessages":[],"meta":{},"tags":[]},{"ancestorTitles":["company mailbox retention input"],"fullName":"company mailbox retention input blocks the invalid shared retention input \"\" without creating a mailbox","status":"passed","title":"blocks the invalid shared retention input \"\" without creating a mailbox","duration":32.31935700000031,"failureMessages":[],"meta":{},"tags":[]},{"ancestorTitles":["company mailbox retention input"],"fullName":"company mailbox retention input blocks the invalid shared retention input \"-1\" without creating a mailbox","status":"passed","title":"blocks the invalid shared retention input \"-1\" without creating a mailbox","duration":36.06349,"failureMessages":[],"meta":{},"tags":[]},{"ancestorTitles":["company mailbox retention input"],"fullName":"company mailbox retention input blocks the invalid shared retention input \"1.5\" without creating a mailbox","status":"passed","title":"blocks the invalid shared retention input \"1.5\" without creating a mailbox","duration":47.895596000000296,"failureMessages":[],"meta":{},"tags":[]},{"ancestorTitles":["company mailbox retention input"],"fullName":"company mailbox retention input blocks the invalid shared retention input \"876001\" without creating a mailbox","status":"passed","title":"blocks the invalid shared retention input \"876001\" without creating a mailbox","duration":42.84834799999999,"failureMessages":[],"meta":{},"tags":[]},{"ancestorTitles":["company mailbox retention input"],"fullName":"company mailbox retention input blocks the invalid shared retention input \"9007199254740992\" without creating a mailbox","status":"passed","title":"blocks the invalid shared retention input \"9007199254740992\" without creating a mailbox","duration":51.09751600000027,"failureMessages":[],"meta":{},"tags":[]},{"ancestorTitles":["company mailbox retention input"],"fullName":"company mailbox retention input blocks the invalid shared retention input \"1e309\" without creating a mailbox","status":"passed","title":"blocks the invalid shared retention input \"1e309\" without creating a mailbox","duration":47.633060000000114,"failureMessages":[],"meta":{},"tags":[]},{"ancestorTitles":["company mailbox retention input"],"fullName":"company mailbox retention input keeps a cleared retention field empty until the user explicitly chooses permanent storage","status":"passed","title":"keeps a cleared retention field empty until the user explicitly chooses permanent storage","duration":74.34544100000039,"failureMessages":[],"meta":{},"tags":[]},{"ancestorTitles":["company mailbox retention input"],"fullName":"company mailbox retention input ignores hidden shared retention \"\" for a personal mailbox","status":"passed","title":"ignores hidden shared retention \"\" for a personal mailbox","duration":60.36183399999982,"failureMessages":[],"meta":{},"tags":[]},{"ancestorTitles":["company mailbox retention input"],"fullName":"company mailbox retention input ignores hidden shared retention \"-1\" for a personal mailbox","status":"passed","title":"ignores hidden shared retention \"-1\" for a personal mailbox","duration":58.39333399999987,"failureMessages":[],"meta":{},"tags":[]},{"ancestorTitles":["company mailbox retention input"],"fullName":"company mailbox retention input ignores hidden shared retention \"1.5\" for a personal mailbox","status":"passed","title":"ignores hidden shared retention \"1.5\" for a personal mailbox","duration":54.93317699999989,"failureMessages":[],"meta":{},"tags":[]},{"ancestorTitles":["company mailbox retention input"],"fullName":"company mailbox retention input ignores hidden shared retention \"876001\" for a personal mailbox","status":"passed","title":"ignores hidden shared retention \"876001\" for a personal mailbox","duration":49.56164200000012,"failureMessages":[],"meta":{},"tags":[]},{"ancestorTitles":["company mailbox retention input"],"fullName":"company mailbox retention input restores the invalid shared input after visiting the personal form","status":"passed","title":"restores the invalid shared input after visiting the personal form","duration":45.25261499999988,"failureMessages":[],"meta":{},"tags":[]},{"ancestorTitles":["company mailbox retention input"],"fullName":"company mailbox retention input keeps the selected shared retention intact when the server rejects creation","status":"passed","title":"keeps the selected shared retention intact when the server rejects creation","duration":43.456114999999954,"failureMessages":[],"meta":{},"tags":[]},{"ancestorTitles":[],"fullName":"rejects fractional intent 1e-324 even if Number rounds it to an integer","status":"passed","title":"rejects fractional intent 1e-324 even if Number rounds it to an integer","duration":34.195436999999856,"failureMessages":[],"meta":{},"tags":[]},{"ancestorTitles":[],"fullName":"rejects fractional intent 1.0000000000000001 even if Number rounds it to an integer","status":"passed","title":"rejects fractional intent 1.0000000000000001 even if Number rounds it to an integer","duration":31.766771000000062,"failureMessages":[],"meta":{},"tags":[]},{"ancestorTitles":[],"fullName":"rejects fractional intent 876000.00000000001 even if Number rounds it to an integer","status":"passed","title":"rejects fractional intent 876000.00000000001 even if Number rounds it to an integer","duration":27.093042999999852,"failureMessages":[],"meta":{},"tags":[]},{"ancestorTitles":[],"fullName":"preserves an exact whole-hour decimal 1.20e1","status":"passed","title":"preserves an exact whole-hour decimal 1.20e1","duration":30.657881999999972,"failureMessages":[],"meta":{},"tags":[]},{"ancestorTitles":[],"fullName":"preserves an exact whole-hour decimal 12.000","status":"passed","title":"preserves an exact whole-hour decimal 12.000","duration":35.8968090000003,"failureMessages":[],"meta":{},"tags":[]},{"ancestorTitles":[],"fullName":"preserves an exact whole-hour decimal 0e-324","status":"passed","title":"preserves an exact whole-hour decimal 0e-324","duration":49.791138000000046,"failureMessages":[],"meta":{},"tags":[]}],"startTime":1791516099450,"endTime":1791516100842.7913,"status":"passed","message":"","name":"/home/runner/work/tabmail/tabmail/web/features/company/mailbox-retention.test.tsx"},{"assertionResults":[{"ancestorTitles":["rich message paste Range ownership"],"fullName":"rich message paste Range ownership rejects a genuine after-forward boundary crossing without mutating any DOM","status":"passed","title":"rejects a genuine after-forward boundary crossing without mutating any DOM","duration":267.3372800000002,"failureMessages":[],"meta":{},"tags":[]},{"ancestorTitles":["rich message paste Range ownership"],"fullName":"rich message paste Range ownership rejects a genuine after-backward boundary crossing without mutating any DOM","status":"passed","title":"rejects a genuine after-backward boundary crossing without mutating any DOM","duration":77.82484700000032,"failureMessages":[],"meta":{},"tags":[]},{"ancestorTitles":["rich message paste Range ownership"],"fullName":"rich message paste Range ownership rejects a genuine before-backward boundary crossing without mutating any DOM","status":"passed","title":"rejects a genuine before-backward boundary crossing without mutating any DOM","duration":69.41303999999991,"failureMessages":[],"meta":{},"tags":[]},{"ancestorTitles":["rich message paste Range ownership"],"fullName":"rich message paste Range ownership rejects a genuine before-forward boundary crossing without mutating any DOM","status":"passed","title":"rejects a genuine before-forward boundary crossing without mutating any DOM","duration":53.37898700000005,"failureMessages":[],"meta":{},"tags":[]},{"ancestorTitles":["rich message paste Range ownership"],"fullName":"rich message paste Range ownership rejects a forward selection spanning two editors","status":"passed","title":"rejects a forward selection spanning two editors","duration":51.820406000000276,"failureMessages":[],"meta":{},"tags":[]},{"ancestorTitles":["rich message paste Range ownership"],"fullName":"rich message paste Range ownership rejects a backward selection spanning two editors","status":"passed","title":"rejects a backward selection spanning two editors","duration":47.23824000000013,"failureMessages":[],"meta":{},"tags":[]},{"ancestorTitles":["rich message paste Range ownership"],"fullName":"rich message paste Range ownership does not use a selection wholly within another editor","status":"passed","title":"does not use a selection wholly within another editor","duration":47.859281999999894,"failureMessages":[],"meta":{},"tags":[]},{"ancestorTitles":["rich message paste Range ownership"],"fullName":"rich message paste Range ownership does not insert into an outside caret","status":"passed","title":"does not insert into an outside caret","duration":31.096082999999908,"failureMessages":[],"meta":{},"tags":[]},{"ancestorTitles":["rich message paste Range ownership"],"fullName":"rich message paste Range ownership does not insert when there is no selection","status":"passed","title":"does not insert when there is no selection","duration":28.968602999999803,"failureMessages":[],"meta":{},"tags":[]},{"ancestorTitles":["rich message paste Range ownership"],"fullName":"rich message paste Range ownership does not change DOM or emit for a caret selection after disabled is committed","status":"passed","title":"does not change DOM or emit for a caret selection after disabled is committed","duration":34.13160599999992,"failureMessages":[],"meta":{},"tags":[]},{"ancestorTitles":["rich message paste Range ownership"],"fullName":"rich message paste Range ownership does not change DOM or emit for a forward selection after disabled is committed","status":"passed","title":"does not change DOM or emit for a forward selection after disabled is committed","duration":33.35404900000003,"failureMessages":[],"meta":{},"tags":[]},{"ancestorTitles":["rich message paste Range ownership"],"fullName":"rich message paste Range ownership does not change DOM or emit for a backward selection after disabled is committed","status":"passed","title":"does not change DOM or emit for a backward selection after disabled is committed","duration":36.07884100000001,"failureMessages":[],"meta":{},"tags":[]},{"ancestorTitles":["rich message paste Range ownership"],"fullName":"rich message paste Range ownership resumes normal paste when the same editor is enabled again","status":"passed","title":"resumes normal paste when the same editor is enabled again","duration":80.95872700000018,"failureMessages":[],"meta":{},"tags":[]},{"ancestorTitles":["contained paste controls"],"fullName":"contained paste controls inserts at the start caret and leaves it immediately after pasted text","status":"passed","title":"inserts at the start caret and leaves it immediately after pasted text","duration":37.518958999999995,"failureMessages":[],"meta":{},"tags":[]},{"ancestorTitles":["contained paste controls"],"fullName":"contained paste controls inserts at the middle caret and leaves it immediately after pasted text","status":"passed","title":"inserts at the middle caret and leaves it immediately after pasted text","duration":42.418768999999884,"failureMessages":[],"meta":{},"tags":[]},{"ancestorTitles":["contained paste controls"],"fullName":"contained paste controls inserts at the end caret and leaves it immediately after pasted text","status":"passed","title":"inserts at the end caret and leaves it immediately after pasted text","duration":52.23417699999982,"failureMessages":[],"meta":{},"tags":[]},{"ancestorTitles":["contained paste controls"],"fullName":"contained paste controls inserts at the empty caret and leaves it immediately after pasted text","status":"passed","title":"inserts at the empty caret and leaves it immediately after pasted text","duration":40.36024899999984,"failureMessages":[],"meta":{},"tags":[]},{"ancestorTitles":["contained paste controls"],"fullName":"contained paste controls replaces a contained forward selection once","status":"passed","title":"replaces a contained forward selection once","duration":36.352592000000186,"failureMessages":[],"meta":{},"tags":[]},{"ancestorTitles":["contained paste controls"],"fullName":"contained paste controls replaces a contained backward selection once","status":"passed","title":"replaces a contained backward selection once","duration":37.18030399999998,"failureMessages":[],"meta":{},"tags":[]},{"ancestorTitles":["contained paste controls"],"fullName":"contained paste controls replaces a forward range across nested formatting nodes","status":"passed","title":"replaces a forward range across nested formatting nodes","duration":42.67248100000006,"failureMessages":[],"meta":{},"tags":[]},{"ancestorTitles":["contained paste controls"],"fullName":"contained paste controls replaces a backward range across nested formatting nodes","status":"passed","title":"replaces a backward range across nested formatting nodes","duration":32.116175999999996,"failureMessages":[],"meta":{},"tags":[]},{"ancestorTitles":["contained paste controls"],"fullName":"contained paste controls accepts an editor-root selection of all children","status":"passed","title":"accepts an editor-root selection of all children","duration":35.95240100000001,"failureMessages":[],"meta":{},"tags":[]},{"ancestorTitles":["contained paste controls"],"fullName":"contained paste controls accepts a caret between editor-root children","status":"passed","title":"accepts a caret between editor-root children","duration":27.9771539999997,"failureMessages":[],"meta":{},"tags":[]},{"ancestorTitles":["contained paste controls"],"fullName":"contained paste controls inserts clipboard markup and line breaks as literal text and emits sanitized HTML","status":"passed","title":"inserts clipboard markup and line breaks as literal text and emits sanitized HTML","duration":20.66465900000003,"failureMessages":[],"meta":{},"tags":[]},{"ancestorTitles":["contained paste controls"],"fullName":"contained paste controls preserves the existing empty-clipboard replacement behavior","status":"passed","title":"preserves the existing empty-clipboard replacement behavior","duration":23.106178,"failureMessages":[],"meta":{},"tags":[]}],"startTime":1791516096479,"endTime":1791516097768.1062,"status":"passed","message":"","name":"/home/runner/work/tabmail/tabmail/web/features/mail/components/rich-message-paste.test.tsx"},{"assertionResults":[{"ancestorTitles":["constrained formatting editor"],"fullName":"constrained formatting editor removes active tags, remote media, attributes and javascript URLs","status":"passed","title":"removes active tags, remote media, attributes and javascript URLs","duration":19.203858000000082,"failureMessages":[],"meta":{},"tags":[]},{"ancestorTitles":["constrained formatting editor"],"fullName":"constrained formatting editor keeps plain text first-class and blocks HTML drops in rich mode","status":"passed","title":"keeps plain text first-class and blocks HTML drops in rich mode","duration":173.0987520000001,"failureMessages":[],"meta":{},"tags":[]}],"startTime":1791516101959,"endTime":1791516102151.0986,"status":"passed","message":"","name":"/home/runner/work/tabmail/tabmail/web/features/mail/components/rich-message.test.tsx"}]}
2026-10-09T03:21:42.2518898Z ##[group]Run actions/upload-artifact@v4
2026-10-09T03:21:42.2519197Z with:
2026-10-09T03:21:42.2519397Z   name: exec-web-regressions
2026-10-09T03:21:42.2519644Z   path: exec-web-evidence
2026-10-09T03:21:42.2519875Z   if-no-files-found: error
2026-10-09T03:21:42.2520101Z   retention-days: 14
2026-10-09T03:21:42.2520311Z   compression-level: 6
2026-10-09T03:21:42.2520533Z   overwrite: false
2026-10-09T03:21:42.2520741Z   include-hidden-files: false
2026-10-09T03:21:42.2520975Z ##[endgroup]
2026-10-09T03:21:42.4145774Z (node:2617) [DEP0040] DeprecationWarning: The `punycode` module is deprecated. Please use a userland alternative instead.
2026-10-09T03:21:42.4146631Z (Use `node --trace-deprecation ...` to show where the warning was created)
2026-10-09T03:21:42.4198772Z With the provided path, there will be 2 files uploaded
2026-10-09T03:21:42.4202807Z Artifact name is valid!
2026-10-09T03:21:42.4203621Z Root directory input is valid!
2026-10-09T03:21:42.7844093Z Beginning upload of artifact content to blob storage
2026-10-09T03:21:42.8072417Z (node:2617) [DEP0169] DeprecationWarning: `url.parse()` behavior is not standardized and prone to errors that have security implications. Use the WHATWG URL API instead. CVEs are not issued for `url.parse()` vulnerabilities.
2026-10-09T03:21:43.0957373Z Uploaded bytes 7168
2026-10-09T03:21:43.1756727Z Finished uploading artifact content to blob storage!
2026-10-09T03:21:43.1758224Z SHA256 digest of uploaded artifact zip is f178f33dfc4d6d489ee449921144e9198f6455ee0ca64ebe9820b10a408e76a4
2026-10-09T03:21:43.1760239Z Finalizing artifact upload
2026-10-09T03:21:43.4567951Z Artifact exec-web-regressions.zip successfully finalized. Artifact ID 11593491340
2026-10-09T03:21:43.4569567Z Artifact exec-web-regressions has been successfully uploaded! Final size is 7168 bytes. Artifact ID is 11593491340
2026-10-09T03:21:43.4576847Z Artifact download URL: https://github.com/jyqj/tabmail/actions/runs/37878613080/artifacts/11593491340
2026-10-09T03:21:43.4754819Z Post job cleanup.
2026-10-09T03:21:43.5928501Z (node:2629) [DEP0040] DeprecationWarning: The `punycode` module is deprecated. Please use a userland alternative instead.
2026-10-09T03:21:43.5929618Z (Use `node --trace-deprecation ...` to show where the warning was created)
2026-10-09T03:21:43.6159109Z [command]/usr/bin/tar --posix -cf cache.tzst --exclude cache.tzst -P -C /home/runner/work/tabmail/tabmail --files-from manifest.txt --use-compress-program zstdmt
2026-10-09T03:21:44.2676213Z (node:2629) [DEP0169] DeprecationWarning: `url.parse()` behavior is not standardized and prone to errors that have security implications. Use the WHATWG URL API instead. CVEs are not issued for `url.parse()` vulnerabilities.
2026-10-09T03:21:45.2553308Z Sent 12335231 of 213661823 (5.8%), 11.8 MBs/sec
2026-10-09T03:21:46.2556251Z Sent 213661823 of 213661823 (100.0%), 101.8 MBs/sec
2026-10-09T03:21:46.6180301Z Cache saved with the key: node-cache-Linux-x64-npm-1f11d5bf27382bb59d5ee0cb204bd42aa8ea0c75776f465906e824633b82434c
2026-10-09T03:21:46.6350948Z Post job cleanup.
2026-10-09T03:21:46.7227923Z [command]/usr/bin/git version
2026-10-09T03:21:46.7264828Z git version 2.55.0
2026-10-09T03:21:46.7301125Z Temporarily overriding HOME='/home/runner/work/_temp/72570771-5c25-4cd9-8dab-38c38208542a' before making global git config changes
2026-10-09T03:21:46.7302899Z Adding repository directory to the temporary git global config as a safe directory
2026-10-09T03:21:46.7307120Z [command]/usr/bin/git config --global --add safe.directory /home/runner/work/tabmail/tabmail
2026-10-09T03:21:46.7343069Z [command]/usr/bin/git config --local --name-only --get-regexp core\.sshCommand
2026-10-09T03:21:46.7377500Z [command]/usr/bin/git submodule foreach --recursive sh -c "git config --local --name-only --get-regexp 'core\.sshCommand' && git config --local --unset-all 'core.sshCommand' || :"
2026-10-09T03:21:46.7617150Z [command]/usr/bin/git config --local --name-only --get-regexp http\.https\:\/\/github\.com\/\.extraheader
2026-10-09T03:21:46.7648218Z [command]/usr/bin/git submodule foreach --recursive sh -c "git config --local --name-only --get-regexp 'http\.https\:\/\/github\.com\/\.extraheader' && git config --local --unset-all 'http.https://github.com/.extraheader' || :"
2026-10-09T03:21:46.7867087Z [command]/usr/bin/git config --local --name-only --get-regexp ^includeIf\.gitdir:
2026-10-09T03:21:46.7897467Z [command]/usr/bin/git submodule foreach --recursive git config --local --show-origin --name-only --get-regexp remote.origin.url
2026-10-09T03:21:46.8263737Z Cleaning up orphan processes
2026-10-09T03:21:46.8612517Z ##[warning]Node.js 20 is deprecated. The following actions target Node.js 20 but are being forced to run on Node.js 24: actions/checkout@v4, actions/setup-node@v4, actions/upload-artifact@v4. For more information see: https://github.blog/changelog/2025-09-19-deprecation-of-node-20-on-github-actions-runners/
