test_numeric_overflow_cannot_create_nonfinite_json_values (scripts.tests.test_http_contract.AdditionalWireSafetyTests.test_numeric_overflow_cannot_create_nonfinite_json_values) ... ok
test_public_cache_directive_cannot_hide_among_download_requirements (scripts.tests.test_http_contract.AdditionalWireSafetyTests.test_public_cache_directive_cannot_hide_among_download_requirements) ... ok
test_encoded_body_is_rejected_before_allocation (scripts.tests.test_http_contract.CaptureBoundTests.test_encoded_body_is_rejected_before_allocation) ... ok
test_nested_json_is_bounded_before_schema_evaluation (scripts.tests.test_http_contract.CaptureBoundTests.test_nested_json_is_bounded_before_schema_evaluation) ... ok
test_absent_stale_empty_or_wrong_producer_capture_fails (scripts.tests.test_http_contract.CaptureCompletenessTests.test_absent_stale_empty_or_wrong_producer_capture_fails) ... ok
test_missing_cases_and_duplicate_ids_fail (scripts.tests.test_http_contract.CaptureCompletenessTests.test_missing_cases_and_duplicate_ids_fail) ... ok
test_admin_json_response_cannot_replace_sse_media (scripts.tests.test_http_contract.CompanyAdminStreamCaptureTests.test_admin_json_response_cannot_replace_sse_media) ... ok
test_admin_missing_or_unterminated_frame_is_not_execution (scripts.tests.test_http_contract.CompanyAdminStreamCaptureTests.test_admin_missing_or_unterminated_frame_is_not_execution) ... ok
test_admin_name_on_mailbox_route_cannot_cover_admin_operation (scripts.tests.test_http_contract.CompanyAdminStreamCaptureTests.test_admin_name_on_mailbox_route_cannot_cover_admin_operation) ... ok
test_distinct_admin_and_mailbox_sse_captures_pass (scripts.tests.test_http_contract.CompanyAdminStreamCaptureTests.test_distinct_admin_and_mailbox_sse_captures_pass) ... ok
test_mailbox_stream_cannot_cover_missing_admin_capture (scripts.tests.test_http_contract.CompanyAdminStreamCaptureTests.test_mailbox_stream_cannot_cover_missing_admin_capture) ... ok
test_driver_creates_private_evidence_even_with_permissive_umask (scripts.tests.test_http_contract.PrivateEvidenceDirectoryTests.test_driver_creates_private_evidence_even_with_permissive_umask) ... ok
test_normal_process_preserves_actual_exit_without_signals (scripts.tests.test_http_contract.ProcessLifetimeTests.test_normal_process_preserves_actual_exit_without_signals) ... ok
test_timeout_terminates_the_child_process_group (scripts.tests.test_http_contract.ProcessLifetimeTests.test_timeout_terminates_the_child_process_group) ... ok
test_actual_operation_and_binding_are_one_existing_strict_receipt (scripts.tests.test_http_contract.RecipientsAggregateContractTests.test_actual_operation_and_binding_are_one_existing_strict_receipt) ... ok
test_content_authority_does_not_admit_sensitive_or_unknown_fields (scripts.tests.test_http_contract.RecipientsAggregateContractTests.test_content_authority_does_not_admit_sensitive_or_unknown_fields) ... ok
test_counts_keep_complete_nonnegative_integer_shape (scripts.tests.test_http_contract.RecipientsAggregateContractTests.test_counts_keep_complete_nonnegative_integer_shape) ... ok
test_known_complete_counts_and_unknown_without_counts_pass (scripts.tests.test_http_contract.RecipientsAggregateContractTests.test_known_complete_counts_and_unknown_without_counts_pass) ... ok
test_known_missing_counts_and_unknown_fabricated_counts_fail (scripts.tests.test_http_contract.RecipientsAggregateContractTests.test_known_missing_counts_and_unknown_fabricated_counts_fail) ... ok
test_nested_progress_counts_and_capabilities_remain_closed (scripts.tests.test_http_contract.RecipientsAggregateContractTests.test_nested_progress_counts_and_capabilities_remain_closed) ... ok
test_old_per_address_array_is_not_an_aggregate_receipt (scripts.tests.test_http_contract.RecipientsAggregateContractTests.test_old_per_address_array_is_not_an_aggregate_receipt) ... ok
test_ci_does_not_upload_raw_http_responses (scripts.tests.test_http_contract.RuntimeEvidencePublicationTests.test_ci_does_not_upload_raw_http_responses) ... ok
test_binary_headers_and_sse_framing (scripts.tests.test_http_contract.RuntimeResponseTests.test_binary_headers_and_sse_framing) ... ok
test_capture_types_and_base64_are_strict (scripts.tests.test_http_contract.RuntimeResponseTests.test_capture_types_and_base64_are_strict) ... ok
test_false_zero_and_wrong_scalar_are_not_coerced (scripts.tests.test_http_contract.RuntimeResponseTests.test_false_zero_and_wrong_scalar_are_not_coerced) ... ok
test_json_duplicates_and_nonfinite_numbers_are_rejected (scripts.tests.test_http_contract.RuntimeResponseTests.test_json_duplicates_and_nonfinite_numbers_are_rejected) ... ok
test_missing_required_and_unexpected_field_fail (scripts.tests.test_http_contract.RuntimeResponseTests.test_missing_required_and_unexpected_field_fail) ... ok
test_nullable_collection_is_not_an_array (scripts.tests.test_http_contract.RuntimeResponseTests.test_nullable_collection_is_not_an_array) ... ok
test_real_format_checks_are_enabled (scripts.tests.test_http_contract.RuntimeResponseTests.test_real_format_checks_are_enabled) ... ok
test_remote_refs_are_rejected_before_any_network_access (scripts.tests.test_http_contract.RuntimeResponseTests.test_remote_refs_are_rejected_before_any_network_access) ... ok
test_resolves_local_response_and_nested_component_refs (scripts.tests.test_http_contract.RuntimeResponseTests.test_resolves_local_response_and_nested_component_refs) ... ok
test_schema_error_messages_do_not_echo_response_content (scripts.tests.test_http_contract.RuntimeResponseTests.test_schema_error_messages_do_not_echo_response_content) ... ok
test_secret_fields_fail_even_in_permissive_old_components (scripts.tests.test_http_contract.RuntimeResponseTests.test_secret_fields_fail_even_in_permissive_old_components) ... ok
test_status_method_route_and_content_type_are_checked (scripts.tests.test_http_contract.RuntimeResponseTests.test_status_method_route_and_content_type_are_checked) ... ok
test_complete_json_event_accepts_lf_and_crlf (scripts.tests.test_http_contract.RuntimeSSETests.test_complete_json_event_accepts_lf_and_crlf) ... ok
test_malformed_or_comment_only_sse_is_not_an_event (scripts.tests.test_http_contract.RuntimeSSETests.test_malformed_or_comment_only_sse_is_not_an_event) ... ok
test_sse_cache_directives_are_tokens_not_substrings (scripts.tests.test_http_contract.RuntimeSSETests.test_sse_cache_directives_are_tokens_not_substrings) ... ok
test_complete_matching_scenario_can_pass (scripts.tests.test_http_contract.ScenarioEvidenceTests.test_complete_matching_scenario_can_pass) ... ok
test_duplicate_or_unknown_handler_inventory_is_rejected (scripts.tests.test_http_contract.ScenarioEvidenceTests.test_duplicate_or_unknown_handler_inventory_is_rejected) ... ok
test_empty_or_non_company_inventory_cannot_pass (scripts.tests.test_http_contract.ScenarioEvidenceTests.test_empty_or_non_company_inventory_cannot_pass) ... ok
test_malformed_inventory_returns_a_failed_report (scripts.tests.test_http_contract.ScenarioEvidenceTests.test_malformed_inventory_returns_a_failed_report) ... ok
test_required_names_cannot_substitute_for_status_and_route (scripts.tests.test_http_contract.ScenarioEvidenceTests.test_required_names_cannot_substitute_for_status_and_route) ... ok
test_binary_public_directive_cannot_override_private_no_store (scripts.tests.test_http_contract.WireSafetyRegressionTests.test_binary_public_directive_cannot_override_private_no_store) ... ok
test_json_exponent_overflow_is_not_finite_json (scripts.tests.test_http_contract.WireSafetyRegressionTests.test_json_exponent_overflow_is_not_finite_json) ... ok
test_sse_payload_cannot_bypass_secret_field_check (scripts.tests.test_http_contract.WireSafetyRegressionTests.test_sse_payload_cannot_bypass_secret_field_check) ... ok

----------------------------------------------------------------------
Ran 45 tests in 1.092s

OK
