test_cli_keeps_nonzero_conclusion_and_persisted_report_on_real_start_failure (test_r5_protocol_process_evidence.ProtocolProcessEvidenceTests.test_cli_keeps_nonzero_conclusion_and_persisted_report_on_real_start_failure) ... ok
test_complete_pass_looking_output_followed_by_timeout_cannot_qualify (test_r5_protocol_process_evidence.ProtocolProcessEvidenceTests.test_complete_pass_looking_output_followed_by_timeout_cannot_qualify) ... ok
test_completed_invalid_json_keeps_raw_streams_and_failure_report (test_r5_protocol_process_evidence.ProtocolProcessEvidenceTests.test_completed_invalid_json_keeps_raw_streams_and_failure_report) ... ok
test_completed_invalid_utf8_keeps_raw_streams_and_failure_report (test_r5_protocol_process_evidence.ProtocolProcessEvidenceTests.test_completed_invalid_utf8_keeps_raw_streams_and_failure_report) ... ok
test_completed_nonzero_exit_is_recorded_and_not_laundered_by_pass_events (test_r5_protocol_process_evidence.ProtocolProcessEvidenceTests.test_completed_nonzero_exit_is_recorded_and_not_laundered_by_pass_events) ... ok
test_completed_pass_preserves_original_classifier_semantics_and_raw_line_endings (test_r5_protocol_process_evidence.ProtocolProcessEvidenceTests.test_completed_pass_preserves_original_classifier_semantics_and_raw_line_endings) ... ok
test_existing_output_is_never_overwritten_or_reused (test_r5_protocol_process_evidence.ProtocolProcessEvidenceTests.test_existing_output_is_never_overwritten_or_reused) ... ok
test_post_case_read_failure_after_timeout_keeps_failed_report (test_r5_protocol_process_evidence.ProtocolProcessEvidenceTests.test_post_case_read_failure_after_timeout_keeps_failed_report) ... ok
test_post_source_rejection_after_timeout_keeps_failed_report_with_no_fallback (test_r5_protocol_process_evidence.ProtocolProcessEvidenceTests.test_post_source_rejection_after_timeout_keeps_failed_report_with_no_fallback) ... ok
test_preflight_source_rejection_never_dispatches_or_creates_a_pass_report (test_r5_protocol_process_evidence.ProtocolProcessEvidenceTests.test_preflight_source_rejection_never_dispatches_or_creates_a_pass_report) ... ok
test_real_missing_executable_keeps_child_streams_empty_and_launch_error_separate (test_r5_protocol_process_evidence.ProtocolProcessEvidenceTests.test_real_missing_executable_keeps_child_streams_empty_and_launch_error_separate) ... ok
test_real_timeout_preserves_partial_streams_and_failure_report (test_r5_protocol_process_evidence.ProtocolProcessEvidenceTests.test_real_timeout_preserves_partial_streams_and_failure_report) ... ok
test_timeout_keeps_invalid_utf8_bytes_without_replacement_or_report_loss (test_r5_protocol_process_evidence.ProtocolProcessEvidenceTests.test_timeout_keeps_invalid_utf8_bytes_without_replacement_or_report_loss) ... ok
test_timeout_keeps_truncated_json_bytes_without_parse_exception_losing_report (test_r5_protocol_process_evidence.ProtocolProcessEvidenceTests.test_timeout_keeps_truncated_json_bytes_without_parse_exception_losing_report) ... ok
test_background_ports_do_not_require_fake_http (test_r5_protocol.ApplicableStatusTests.test_background_ports_do_not_require_fake_http) ... ok
test_registration_still_does_not_certify_missing_components (test_r5_protocol.ApplicableStatusTests.test_registration_still_does_not_certify_missing_components) ... ok
test_invalid_or_shell_build_tag_rejected (test_r5_protocol.BaselineBuildTagTests.test_invalid_or_shell_build_tag_rejected) ... ok
test_protocol_target_suite_is_explicitly_opt_in (test_r5_protocol.BaselineBuildTagTests.test_protocol_target_suite_is_explicitly_opt_in) ... ok
test_absent_reason_cannot_have_value (test_r5_protocol.CaseStructureTests.test_absent_reason_cannot_have_value) ... ok
test_audit_and_acceptance_coverage (test_r5_protocol.CaseStructureTests.test_audit_and_acceptance_coverage) ... ok
test_completion_claim_rejected (test_r5_protocol.CaseStructureTests.test_completion_claim_rejected) ... ok
test_duplicate_case_rejected (test_r5_protocol.CaseStructureTests.test_duplicate_case_rejected) ... ok
test_empty_input_rejected (test_r5_protocol.CaseStructureTests.test_empty_input_rejected) ... ok
test_exact_reason_requires_literal (test_r5_protocol.CaseStructureTests.test_exact_reason_requires_literal) ... ok
test_full_case_set_does_not_claim_completion (test_r5_protocol.CaseStructureTests.test_full_case_set_does_not_claim_completion) ... ok
test_invalid_status_rejected (test_r5_protocol.CaseStructureTests.test_invalid_status_rejected) ... ok
test_missing_case_rejected (test_r5_protocol.CaseStructureTests.test_missing_case_rejected) ... ok
test_missing_error_code_rejected (test_r5_protocol.CaseStructureTests.test_missing_error_code_rejected) ... ok
test_missing_message_requirement_rejected (test_r5_protocol.CaseStructureTests.test_missing_message_requirement_rejected) ... ok
test_nonexistent_real_test_rejected (test_r5_protocol.CaseStructureTests.test_nonexistent_real_test_rejected) ... ok
test_null_reason_is_not_a_protocol_gap (test_r5_protocol.CaseStructureTests.test_null_reason_is_not_a_protocol_gap) ... ok
test_path_escape_rejected (test_r5_protocol.CaseStructureTests.test_path_escape_rejected) ... ok
test_reference_adapter_cannot_claim_shared_input (test_r5_protocol.CaseStructureTests.test_reference_adapter_cannot_claim_shared_input) ... ok
test_wrong_package_rejected (test_r5_protocol.CaseStructureTests.test_wrong_package_rejected) ... ok
test_capability_scope_cannot_admit_other_sources_layers_paths_or_future_claims (test_r5_protocol.CurrentContractCapabilityTests.test_capability_scope_cannot_admit_other_sources_layers_paths_or_future_claims) ... ok
test_current_capability_red_does_not_replace_old_db_target (test_r5_protocol.CurrentContractCapabilityTests.test_current_capability_red_does_not_replace_old_db_target) ... ok
test_exact_current_capability_source_and_all_variants (test_r5_protocol.CurrentContractCapabilityTests.test_exact_current_capability_source_and_all_variants) ... ok
test_exact_target_red_is_baseline_not_product_green (test_r5_protocol.ExactTargetRedTests.test_exact_target_red_is_baseline_not_product_green) ... ok
test_parent_cleanup_failure_cannot_be_laundered (test_r5_protocol.ExactTargetRedTests.test_parent_cleanup_failure_cannot_be_laundered) ... ok
test_setup_or_other_failure_not_admitted (test_r5_protocol.ExactTargetRedTests.test_setup_or_other_failure_not_admitted) ... ok
test_timeout_process_not_admitted (test_r5_protocol.ExactTargetRedTests.test_timeout_process_not_admitted) ... ok
test_undeclared_target_variant_rejected (test_r5_protocol.ExactTargetRedTests.test_undeclared_target_variant_rejected) ... ok
test_exact_adapter_target_is_separate_from_original_db (test_r5_protocol.GoOwnedComponentAdapterTests.test_exact_adapter_target_is_separate_from_original_db) ... ok
test_no_real_packet_keeps_component_layer_unverified (test_r5_protocol.GoOwnedComponentAdapterTests.test_no_real_packet_keeps_component_layer_unverified) ... ok
test_same_case_go_ui_target_does_not_replace_db_target (test_r5_protocol.GoOwnedComponentAdapterTests.test_same_case_go_ui_target_does_not_replace_db_target) ... ok
test_unknown_path_marker_audit_or_acceptance_rejected (test_r5_protocol.GoOwnedComponentAdapterTests.test_unknown_path_marker_audit_or_acceptance_rejected) ... ok
test_baseline_failure_is_not_protocol_pass (test_r5_protocol.ReferenceEvidenceTests.test_baseline_failure_is_not_protocol_pass) ... ok
test_cached_pass_without_run_rejected (test_r5_protocol.ReferenceEvidenceTests.test_cached_pass_without_run_rejected) ... ok
test_compile_failure_rejected (test_r5_protocol.ReferenceEvidenceTests.test_compile_failure_rejected) ... ok
test_duplicate_terminal_rejected (test_r5_protocol.ReferenceEvidenceTests.test_duplicate_terminal_rejected) ... ok
test_malformed_json_rejected (test_r5_protocol.ReferenceEvidenceTests.test_malformed_json_rejected) ... ok
test_missing_test_rejected (test_r5_protocol.ReferenceEvidenceTests.test_missing_test_rejected) ... ok
test_named_pass_remains_reference_only (test_r5_protocol.ReferenceEvidenceTests.test_named_pass_remains_reference_only) ... ok
test_skip_rejected (test_r5_protocol.ReferenceEvidenceTests.test_skip_rejected) ... ok
test_subtest_failure_rejected (test_r5_protocol.ReferenceEvidenceTests.test_subtest_failure_rejected) ... ok
test_unexpected_package_rejected (test_r5_protocol.ReferenceEvidenceTests.test_unexpected_package_rejected) ... ok
test_unexpected_test_rejected (test_r5_protocol.ReferenceEvidenceTests.test_unexpected_test_rejected) ... ok
test_component_duplicate_or_nonzero_exit_rejected (test_r5_protocol.SharedConsumerTests.test_component_duplicate_or_nonzero_exit_rejected) ... ok
test_component_missing_or_skipped_rejected (test_r5_protocol.SharedConsumerTests.test_component_missing_or_skipped_rejected) ... ok
test_component_pass_exact_case_set (test_r5_protocol.SharedConsumerTests.test_component_pass_exact_case_set) ... ok
test_declared_shared_consumers_are_real_sources (test_r5_protocol.SharedConsumerTests.test_declared_shared_consumers_are_real_sources) ... ok
test_machine_markdown_output_drift_rejected (test_r5_protocol.SharedConsumerTests.test_machine_markdown_output_drift_rejected) ... ok
test_compile_panic_timeout_unknown_error_and_missing_runtime_are_not_green (test_r5_protocol.SharedInfrastructureCannotBeProductGreenTests.test_compile_panic_timeout_unknown_error_and_missing_runtime_are_not_green) ... ok
test_unregistered_matching_runtime_consumer_cannot_be_green (test_r5_protocol.SharedInfrastructureCannotBeProductGreenTests.test_unregistered_matching_runtime_consumer_cannot_be_green) ... ok
test_parent_fail_with_non_test_source_diagnostic_rejected (test_r5_protocol.SharedRuntimePathTests.test_parent_fail_with_non_test_source_diagnostic_rejected) ... ok
test_shared_go_requires_all_actual_case_variants (test_r5_protocol.SharedRuntimePathTests.test_shared_go_requires_all_actual_case_variants) ... ok
test_current_catalog_derives_the_original_shared_db_tag_set (test_r5_protocol_source_preparation.ProtocolCIWiringTests.test_current_catalog_derives_the_original_shared_db_tag_set) ... ok
test_preparation_failure_cannot_launch_the_original_runner (test_r5_protocol_source_preparation.ProtocolCIWiringTests.test_preparation_failure_cannot_launch_the_original_runner) ... ok
test_actual_version_host_and_build_context_must_match (test_r5_protocol_source_preparation.ProtocolSourcePreparationTests.test_actual_version_host_and_build_context_must_match) ... ok
test_exact_written_bytes_are_pinned_and_validated_before_publication (test_r5_protocol_source_preparation.ProtocolSourcePreparationTests.test_exact_written_bytes_are_pinned_and_validated_before_publication) ... ok
test_failed_capture_never_selects_an_older_policy (test_r5_protocol_source_preparation.ProtocolSourcePreparationTests.test_failed_capture_never_selects_an_older_policy) ... ok
test_go_environment_failure_exits_without_capture_or_fallback (test_r5_protocol_source_preparation.ProtocolSourcePreparationTests.test_go_environment_failure_exits_without_capture_or_fallback) ... ok
test_manifest_write_failure_never_publishes_a_hash (test_r5_protocol_source_preparation.ProtocolSourcePreparationTests.test_manifest_write_failure_never_publishes_a_hash) ... ok
test_source_changed_after_capture_cannot_publish_a_prepared_receipt (test_r5_protocol_source_preparation.ProtocolSourcePreparationTests.test_source_changed_after_capture_cannot_publish_a_prepared_receipt) ... ok
test_source_directory_or_existing_receipt_is_never_reused (test_r5_protocol_source_preparation.ProtocolSourcePreparationTests.test_source_directory_or_existing_receipt_is_never_reused) ... ok
test_symlinked_output_ancestor_is_rejected_before_tool_execution (test_r5_protocol_source_preparation.ProtocolSourcePreparationTests.test_symlinked_output_ancestor_is_rejected_before_tool_execution) ... ok
test_unbound_build_overrides_are_rejected_not_removed (test_r5_protocol_source_preparation.ProtocolSourcePreparationTests.test_unbound_build_overrides_are_rejected_not_removed) ... ok
test_written_manifest_tamper_is_rejected_by_the_original_hash_check (test_r5_protocol_source_preparation.ProtocolSourcePreparationTests.test_written_manifest_tamper_is_rejected_by_the_original_hash_check) ... ok
test_checkout_identity_and_all_existing_evidence_survive_failure (test_r5_backend_evidence_continuation.BackendEvidenceContinuationTests.test_checkout_identity_and_all_existing_evidence_survive_failure) ... ok
test_failed_jobs_and_original_race_selection_remain_failed (test_r5_backend_evidence_continuation.BackendEvidenceContinuationTests.test_failed_jobs_and_original_race_selection_remain_failed) ... ok
test_failed_or_skipped_prerequisite_blocks_only_its_dependents (test_r5_backend_evidence_continuation.BackendEvidenceContinuationTests.test_failed_or_skipped_prerequisite_blocks_only_its_dependents) ... ok
test_setups_do_not_inherit_an_unrelated_gate_failure (test_r5_backend_evidence_continuation.BackendEvidenceContinuationTests.test_setups_do_not_inherit_an_unrelated_gate_failure) ... ok
test_typescript_preparation_reuses_the_reviewed_installer_and_receipt (test_r5_backend_evidence_continuation.BackendEvidenceContinuationTests.test_typescript_preparation_reuses_the_reviewed_installer_and_receipt) ... ok
test_validation_failure_cannot_suppress_ready_independent_checks (test_r5_backend_evidence_continuation.BackendEvidenceContinuationTests.test_validation_failure_cannot_suppress_ready_independent_checks) ... ok

----------------------------------------------------------------------
Ran 84 tests in 11.614s

OK
