test_background_ports_do_not_require_fake_http (test_r5_protocol.ApplicableStatusTests.test_background_ports_do_not_require_fake_http) ... ok
test_registration_still_does_not_certify_missing_components (test_r5_protocol.ApplicableStatusTests.test_registration_still_does_not_certify_missing_components) ... ok
test_invalid_or_shell_build_tag_rejected (test_r5_protocol.BaselineBuildTagTests.test_invalid_or_shell_build_tag_rejected) ... ok
test_protocol_target_suite_is_explicitly_opt_in (test_r5_protocol.BaselineBuildTagTests.test_protocol_target_suite_is_explicitly_opt_in) ... ok
test_absent_reason_cannot_have_value (test_r5_protocol.CaseStructureTests.test_absent_reason_cannot_have_value) ... ok
test_audit_and_acceptance_coverage (test_r5_protocol.CaseStructureTests.test_audit_and_acceptance_coverage) ... ok
test_completion_claim_rejected (test_r5_protocol.CaseStructureTests.test_completion_claim_rejected) ... ok
test_duplicate_case_rejected (test_r5_protocol.CaseStructureTests.test_duplicate_case_rejected) ... ok
test_empty_input_rejected (test_r5_protocol.CaseStructureTests.test_empty_input_rejected) ... ok
test_exact_reason_requires_literal (test_r5_protocol.CaseStructureTests.test_exact_reason_requires_literal) ... ok
test_full_case_set_does_not_claim_completion (test_r5_protocol.CaseStructureTests.test_full_case_set_does_not_claim_completion) ... ok
test_invalid_status_rejected (test_r5_protocol.CaseStructureTests.test_invalid_status_rejected) ... ok
test_missing_case_rejected (test_r5_protocol.CaseStructureTests.test_missing_case_rejected) ... ok
test_missing_error_code_rejected (test_r5_protocol.CaseStructureTests.test_missing_error_code_rejected) ... ok
test_missing_message_requirement_rejected (test_r5_protocol.CaseStructureTests.test_missing_message_requirement_rejected) ... ok
test_nonexistent_real_test_rejected (test_r5_protocol.CaseStructureTests.test_nonexistent_real_test_rejected) ... ok
test_null_reason_is_not_a_protocol_gap (test_r5_protocol.CaseStructureTests.test_null_reason_is_not_a_protocol_gap) ... ok
test_path_escape_rejected (test_r5_protocol.CaseStructureTests.test_path_escape_rejected) ... ok
test_reference_adapter_cannot_claim_shared_input (test_r5_protocol.CaseStructureTests.test_reference_adapter_cannot_claim_shared_input) ... ok
test_wrong_package_rejected (test_r5_protocol.CaseStructureTests.test_wrong_package_rejected) ... ok
test_capability_scope_cannot_admit_other_sources_layers_paths_or_future_claims (test_r5_protocol.CurrentContractCapabilityTests.test_capability_scope_cannot_admit_other_sources_layers_paths_or_future_claims) ... ok
test_current_capability_red_does_not_replace_old_db_target (test_r5_protocol.CurrentContractCapabilityTests.test_current_capability_red_does_not_replace_old_db_target) ... ok
test_exact_current_capability_source_and_all_variants (test_r5_protocol.CurrentContractCapabilityTests.test_exact_current_capability_source_and_all_variants) ... ok
test_exact_target_red_is_baseline_not_product_green (test_r5_protocol.ExactTargetRedTests.test_exact_target_red_is_baseline_not_product_green) ... ok
test_parent_cleanup_failure_cannot_be_laundered (test_r5_protocol.ExactTargetRedTests.test_parent_cleanup_failure_cannot_be_laundered) ... ok
test_setup_or_other_failure_not_admitted (test_r5_protocol.ExactTargetRedTests.test_setup_or_other_failure_not_admitted) ... ok
test_timeout_process_not_admitted (test_r5_protocol.ExactTargetRedTests.test_timeout_process_not_admitted) ... ok
test_undeclared_target_variant_rejected (test_r5_protocol.ExactTargetRedTests.test_undeclared_target_variant_rejected) ... ok
test_exact_adapter_target_is_separate_from_original_db (test_r5_protocol.GoOwnedComponentAdapterTests.test_exact_adapter_target_is_separate_from_original_db) ... ok
test_no_real_packet_keeps_component_layer_unverified (test_r5_protocol.GoOwnedComponentAdapterTests.test_no_real_packet_keeps_component_layer_unverified) ... ok
test_same_case_go_ui_target_does_not_replace_db_target (test_r5_protocol.GoOwnedComponentAdapterTests.test_same_case_go_ui_target_does_not_replace_db_target) ... ok
test_unknown_path_marker_audit_or_acceptance_rejected (test_r5_protocol.GoOwnedComponentAdapterTests.test_unknown_path_marker_audit_or_acceptance_rejected) ... ok
test_baseline_failure_is_not_protocol_pass (test_r5_protocol.ReferenceEvidenceTests.test_baseline_failure_is_not_protocol_pass) ... ok
test_cached_pass_without_run_rejected (test_r5_protocol.ReferenceEvidenceTests.test_cached_pass_without_run_rejected) ... ok
test_compile_failure_rejected (test_r5_protocol.ReferenceEvidenceTests.test_compile_failure_rejected) ... ok
test_duplicate_terminal_rejected (test_r5_protocol.ReferenceEvidenceTests.test_duplicate_terminal_rejected) ... ok
test_malformed_json_rejected (test_r5_protocol.ReferenceEvidenceTests.test_malformed_json_rejected) ... ok
test_missing_test_rejected (test_r5_protocol.ReferenceEvidenceTests.test_missing_test_rejected) ... ok
test_named_pass_remains_reference_only (test_r5_protocol.ReferenceEvidenceTests.test_named_pass_remains_reference_only) ... ok
test_skip_rejected (test_r5_protocol.ReferenceEvidenceTests.test_skip_rejected) ... ok
test_subtest_failure_rejected (test_r5_protocol.ReferenceEvidenceTests.test_subtest_failure_rejected) ... ok
test_unexpected_package_rejected (test_r5_protocol.ReferenceEvidenceTests.test_unexpected_package_rejected) ... ok
test_unexpected_test_rejected (test_r5_protocol.ReferenceEvidenceTests.test_unexpected_test_rejected) ... ok
test_component_duplicate_or_nonzero_exit_rejected (test_r5_protocol.SharedConsumerTests.test_component_duplicate_or_nonzero_exit_rejected) ... ok
test_component_missing_or_skipped_rejected (test_r5_protocol.SharedConsumerTests.test_component_missing_or_skipped_rejected) ... ok
test_component_pass_exact_case_set (test_r5_protocol.SharedConsumerTests.test_component_pass_exact_case_set) ... ok
test_declared_shared_consumers_are_real_sources (test_r5_protocol.SharedConsumerTests.test_declared_shared_consumers_are_real_sources) ... ok
test_machine_markdown_output_drift_rejected (test_r5_protocol.SharedConsumerTests.test_machine_markdown_output_drift_rejected) ... ok
test_compile_panic_timeout_unknown_error_and_missing_runtime_are_not_green (test_r5_protocol.SharedInfrastructureCannotBeProductGreenTests.test_compile_panic_timeout_unknown_error_and_missing_runtime_are_not_green) ... ok
test_unregistered_matching_runtime_consumer_cannot_be_green (test_r5_protocol.SharedInfrastructureCannotBeProductGreenTests.test_unregistered_matching_runtime_consumer_cannot_be_green) ... ok
test_parent_fail_with_non_test_source_diagnostic_rejected (test_r5_protocol.SharedRuntimePathTests.test_parent_fail_with_non_test_source_diagnostic_rejected) ... ok
test_shared_go_requires_all_actual_case_variants (test_r5_protocol.SharedRuntimePathTests.test_shared_go_requires_all_actual_case_variants) ... ok
test_compile_panic_timeout_setup_and_unknown_marker_rejected (test_r5_protocol_component_evidence.ComponentPacketEvidenceTests.test_compile_panic_timeout_setup_and_unknown_marker_rejected) ... ok
test_credential_and_headers_rejected (test_r5_protocol_component_evidence.ComponentPacketEvidenceTests.test_credential_and_headers_rejected) ... ok
test_current_reporter_missing_optional_counter_is_valid (test_r5_protocol_component_evidence.ComponentPacketEvidenceTests.test_current_reporter_missing_optional_counter_is_valid) ... ok
test_duplicate_or_skipped_or_runtime_suite_rejected (test_r5_protocol_component_evidence.ComponentPacketEvidenceTests.test_duplicate_or_skipped_or_runtime_suite_rejected) ... ok
test_exact_source_linked_target_is_not_product_green (test_r5_protocol_component_evidence.ComponentPacketEvidenceTests.test_exact_source_linked_target_is_not_product_green) ... ok
test_explicit_null_string_bool_or_nonzero_runtime_count_rejected (test_r5_protocol_component_evidence.ComponentPacketEvidenceTests.test_explicit_null_string_bool_or_nonzero_runtime_count_rejected) ... ok
test_hash_case_variant_mismatch_rejected (test_r5_protocol_component_evidence.ComponentPacketEvidenceTests.test_hash_case_variant_mismatch_rejected) ... ok
test_missing_required_counter_unknown_test_wrong_exit_and_malformed_stay_invalid (test_r5_protocol_component_evidence.ComponentPacketEvidenceTests.test_missing_required_counter_unknown_test_wrong_exit_and_malformed_stay_invalid) ... ok
test_no_http_or_no_pg_observation_rejected (test_r5_protocol_component_evidence.ComponentPacketEvidenceTests.test_no_http_or_no_pg_observation_rejected) ... ok
test_scoped_component_pass_never_closes_whole_product (test_r5_protocol_component_evidence.ComponentPacketEvidenceTests.test_scoped_component_pass_never_closes_whole_product) ... ok
test_unhandled_errors_stay_invalid_without_optional_counter (test_r5_protocol_component_evidence.ComponentPacketEvidenceTests.test_unhandled_errors_stay_invalid_without_optional_counter) ... ok

----------------------------------------------------------------------
Ran 63 tests in 1.998s

OK
