
> web@0.1.0 build
> next build

▲ Next.js 16.3.3 (Turbopack)
✓ Running next.config.ts took 20ms

  Creating an optimized production build ...
✓ Compiled successfully in 1215ms
  Running TypeScript ...
  Finished TypeScript in 5.6s ...
  Collecting page data using 4 workers ...
  Generating static pages using 4 workers (0/29) ...
  Generating static pages using 4 workers (7/29) 
  Generating static pages using 4 workers (14/29) 
  Generating static pages using 4 workers (21/29) 
✓ Generating static pages using 4 workers (29/29) in 376ms
  Finalizing page optimization ...

Route (app)
┌ ○ /
├ ○ /_not-found
├ ○ /account
├ ○ /admin
├ ○ /admin/audit
├ ○ /admin/domains
├ ○ /admin/ingest
├ ○ /admin/monitor
├ ○ /admin/permissions
├ ○ /admin/plans
├ ○ /admin/policy
├ ○ /admin/settings
├ ○ /admin/tenants
├ ○ /admin/users
├ ○ /admin/webhooks
├ ○ /auth/activate
├ ○ /company
├ ○ /company/access
├ ○ /company/audit
├ ○ /company/domains
├ ○ /company/employees
├ ○ /company/mailboxes
├ ○ /company/profiles
├ ○ /company/recovery
├ ○ /company/templates
├ ○ /docs
└ ○ /mail


○  (Static)  prerendered as static content

npm notice
npm notice New major version of npm available! 11.9.0 -> 12.2.0
npm notice Changelog: https://github.com/npm/cli/releases/tag/v12.2.0
npm notice To update run: npm install -g npm@12.2.0
npm notice
