test_actual_enums_and_fallback_optional_metadata (scripts.tests.test_ordinary_receipt_contract.OrdinaryReceiptContractTests.test_actual_enums_and_fallback_optional_metadata) ... ok
test_all_actual_routes_are_closed_receipt_envelopes (scripts.tests.test_ordinary_receipt_contract.OrdinaryReceiptContractTests.test_all_actual_routes_are_closed_receipt_envelopes) ... ok
test_content_bcc_complete_empty_and_legacy_unknown_are_distinct (scripts.tests.test_ordinary_receipt_contract.OrdinaryReceiptContractTests.test_content_bcc_complete_empty_and_legacy_unknown_are_distinct) ... ok
test_fresh_typed_shipping_envelope_bytes (scripts.tests.test_ordinary_receipt_contract.OrdinaryReceiptContractTests.test_fresh_typed_shipping_envelope_bytes) ... ok
test_inspection_remains_separate (scripts.tests.test_ordinary_receipt_contract.OrdinaryReceiptContractTests.test_inspection_remains_separate) ... ok
test_parse_and_typed_closed_field_sets (scripts.tests.test_ordinary_receipt_contract.OrdinaryReceiptContractTests.test_parse_and_typed_closed_field_sets) ... ok
test_progress_distinguishes_unknown_from_complete_ledger (scripts.tests.test_ordinary_receipt_contract.OrdinaryReceiptContractTests.test_progress_distinguishes_unknown_from_complete_ledger) ... ok
test_sensitive_and_unknown_fields_fail_closed_on_every_route (scripts.tests.test_ordinary_receipt_contract.OrdinaryReceiptContractTests.test_sensitive_and_unknown_fields_fail_closed_on_every_route) ... ok
test_document_and_exclusive_response_refs (scripts.tests.test_outbound_inspection_contract.OutboundInspectionContractTests.test_document_and_exclusive_response_refs) ... ok
test_dto_tags_required_optional_and_closed_objects (scripts.tests.test_outbound_inspection_contract.OutboundInspectionContractTests.test_dto_tags_required_optional_and_closed_objects) ... ok
test_enums_match_projection_including_unknown (scripts.tests.test_outbound_inspection_contract.OutboundInspectionContractTests.test_enums_match_projection_including_unknown) ... ok
test_exception_and_acceptance_semantics_are_explicit (scripts.tests.test_outbound_inspection_contract.OutboundInspectionContractTests.test_exception_and_acceptance_semantics_are_explicit) ... ok
test_forbidden_model_fields_rejected_at_every_inspection_layer (scripts.tests.test_outbound_inspection_contract.OutboundInspectionContractTests.test_forbidden_model_fields_rejected_at_every_inspection_layer) ... ok
test_formal_route_authority_reason_and_strong_errors_unchanged (scripts.tests.test_outbound_inspection_contract.OutboundInspectionContractTests.test_formal_route_authority_reason_and_strong_errors_unchanged) ... ok
test_nullable_optional_empty_and_mutation_witnesses (scripts.tests.test_outbound_inspection_contract.OutboundInspectionContractTests.test_nullable_optional_empty_and_mutation_witnesses) ... ok
test_numeric_and_enhanced_smtp_codes_are_sanitized_not_raw_diagnostics (scripts.tests.test_outbound_inspection_contract.OutboundInspectionContractTests.test_numeric_and_enhanced_smtp_codes_are_sanitized_not_raw_diagnostics) ... ok
test_ordinary_alias_and_nested_inspection_refs_fail (scripts.tests.test_outbound_inspection_contract.OutboundInspectionContractTests.test_ordinary_alias_and_nested_inspection_refs_fail) ... ok
test_ordinary_local_refs_fail_explicitly_on_unknown_cycles_and_unsupported (scripts.tests.test_outbound_inspection_contract.OutboundInspectionContractTests.test_ordinary_local_refs_fail_explicitly_on_unknown_cycles_and_unsupported) ... ok
test_ordinary_receipt_schemas_not_expanded (scripts.tests.test_outbound_inspection_contract.OutboundInspectionContractTests.test_ordinary_receipt_schemas_not_expanded) ... ok
test_ordinary_schema_pollution_fails_at_every_closure_object (scripts.tests.test_outbound_inspection_contract.OutboundInspectionContractTests.test_ordinary_schema_pollution_fails_at_every_closure_object) ... ok
test_safe_header_exact_allowlist_no_wildcards_or_secrets (scripts.tests.test_outbound_inspection_contract.OutboundInspectionContractTests.test_safe_header_exact_allowlist_no_wildcards_or_secrets) ... ok
test_boolean_literal_matches_only_same_boolean_enum (scripts.tests.test_contract_source_aliases.BooleanLiteralTests.test_boolean_literal_matches_only_same_boolean_enum) ... ok
test_null_only_alias_cannot_stand_for_a_nullable_go_pointer (scripts.tests.test_contract_source_aliases.BooleanLiteralTests.test_null_only_alias_cannot_stand_for_a_nullable_go_pointer) ... ok
test_nullable_and_null_only_boolean_aliases_reject_in_both_gates (scripts.tests.test_contract_source_aliases.BooleanLiteralTests.test_nullable_and_null_only_boolean_aliases_reject_in_both_gates) ... ok
test_nullable_boolean_alias_matches_nullable_pointer_and_schema (scripts.tests.test_contract_source_aliases.BooleanLiteralTests.test_nullable_boolean_alias_matches_nullable_pointer_and_schema) ... ok
test_optional_undefined_alias_keeps_omitempty_but_does_not_invent_null (scripts.tests.test_contract_source_aliases.BooleanLiteralTests.test_optional_undefined_alias_keeps_omitempty_but_does_not_invent_null) ... ok
test_required_field_cannot_hide_undefined_or_optional_presence (scripts.tests.test_contract_source_aliases.BooleanLiteralTests.test_required_field_cannot_hide_undefined_or_optional_presence) ... ok
test_unconstrained_boolean_is_not_a_false_only_waiver (scripts.tests.test_contract_source_aliases.BooleanLiteralTests.test_unconstrained_boolean_is_not_a_false_only_waiver) ... ok
test_unknown_and_non_boolean_ts_types_are_rejected (scripts.tests.test_contract_source_aliases.BooleanLiteralTests.test_unknown_and_non_boolean_ts_types_are_rejected) ... ok
test_wrong_missing_duplicate_or_mixed_boolean_enum_rejected (scripts.tests.test_contract_source_aliases.BooleanLiteralTests.test_wrong_missing_duplicate_or_mixed_boolean_enum_rejected) ... ok
test_current_bcc_nullable_container_cannot_hide_nullable_address_items (scripts.tests.test_contract_source_aliases.CollectionAliasScopeTests.test_current_bcc_nullable_container_cannot_hide_nullable_address_items) ... ok
test_every_array_union_branch_is_checked_not_only_the_first (scripts.tests.test_contract_source_aliases.CollectionAliasScopeTests.test_every_array_union_branch_is_checked_not_only_the_first) ... ok
test_nested_array_and_alias_chains_do_not_flatten_element_nullability (scripts.tests.test_contract_source_aliases.CollectionAliasScopeTests.test_nested_array_and_alias_chains_do_not_flatten_element_nullability) ... ok
test_optional_container_undefined_permission_does_not_reach_items (scripts.tests.test_contract_source_aliases.CollectionAliasScopeTests.test_optional_container_undefined_permission_does_not_reach_items) ... ok
test_pointer_elements_and_nested_arrays_keep_their_own_valid_nullability (scripts.tests.test_contract_source_aliases.CollectionAliasScopeTests.test_pointer_elements_and_nested_arrays_keep_their_own_valid_nullability) ... ok
test_record_value_and_nested_array_value_have_independent_null_domains (scripts.tests.test_contract_source_aliases.CollectionAliasScopeTests.test_record_value_and_nested_array_value_have_independent_null_domains) ... ok
test_string_and_boolean_array_items_reject_null_and_undefined_aliases (scripts.tests.test_contract_source_aliases.CollectionAliasScopeTests.test_string_and_boolean_array_items_reject_null_and_undefined_aliases) ... ok
test_widening_both_ts_and_schema_items_still_cannot_widen_go_scalar (scripts.tests.test_contract_source_aliases.CollectionAliasScopeTests.test_widening_both_ts_and_schema_items_still_cannot_widen_go_scalar) ... ok
test_alias_validation_siblings_are_not_discarded (scripts.tests.test_contract_source_aliases.SchemaAliasTests.test_alias_validation_siblings_are_not_discarded) ... ok
test_ambiguous_schema_composition_is_rejected (scripts.tests.test_contract_source_aliases.SchemaAliasTests.test_ambiguous_schema_composition_is_rejected) ... ok
test_closed_objects_cannot_reenable_extra_properties (scripts.tests.test_contract_source_aliases.SchemaAliasTests.test_closed_objects_cannot_reenable_extra_properties) ... ok
test_legacy_outbound_component_is_bound_to_public_projection (scripts.tests.test_contract_source_aliases.SchemaAliasTests.test_legacy_outbound_component_is_bound_to_public_projection) ... ok
test_missing_content_bcc_or_completeness_is_rejected (scripts.tests.test_contract_source_aliases.SchemaAliasTests.test_missing_content_bcc_or_completeness_is_rejected) ... ok
test_missing_or_non_schema_ref_fails_closed (scripts.tests.test_contract_source_aliases.SchemaAliasTests.test_missing_or_non_schema_ref_fails_closed) ... ok
test_ordinary_alias_cannot_gain_content_field (scripts.tests.test_contract_source_aliases.SchemaAliasTests.test_ordinary_alias_cannot_gain_content_field) ... ok
test_receipt_and_content_must_remain_independent (scripts.tests.test_contract_source_aliases.SchemaAliasTests.test_receipt_and_content_must_remain_independent) ... ok
test_schema_alias_cycle_is_rejected (scripts.tests.test_contract_source_aliases.SchemaAliasTests.test_schema_alias_cycle_is_rejected) ... ok
test_alias_chain_can_cross_source_files (scripts.tests.test_contract_source_aliases.SourceAliasTests.test_alias_chain_can_cross_source_files) ... ok
test_commented_aliases_cannot_override_sources (scripts.tests.test_contract_source_aliases.SourceAliasTests.test_commented_aliases_cannot_override_sources) ... ok
test_duplicate_go_alias_across_files_is_rejected (scripts.tests.test_contract_source_aliases.SourceAliasTests.test_duplicate_go_alias_across_files_is_rejected) ... ok
test_duplicate_ts_alias_same_or_different_files_is_rejected (scripts.tests.test_contract_source_aliases.SourceAliasTests.test_duplicate_ts_alias_same_or_different_files_is_rejected) ... ok
test_extra_json_field_on_alias_target_is_rejected (scripts.tests.test_contract_source_aliases.SourceAliasTests.test_extra_json_field_on_alias_target_is_rejected) ... ok
test_go_alias_and_struct_collision_is_rejected (scripts.tests.test_contract_source_aliases.SourceAliasTests.test_go_alias_and_struct_collision_is_rejected) ... ok
test_go_alias_cycle_is_rejected (scripts.tests.test_contract_source_aliases.SourceAliasTests.test_go_alias_cycle_is_rejected) ... ok
test_go_alias_string_and_struct_collisions_reject_both_file_orders (scripts.tests.test_contract_source_aliases.SourceAliasTests.test_go_alias_string_and_struct_collisions_reject_both_file_orders) ... ok
test_go_and_ts_alias_chains_preserve_fields (scripts.tests.test_contract_source_aliases.SourceAliasTests.test_go_and_ts_alias_chains_preserve_fields) ... ok
test_missing_go_target_is_not_a_missing_struct_waiver (scripts.tests.test_contract_source_aliases.SourceAliasTests.test_missing_go_target_is_not_a_missing_struct_waiver) ... ok
test_missing_ts_target_fails_closed (scripts.tests.test_contract_source_aliases.SourceAliasTests.test_missing_ts_target_fails_closed) ... ok
test_nested_ts_reference_alias_is_equivalent (scripts.tests.test_contract_source_aliases.SourceAliasTests.test_nested_ts_reference_alias_is_equivalent) ... ok
test_object_union_field_projection_keeps_optional_counts (scripts.tests.test_contract_source_aliases.SourceAliasTests.test_object_union_field_projection_keeps_optional_counts) ... ok
test_qualified_go_alias_is_not_guessed_from_short_name (scripts.tests.test_contract_source_aliases.SourceAliasTests.test_qualified_go_alias_is_not_guessed_from_short_name) ... ok
test_ts_alias_cycle_is_rejected (scripts.tests.test_contract_source_aliases.SourceAliasTests.test_ts_alias_cycle_is_rejected) ... ok
test_ts_alias_interface_collision_is_rejected (scripts.tests.test_contract_source_aliases.SourceAliasTests.test_ts_alias_interface_collision_is_rejected) ... ok
test_unsupported_union_or_duplicate_alias_fields_fail_closed (scripts.tests.test_contract_source_aliases.SourceAliasTests.test_unsupported_union_or_duplicate_alias_fields_fail_closed) ... ok

----------------------------------------------------------------------
Ran 64 tests in 0.511s

OK
