npm warn Unknown env config "http-proxy". This will stop working in the next major version of npm.
(!) Your Vite config uses features that are unsupported by `configLoader: 'native'`, which is planned to become the default in a future major version of Vite:
  - ESM syntax in a file loaded as CommonJS (vitest.config.ts:1:1). Use a `.mjs` extension or set `"type": "module"` in the closest package.json
Set `VITE_CONFIG_NATIVE_IGNORE_WARNING=true` to suppress this warning.

 RUN  v4.1.11 /workspace/scratch/458de7991ac3/tabmail-wave-compose/web

 ✓ features/company/outbound-inspection.consumer.test.tsx > audited outbound inspection shipping consumer > renders the safe recipient class/code and next-hop acceptance, not a raw diagnostic 573ms
 ✓ features/company/recovery-reinspection.consumer.test.tsx > Recovery inspection conflicts require explicit reinspection > retires the inbound inspection and choices after a conflict, preserving the reason 879ms
 ✓ features/company/outbound-inspection.consumer.test.tsx > audited outbound inspection shipping consumer > renders subject, structured recipients, bodies and safe headers without executing untrusted HTML 319ms
 ✓ features/company/outbound-inspection.consumer.test.tsx > audited outbound inspection shipping consumer > rejects job raw/private extensions without rendering body, BCC or secret canary 226ms
 ✓ features/company/outbound-inspection.consumer.test.tsx > audited outbound inspection shipping consumer > rejects recipient raw/private extensions without rendering body, BCC or secret canary 95ms
 ✓ features/company/recovery-reinspection.consumer.test.tsx > Recovery inspection conflicts require explicit reinspection > retires the outbound inspection and choices after a conflict, preserving the reason 434ms
 ✓ features/company/outbound-inspection.consumer.test.tsx > audited outbound inspection shipping consumer > rejects header raw/private extensions without rendering body, BCC or secret canary 182ms
 ✓ features/company/outbound-inspection.consumer.test.tsx > audited outbound inspection shipping consumer > rejects top-level raw/private extensions without rendering body, BCC or secret canary 136ms
 ✓ features/company/outbound-inspection.consumer.test.tsx > audited outbound inspection shipping consumer > renders fixed unknown-category fallbacks without importing raw enum strings or enabling reconciliation 122ms
 ✓ features/company/outbound-inspection.consumer.test.tsx > audited outbound inspection shipping consumer > fails closed instead of reusing an old DTO when mandatory status is absent 96ms
 ✓ features/company/outbound-inspection.consumer.test.tsx > audited outbound inspection shipping consumer > fails closed instead of reusing an old DTO when mandatory bcc is absent 94ms
 ✓ features/company/recovery-reinspection.consumer.test.tsx > Recovery inspection conflicts require explicit reinspection > requires a successful new inbound inspection and fresh selection before another write 520ms
 ✓ features/company/outbound-inspection.consumer.test.tsx > audited outbound inspection shipping consumer > fails closed instead of reusing an old DTO when mandatory headers is absent 96ms
 ✓ features/company/outbound-inspection.consumer.test.tsx > audited outbound inspection shipping consumer > fails closed instead of reusing an old DTO when mandatory html_body is absent 84ms
 ✓ features/company/recovery-reinspection.consumer.test.tsx > Recovery inspection conflicts require explicit reinspection > requires a successful new outbound inspection and fresh selection before another write 382ms
 ✓ features/company/outbound-inspection.consumer.test.tsx > audited outbound inspection shipping consumer > fails closed instead of reusing an old DTO when mandatory kind is absent 212ms
 ✓ features/company/outbound-inspection.consumer.test.tsx > audited outbound inspection shipping consumer > fails closed instead of reusing an old DTO when mandatory diagnostic_class is absent 71ms
 ✓ features/company/recovery-reinspection.consumer.test.tsx > Recovery inspection conflicts require explicit reinspection > does not auto-replay a denied or unknown inbound write and preserves the operator reason 221ms
 ✓ features/company/outbound-inspection.consumer.test.tsx > audited outbound inspection shipping consumer > rejects a successful response with the wrong id before disclosing any content 125ms
 ✓ features/company/outbound-inspection.consumer.test.tsx > audited outbound inspection shipping consumer > rejects a successful response with the wrong tenant_id before disclosing any content 78ms
 ✓ features/company/outbound-inspection.consumer.test.tsx > audited outbound inspection shipping consumer > uses the actively selected company, not the super administrator's home company 192ms
 ✓ features/company/recovery-reinspection.consumer.test.tsx > Recovery inspection conflicts require explicit reinspection > does not auto-replay a denied or unknown outbound write and preserves the operator reason 267ms
 ✓ features/company/recovery-reinspection.consumer.test.tsx > Recovery inspection conflicts require explicit reinspection > does not label a newly entered outbound job with an older reconciliation conflict 170ms
 ✓ features/company/outbound-inspection.consumer.test.tsx > audited outbound inspection shipping consumer > discards an old target's late response even if the input is changed away and back 75ms
 ✓ features/company/outbound-inspection.consumer.test.tsx > audited outbound inspection shipping consumer > company changes clear already loaded inspection body/BCC and do not replay its POST 153ms
 ✓ features/company/outbound-inspection.consumer.test.tsx > audited outbound inspection shipping consumer > company changes fence a late inspect POST with the production session lease 136ms
 ✓ features/company/outbound-inspection.consumer.test.tsx > audited outbound inspection shipping consumer > company changes fence a late reconcile POST with the production session lease 265ms
 ✓ features/company/outbound-inspection.consumer.test.tsx > audited outbound inspection shipping consumer > session changes clear already loaded inspection body/BCC and do not replay its POST 280ms
 ✓ features/company/outbound-inspection.consumer.test.tsx > audited outbound inspection shipping consumer > session changes fence a late inspect POST with the production session lease 341ms
 ✓ features/company/outbound-inspection.consumer.test.tsx > audited outbound inspection shipping consumer > session changes fence a late reconcile POST with the production session lease 410ms
 ✓ features/company/outbound-inspection.consumer.test.tsx > audited outbound inspection shipping consumer > logout changes clear already loaded inspection body/BCC and do not replay its POST 151ms
 ✓ features/company/outbound-inspection.consumer.test.tsx > audited outbound inspection shipping consumer > logout changes fence a late inspect POST with the production session lease 123ms
 ✓ features/company/outbound-inspection.consumer.test.tsx > audited outbound inspection shipping consumer > logout changes fence a late reconcile POST with the production session lease 195ms
 ✓ features/company/outbound-inspection.consumer.test.tsx > audited outbound inspection shipping consumer > retains same-scope loaded results through token rotation without replaying the audited POST 141ms
 ✓ features/company/outbound-inspection.consumer.test.tsx > audited outbound inspection shipping consumer > accepts a same-scope late inspection through token rotation without aborting or replaying it 90ms
 ✓ features/company/outbound-inspection.consumer.test.tsx > audited outbound inspection shipping consumer > requires an explicit review/resubmit after 401 refresh; does not automatically replay inspection 163ms
 ✓ features/company/outbound-inspection.consumer.test.tsx > audited outbound inspection shipping consumer > does not enable the audited body exception for ordinary admin rows 63ms
 ✓ features/company/outbound-inspection.consumer.test.tsx > audited outbound inspection shipping consumer > does not enable the audited body exception for ordinary user rows 95ms
 ✓ features/company/outbound-inspection.consumer.test.tsx > audited outbound inspection shipping consumer > enforces the trimmed reason byte boundary and valid job ID before issuing an inspection 63ms
 ✓ features/company/outbound-inspection.consumer.test.tsx > audited outbound inspection shipping consumer > renders the accepted job status as next-hop acceptance, not final delivery 72ms
 ✓ features/company/outbound-inspection.consumer.test.tsx > audited outbound inspection shipping consumer > a denied response cannot import success-shaped data or an inspection body 140ms
 ✓ features/company/outbound-inspection.consumer.test.tsx > audited outbound inspection shipping consumer > reinspection clears a previous safe result before rejecting malformed replacement data 148ms
 ✓ features/company/outbound-inspection.consumer.test.tsx > audited outbound inspection shipping consumer > renders missing optional enhanced code as absent, never falls back to raw diagnostic 76ms
 ✓ contexts/auth-context.test.tsx > auth-context > 默认从 localStorage 读取并推导 public level 70ms
 ✓ contexts/auth-context.test.tsx > auth-context > 支持 JWT / tenant 状态写入与清理 297ms
 ✓ lib/session-safety.test.ts > credential and identity boundaries > does not log out after a temporary refresh failure 9ms
 ✓ lib/session-safety.test.ts > credential and identity boundaries > coalesces concurrent refresh calls and uses the replacement token 3ms
 ✓ lib/session-safety.test.ts > credential and identity boundaries > does not overwrite another account with a stale refresh response 65ms
 ✓ lib/session-safety.test.ts > credential and identity boundaries > aborts requests and discards response bodies after account switching 3ms
 ✓ lib/session-safety.test.ts > credential and identity boundaries > does not automatically replay unsafe POST after renewal 4ms
 ✓ lib/session-safety.test.ts > credential and identity boundaries > retries an idempotent send with the same key and request body 5ms
 ✓ lib/session-safety.test.ts > credential and identity boundaries > keeps the current session when server logout fails 2ms
 ✓ lib/session-safety.test.ts > credential and identity boundaries > holds the shared cookie lock until login body and local identity are installed 53ms
 ✓ lib/session-safety.test.ts > credential and identity boundaries > changes scope on tenant changes but not token rotation 3ms
 ✓ lib/session-safety.test.ts > credential and identity boundaries > fails closed without Web Locks rather than racing refresh cookies 2ms

 Test Files  4 passed (4)
      Tests  55 passed (55)
   Start at  20:29:01
   Duration  11.03s (transform 1.96s, setup 1.42s, import 2.69s, tests 9.29s, environment 5.93s)

