{
	"Dir": "/workspace/scratch/458de7991ac3/tabmail-wave-verify/internal/config",
	"ImportPath": "tabmail/internal/config",
	"Name": "config",
	"Root": "/workspace/scratch/458de7991ac3/tabmail-wave-verify",
	"Module": {
		"Path": "tabmail",
		"Main": true,
		"Dir": "/workspace/scratch/458de7991ac3/tabmail-wave-verify",
		"GoMod": "/workspace/scratch/458de7991ac3/tabmail-wave-verify/go.mod",
		"GoVersion": "1.25.7"
	},
	"Match": [
		"./internal/config"
	],
	"Stale": true,
	"StaleReason": "build ID mismatch",
	"GoFiles": [
		"config.go"
	],
	"Imports": [
		"fmt",
		"github.com/kelseyhightower/envconfig",
		"os",
		"strings",
		"time"
	],
	"Deps": [
		"bytes",
		"cmp",
		"encoding",
		"errors",
		"fmt",
		"github.com/kelseyhightower/envconfig",
		"internal/abi",
		"internal/asan",
		"internal/bisect",
		"internal/bytealg",
		"internal/byteorder",
		"internal/chacha8rand",
		"internal/coverage/rtcov",
		"internal/cpu",
		"internal/filepathlite",
		"internal/fmtsort",
		"internal/goarch",
		"internal/godebug",
		"internal/godebugs",
		"internal/goexperiment",
		"internal/goos",
		"internal/itoa",
		"internal/msan",
		"internal/oserror",
		"internal/poll",
		"internal/profilerecord",
		"internal/race",
		"internal/reflectlite",
		"internal/runtime/atomic",
		"internal/runtime/cgroup",
		"internal/runtime/exithook",
		"internal/runtime/gc",
		"internal/runtime/maps",
		"internal/runtime/math",
		"internal/runtime/strconv",
		"internal/runtime/sys",
		"internal/runtime/syscall",
		"internal/stringslite",
		"internal/sync",
		"internal/synctest",
		"internal/syscall/execenv",
		"internal/syscall/unix",
		"internal/testlog",
		"internal/trace/tracev2",
		"internal/unsafeheader",
		"io",
		"io/fs",
		"iter",
		"maps",
		"math",
		"math/bits",
		"net/netip",
		"net/url",
		"os",
		"path",
		"path/filepath",
		"reflect",
		"regexp",
		"regexp/syntax",
		"runtime",
		"slices",
		"sort",
		"strconv",
		"strings",
		"sync",
		"sync/atomic",
		"syscall",
		"text/tabwriter",
		"text/template",
		"text/template/parse",
		"time",
		"unicode",
		"unicode/utf8",
		"unique",
		"unsafe",
		"weak"
	],
	"TestGoFiles": [
		"config_test.go",
		"r5_resource_bounds_test.go"
	],
	"TestImports": [
		"os",
		"strings",
		"testing",
		"time"
	],
	"XTestGoFiles": [
		"r5_webhook_canonical_cidrs_test.go"
	],
	"XTestImports": [
		"context",
		"github.com/rs/zerolog",
		"os",
		"os/exec",
		"tabmail/internal/config",
		"tabmail/internal/hooks",
		"testing",
		"time"
	]
}
{
	"Dir": "/workspace/scratch/458de7991ac3/tabmail-wave-verify/internal/outbound",
	"ImportPath": "tabmail/internal/outbound",
	"Name": "outbound",
	"Root": "/workspace/scratch/458de7991ac3/tabmail-wave-verify",
	"Module": {
		"Path": "tabmail",
		"Main": true,
		"Dir": "/workspace/scratch/458de7991ac3/tabmail-wave-verify",
		"GoMod": "/workspace/scratch/458de7991ac3/tabmail-wave-verify/go.mod",
		"GoVersion": "1.25.7"
	},
	"Match": [
		"./internal/outbound"
	],
	"Stale": true,
	"StaleReason": "stale dependency: tabmail/internal/models",
	"GoFiles": [
		"adapter.go",
		"authorization.go",
		"builder.go",
		"company.go",
		"delivery.go",
		"delivery_context.go",
		"enqueue_quota.go",
		"recipient_delivery.go",
		"repository.go",
		"retry_authorization.go",
		"service.go",
		"workqueue.go"
	],
	"Imports": [
		"bytes",
		"context",
		"crypto/tls",
		"encoding/base64",
		"encoding/json",
		"errors",
		"fmt",
		"github.com/google/uuid",
		"github.com/rs/zerolog",
		"io",
		"mime",
		"mime/multipart",
		"mime/quotedprintable",
		"net",
		"net/mail",
		"net/smtp",
		"net/textproto",
		"regexp",
		"strconv",
		"strings",
		"sync",
		"tabmail/internal/app",
		"tabmail/internal/authz",
		"tabmail/internal/company",
		"tabmail/internal/config",
		"tabmail/internal/delivery",
		"tabmail/internal/dkim",
		"tabmail/internal/models",
		"tabmail/internal/store",
		"tabmail/internal/workqueue",
		"time",
		"unicode/utf8"
	],
	"Deps": [
		"bufio",
		"bytes",
		"cmp",
		"container/list",
		"context",
		"crypto",
		"crypto/aes",
		"crypto/cipher",
		"crypto/des",
		"crypto/dsa",
		"crypto/ecdh",
		"crypto/ecdsa",
		"crypto/ed25519",
		"crypto/elliptic",
		"crypto/fips140",
		"crypto/hkdf",
		"crypto/hmac",
		"crypto/internal/boring",
		"crypto/internal/boring/bbig",
		"crypto/internal/boring/sig",
		"crypto/internal/entropy",
		"crypto/internal/fips140",
		"crypto/internal/fips140/aes",
		"crypto/internal/fips140/aes/gcm",
		"crypto/internal/fips140/alias",
		"crypto/internal/fips140/bigmod",
		"crypto/internal/fips140/check",
		"crypto/internal/fips140/drbg",
		"crypto/internal/fips140/ecdh",
		"crypto/internal/fips140/ecdsa",
		"crypto/internal/fips140/ed25519",
		"crypto/internal/fips140/edwards25519",
		"crypto/internal/fips140/edwards25519/field",
		"crypto/internal/fips140/hkdf",
		"crypto/internal/fips140/hmac",
		"crypto/internal/fips140/mlkem",
		"crypto/internal/fips140/nistec",
		"crypto/internal/fips140/nistec/fiat",
		"crypto/internal/fips140/rsa",
		"crypto/internal/fips140/sha256",
		"crypto/internal/fips140/sha3",
		"crypto/internal/fips140/sha512",
		"crypto/internal/fips140/subtle",
		"crypto/internal/fips140/tls12",
		"crypto/internal/fips140/tls13",
		"crypto/internal/fips140cache",
		"crypto/internal/fips140deps/byteorder",
		"crypto/internal/fips140deps/cpu",
		"crypto/internal/fips140deps/godebug",
		"crypto/internal/fips140hash",
		"crypto/internal/fips140only",
		"crypto/internal/hpke",
		"crypto/internal/impl",
		"crypto/internal/randutil",
		"crypto/internal/sysrand",
		"crypto/md5",
		"crypto/rand",
		"crypto/rc4",
		"crypto/rsa",
		"crypto/sha1",
		"crypto/sha256",
		"crypto/sha3",
		"crypto/sha512",
		"crypto/subtle",
		"crypto/tls",
		"crypto/tls/internal/fips140tls",
		"crypto/x509",
		"crypto/x509/pkix",
		"database/sql/driver",
		"encoding",
		"encoding/asn1",
		"encoding/base64",
		"encoding/binary",
		"encoding/hex",
		"encoding/json",
		"encoding/pem",
		"errors",
		"fmt",
		"github.com/aymerick/douceur/css",
		"github.com/aymerick/douceur/parser",
		"github.com/emersion/go-msgauth/dkim",
		"github.com/google/uuid",
		"github.com/gorilla/css/scanner",
		"github.com/kelseyhightower/envconfig",
		"github.com/mattn/go-colorable",
		"github.com/mattn/go-isatty",
		"github.com/microcosm-cc/bluemonday",
		"github.com/microcosm-cc/bluemonday/css",
		"github.com/rs/zerolog",
		"github.com/rs/zerolog/internal/json",
		"golang.org/x/crypto/ed25519",
		"golang.org/x/net/html",
		"golang.org/x/net/html/atom",
		"golang.org/x/sys/unix",
		"hash",
		"html",
		"html/template",
		"internal/abi",
		"internal/asan",
		"internal/bisect",
		"internal/bytealg",
		"internal/byteorder",
		"internal/chacha8rand",
		"internal/coverage/rtcov",
		"internal/cpu",
		"internal/filepathlite",
		"internal/fmtsort",
		"internal/goarch",
		"internal/godebug",
		"internal/godebugs",
		"internal/goexperiment",
		"internal/goos",
		"internal/itoa",
		"internal/msan",
		"internal/nettrace",
		"internal/oserror",
		"internal/poll",
		"internal/profilerecord",
		"internal/race",
		"internal/reflectlite",
		"internal/runtime/atomic",
		"internal/runtime/cgroup",
		"internal/runtime/exithook",
		"internal/runtime/gc",
		"internal/runtime/maps",
		"internal/runtime/math",
		"internal/runtime/strconv",
		"internal/runtime/sys",
		"internal/runtime/syscall",
		"internal/saferio",
		"internal/singleflight",
		"internal/stringslite",
		"internal/sync",
		"internal/synctest",
		"internal/syscall/execenv",
		"internal/syscall/unix",
		"internal/testlog",
		"internal/trace/tracev2",
		"internal/unsafeheader",
		"io",
		"io/fs",
		"io/ioutil",
		"iter",
		"log",
		"log/internal",
		"maps",
		"math",
		"math/big",
		"math/bits",
		"math/rand",
		"math/rand/v2",
		"mime",
		"mime/multipart",
		"mime/quotedprintable",
		"net",
		"net/mail",
		"net/netip",
		"net/smtp",
		"net/textproto",
		"net/url",
		"os",
		"path",
		"path/filepath",
		"reflect",
		"regexp",
		"regexp/syntax",
		"runtime",
		"runtime/cgo",
		"slices",
		"sort",
		"strconv",
		"strings",
		"sync",
		"sync/atomic",
		"syscall",
		"tabmail/internal/app",
		"tabmail/internal/authz",
		"tabmail/internal/company",
		"tabmail/internal/config",
		"tabmail/internal/delivery",
		"tabmail/internal/dkim",
		"tabmail/internal/models",
		"tabmail/internal/sanitize",
		"tabmail/internal/store",
		"tabmail/internal/workqueue",
		"text/tabwriter",
		"text/template",
		"text/template/parse",
		"time",
		"unicode",
		"unicode/utf16",
		"unicode/utf8",
		"unique",
		"unsafe",
		"vendor/golang.org/x/crypto/chacha20",
		"vendor/golang.org/x/crypto/chacha20poly1305",
		"vendor/golang.org/x/crypto/cryptobyte",
		"vendor/golang.org/x/crypto/cryptobyte/asn1",
		"vendor/golang.org/x/crypto/internal/alias",
		"vendor/golang.org/x/crypto/internal/poly1305",
		"vendor/golang.org/x/net/dns/dnsmessage",
		"vendor/golang.org/x/sys/cpu",
		"weak"
	],
	"TestGoFiles": [
		"authorization_test.go",
		"builder_subject_test.go",
		"builder_test.go",
		"company_p0_test.go",
		"dkim_policy_test.go",
		"enqueue_quota_test.go",
		"r5_delivery_context_test.go",
		"r5_direct_greeting_test.go",
		"r5_null_mx_test.go",
		"r5_ownerless_retry_authority_test.go",
		"r5_permission_stage_matrix_test.go",
		"r5_recipient_checkpoint_order_test.go",
		"r5_recipient_error_chain_test.go",
		"r5_relay_ipv6_test.go",
		"r5_shutdown_caller_test.go",
		"r5_smtp_cause_test.go",
		"r5_smtp_reply_classification_test.go",
		"recovery_test.go",
		"service_test.go"
	],
	"TestImports": [
		"bufio",
		"bytes",
		"context",
		"crypto/ed25519",
		"crypto/rand",
		"crypto/tls",
		"crypto/x509",
		"crypto/x509/pkix",
		"encoding/base64",
		"errors",
		"fmt",
		"github.com/google/uuid",
		"github.com/rs/zerolog",
		"io",
		"math/big",
		"mime",
		"net",
		"net/mail",
		"net/smtp",
		"net/textproto",
		"os",
		"reflect",
		"strconv",
		"strings",
		"sync",
		"sync/atomic",
		"syscall",
		"tabmail/internal/authz",
		"tabmail/internal/company",
		"tabmail/internal/config",
		"tabmail/internal/delivery",
		"tabmail/internal/models",
		"tabmail/internal/store",
		"tabmail/internal/testutil",
		"tabmail/internal/workqueue",
		"testing",
		"time",
		"unicode/utf8"
	]
}
{
	"Dir": "/workspace/scratch/458de7991ac3/tabmail-wave-verify/internal/app/companymail",
	"ImportPath": "tabmail/internal/app/companymail",
	"Name": "companymail",
	"Doc": "Package companymail owns employee mail-content use cases.",
	"Root": "/workspace/scratch/458de7991ac3/tabmail-wave-verify",
	"Module": {
		"Path": "tabmail",
		"Main": true,
		"Dir": "/workspace/scratch/458de7991ac3/tabmail-wave-verify",
		"GoMod": "/workspace/scratch/458de7991ac3/tabmail-wave-verify/go.mod",
		"GoVersion": "1.25.7"
	},
	"Match": [
		"./internal/app/companymail"
	],
	"Stale": true,
	"StaleReason": "stale dependency: github.com/jhillyerd/enmime/v2/internal/coding",
	"GoFiles": [
		"attachment_read.go",
		"compose.go",
		"read_boundary.go",
		"service.go"
	],
	"Imports": [
		"bytes",
		"context",
		"crypto/sha256",
		"encoding/hex",
		"errors",
		"github.com/google/uuid",
		"github.com/jhillyerd/enmime/v2",
		"io",
		"net/mail",
		"strings",
		"sync",
		"tabmail/internal/app",
		"tabmail/internal/authz",
		"tabmail/internal/company",
		"tabmail/internal/mailcontent",
		"tabmail/internal/models"
	],
	"Deps": [
		"bufio",
		"bytes",
		"cmp",
		"container/list",
		"context",
		"crypto",
		"crypto/aes",
		"crypto/cipher",
		"crypto/des",
		"crypto/dsa",
		"crypto/ecdh",
		"crypto/ecdsa",
		"crypto/ed25519",
		"crypto/elliptic",
		"crypto/fips140",
		"crypto/hkdf",
		"crypto/hmac",
		"crypto/internal/boring",
		"crypto/internal/boring/bbig",
		"crypto/internal/boring/sig",
		"crypto/internal/entropy",
		"crypto/internal/fips140",
		"crypto/internal/fips140/aes",
		"crypto/internal/fips140/aes/gcm",
		"crypto/internal/fips140/alias",
		"crypto/internal/fips140/bigmod",
		"crypto/internal/fips140/check",
		"crypto/internal/fips140/drbg",
		"crypto/internal/fips140/ecdh",
		"crypto/internal/fips140/ecdsa",
		"crypto/internal/fips140/ed25519",
		"crypto/internal/fips140/edwards25519",
		"crypto/internal/fips140/edwards25519/field",
		"crypto/internal/fips140/hkdf",
		"crypto/internal/fips140/hmac",
		"crypto/internal/fips140/mlkem",
		"crypto/internal/fips140/nistec",
		"crypto/internal/fips140/nistec/fiat",
		"crypto/internal/fips140/rsa",
		"crypto/internal/fips140/sha256",
		"crypto/internal/fips140/sha3",
		"crypto/internal/fips140/sha512",
		"crypto/internal/fips140/subtle",
		"crypto/internal/fips140/tls12",
		"crypto/internal/fips140/tls13",
		"crypto/internal/fips140cache",
		"crypto/internal/fips140deps/byteorder",
		"crypto/internal/fips140deps/cpu",
		"crypto/internal/fips140deps/godebug",
		"crypto/internal/fips140hash",
		"crypto/internal/fips140only",
		"crypto/internal/hpke",
		"crypto/internal/impl",
		"crypto/internal/randutil",
		"crypto/internal/sysrand",
		"crypto/md5",
		"crypto/rand",
		"crypto/rc4",
		"crypto/rsa",
		"crypto/sha1",
		"crypto/sha256",
		"crypto/sha3",
		"crypto/sha512",
		"crypto/subtle",
		"crypto/tls",
		"crypto/tls/internal/fips140tls",
		"crypto/x509",
		"crypto/x509/pkix",
		"database/sql",
		"database/sql/driver",
		"encoding",
		"encoding/asn1",
		"encoding/base64",
		"encoding/binary",
		"encoding/csv",
		"encoding/hex",
		"encoding/json",
		"encoding/pem",
		"errors",
		"fmt",
		"github.com/aymerick/douceur/css",
		"github.com/aymerick/douceur/parser",
		"github.com/cention-sany/utf7",
		"github.com/cespare/xxhash/v2",
		"github.com/clipperhouse/displaywidth",
		"github.com/clipperhouse/uax29/v2/graphemes",
		"github.com/fatih/color",
		"github.com/gogs/chardet",
		"github.com/google/uuid",
		"github.com/gorilla/css/scanner",
		"github.com/inbucket/html2text",
		"github.com/jhillyerd/enmime/v2",
		"github.com/jhillyerd/enmime/v2/internal/coding",
		"github.com/jhillyerd/enmime/v2/internal/stringutil",
		"github.com/jhillyerd/enmime/v2/internal/textproto",
		"github.com/jhillyerd/enmime/v2/mediatype",
		"github.com/mattn/go-colorable",
		"github.com/mattn/go-isatty",
		"github.com/mattn/go-runewidth",
		"github.com/microcosm-cc/bluemonday",
		"github.com/microcosm-cc/bluemonday/css",
		"github.com/olekukonko/cat",
		"github.com/olekukonko/errors",
		"github.com/olekukonko/ll",
		"github.com/olekukonko/ll/lh",
		"github.com/olekukonko/ll/lx",
		"github.com/olekukonko/tablewriter",
		"github.com/olekukonko/tablewriter/pkg/twcache",
		"github.com/olekukonko/tablewriter/pkg/twwarp",
		"github.com/olekukonko/tablewriter/pkg/twwidth",
		"github.com/olekukonko/tablewriter/renderer",
		"github.com/olekukonko/tablewriter/tw",
		"github.com/pkg/errors",
		"github.com/rs/zerolog",
		"github.com/rs/zerolog/internal/json",
		"github.com/ssor/bom",
		"golang.org/x/net/html",
		"golang.org/x/net/html/atom",
		"golang.org/x/sync/singleflight",
		"golang.org/x/sys/unix",
		"golang.org/x/text/encoding",
		"golang.org/x/text/encoding/charmap",
		"golang.org/x/text/encoding/internal",
		"golang.org/x/text/encoding/internal/identifier",
		"golang.org/x/text/encoding/japanese",
		"golang.org/x/text/encoding/korean",
		"golang.org/x/text/encoding/simplifiedchinese",
		"golang.org/x/text/encoding/traditionalchinese",
		"golang.org/x/text/encoding/unicode",
		"golang.org/x/text/internal/utf8internal",
		"golang.org/x/text/runes",
		"golang.org/x/text/transform",
		"hash",
		"html",
		"html/template",
		"internal/abi",
		"internal/asan",
		"internal/bisect",
		"internal/bytealg",
		"internal/byteorder",
		"internal/chacha8rand",
		"internal/coverage/rtcov",
		"internal/cpu",
		"internal/filepathlite",
		"internal/fmtsort",
		"internal/goarch",
		"internal/godebug",
		"internal/godebugs",
		"internal/goexperiment",
		"internal/goos",
		"internal/itoa",
		"internal/msan",
		"internal/nettrace",
		"internal/oserror",
		"internal/poll",
		"internal/profilerecord",
		"internal/race",
		"internal/reflectlite",
		"internal/runtime/atomic",
		"internal/runtime/cgroup",
		"internal/runtime/exithook",
		"internal/runtime/gc",
		"internal/runtime/maps",
		"internal/runtime/math",
		"internal/runtime/strconv",
		"internal/runtime/sys",
		"internal/runtime/syscall",
		"internal/saferio",
		"internal/singleflight",
		"internal/stringslite",
		"internal/sync",
		"internal/synctest",
		"internal/syscall/execenv",
		"internal/syscall/unix",
		"internal/testlog",
		"internal/trace/tracev2",
		"internal/unsafeheader",
		"io",
		"io/fs",
		"io/ioutil",
		"iter",
		"log",
		"log/internal",
		"log/slog",
		"log/slog/internal",
		"log/slog/internal/buffer",
		"maps",
		"math",
		"math/big",
		"math/bits",
		"math/rand",
		"math/rand/v2",
		"mime",
		"mime/quotedprintable",
		"net",
		"net/mail",
		"net/netip",
		"net/smtp",
		"net/textproto",
		"net/url",
		"os",
		"path",
		"path/filepath",
		"reflect",
		"regexp",
		"regexp/syntax",
		"runtime",
		"runtime/cgo",
		"runtime/debug",
		"slices",
		"sort",
		"strconv",
		"strings",
		"sync",
		"sync/atomic",
		"syscall",
		"tabmail/internal/app",
		"tabmail/internal/authz",
		"tabmail/internal/company",
		"tabmail/internal/delivery",
		"tabmail/internal/mailcontent",
		"tabmail/internal/models",
		"tabmail/internal/sanitize",
		"text/template",
		"text/template/parse",
		"time",
		"unicode",
		"unicode/utf16",
		"unicode/utf8",
		"unique",
		"unsafe",
		"vendor/golang.org/x/crypto/chacha20",
		"vendor/golang.org/x/crypto/chacha20poly1305",
		"vendor/golang.org/x/crypto/cryptobyte",
		"vendor/golang.org/x/crypto/cryptobyte/asn1",
		"vendor/golang.org/x/crypto/internal/alias",
		"vendor/golang.org/x/crypto/internal/poly1305",
		"vendor/golang.org/x/net/dns/dnsmessage",
		"vendor/golang.org/x/sys/cpu",
		"weak"
	],
	"TestGoFiles": [
		"attachment_boundary_test.go",
		"compose_boundary_test.go",
		"r5_attachment_error_test.go",
		"r5_attachment_read_bounds_test.go",
		"r5_received_content_eligibility_test.go",
		"read_boundary_test.go",
		"service_test.go"
	],
	"TestImports": [
		"bytes",
		"context",
		"errors",
		"fmt",
		"github.com/google/uuid",
		"io",
		"strings",
		"sync",
		"sync/atomic",
		"tabmail/internal/app",
		"tabmail/internal/authz",
		"tabmail/internal/company",
		"tabmail/internal/mailcontent",
		"tabmail/internal/models",
		"testing",
		"time"
	]
}
{
	"Dir": "/workspace/scratch/458de7991ac3/tabmail-wave-verify/internal/mailcontent",
	"ImportPath": "tabmail/internal/mailcontent",
	"Name": "mailcontent",
	"Doc": "Package mailcontent owns bounded MIME parsing.",
	"Root": "/workspace/scratch/458de7991ac3/tabmail-wave-verify",
	"Module": {
		"Path": "tabmail",
		"Main": true,
		"Dir": "/workspace/scratch/458de7991ac3/tabmail-wave-verify",
		"GoMod": "/workspace/scratch/458de7991ac3/tabmail-wave-verify/go.mod",
		"GoVersion": "1.25.7"
	},
	"Match": [
		"./internal/mailcontent"
	],
	"Stale": true,
	"StaleReason": "stale dependency: github.com/jhillyerd/enmime/v2/internal/coding",
	"GoFiles": [
		"mime_budget.go",
		"parser.go",
		"source.go"
	],
	"Imports": [
		"bytes",
		"container/list",
		"context",
		"crypto/sha256",
		"encoding/hex",
		"errors",
		"fmt",
		"github.com/google/uuid",
		"github.com/jhillyerd/enmime/v2",
		"golang.org/x/sync/singleflight",
		"io",
		"path/filepath",
		"strings",
		"sync",
		"tabmail/internal/company",
		"tabmail/internal/sanitize",
		"time"
	],
	"Deps": [
		"bufio",
		"bytes",
		"cmp",
		"container/list",
		"context",
		"crypto",
		"crypto/aes",
		"crypto/cipher",
		"crypto/des",
		"crypto/dsa",
		"crypto/ecdh",
		"crypto/ecdsa",
		"crypto/ed25519",
		"crypto/elliptic",
		"crypto/fips140",
		"crypto/hkdf",
		"crypto/hmac",
		"crypto/internal/boring",
		"crypto/internal/boring/bbig",
		"crypto/internal/boring/sig",
		"crypto/internal/entropy",
		"crypto/internal/fips140",
		"crypto/internal/fips140/aes",
		"crypto/internal/fips140/aes/gcm",
		"crypto/internal/fips140/alias",
		"crypto/internal/fips140/bigmod",
		"crypto/internal/fips140/check",
		"crypto/internal/fips140/drbg",
		"crypto/internal/fips140/ecdh",
		"crypto/internal/fips140/ecdsa",
		"crypto/internal/fips140/ed25519",
		"crypto/internal/fips140/edwards25519",
		"crypto/internal/fips140/edwards25519/field",
		"crypto/internal/fips140/hkdf",
		"crypto/internal/fips140/hmac",
		"crypto/internal/fips140/mlkem",
		"crypto/internal/fips140/nistec",
		"crypto/internal/fips140/nistec/fiat",
		"crypto/internal/fips140/rsa",
		"crypto/internal/fips140/sha256",
		"crypto/internal/fips140/sha3",
		"crypto/internal/fips140/sha512",
		"crypto/internal/fips140/subtle",
		"crypto/internal/fips140/tls12",
		"crypto/internal/fips140/tls13",
		"crypto/internal/fips140cache",
		"crypto/internal/fips140deps/byteorder",
		"crypto/internal/fips140deps/cpu",
		"crypto/internal/fips140deps/godebug",
		"crypto/internal/fips140hash",
		"crypto/internal/fips140only",
		"crypto/internal/hpke",
		"crypto/internal/impl",
		"crypto/internal/randutil",
		"crypto/internal/sysrand",
		"crypto/md5",
		"crypto/rand",
		"crypto/rc4",
		"crypto/rsa",
		"crypto/sha1",
		"crypto/sha256",
		"crypto/sha3",
		"crypto/sha512",
		"crypto/subtle",
		"crypto/tls",
		"crypto/tls/internal/fips140tls",
		"crypto/x509",
		"crypto/x509/pkix",
		"database/sql",
		"database/sql/driver",
		"encoding",
		"encoding/asn1",
		"encoding/base64",
		"encoding/binary",
		"encoding/csv",
		"encoding/hex",
		"encoding/json",
		"encoding/pem",
		"errors",
		"fmt",
		"github.com/aymerick/douceur/css",
		"github.com/aymerick/douceur/parser",
		"github.com/cention-sany/utf7",
		"github.com/cespare/xxhash/v2",
		"github.com/clipperhouse/displaywidth",
		"github.com/clipperhouse/uax29/v2/graphemes",
		"github.com/fatih/color",
		"github.com/gogs/chardet",
		"github.com/google/uuid",
		"github.com/gorilla/css/scanner",
		"github.com/inbucket/html2text",
		"github.com/jhillyerd/enmime/v2",
		"github.com/jhillyerd/enmime/v2/internal/coding",
		"github.com/jhillyerd/enmime/v2/internal/stringutil",
		"github.com/jhillyerd/enmime/v2/internal/textproto",
		"github.com/jhillyerd/enmime/v2/mediatype",
		"github.com/mattn/go-colorable",
		"github.com/mattn/go-isatty",
		"github.com/mattn/go-runewidth",
		"github.com/microcosm-cc/bluemonday",
		"github.com/microcosm-cc/bluemonday/css",
		"github.com/olekukonko/cat",
		"github.com/olekukonko/errors",
		"github.com/olekukonko/ll",
		"github.com/olekukonko/ll/lh",
		"github.com/olekukonko/ll/lx",
		"github.com/olekukonko/tablewriter",
		"github.com/olekukonko/tablewriter/pkg/twcache",
		"github.com/olekukonko/tablewriter/pkg/twwarp",
		"github.com/olekukonko/tablewriter/pkg/twwidth",
		"github.com/olekukonko/tablewriter/renderer",
		"github.com/olekukonko/tablewriter/tw",
		"github.com/pkg/errors",
		"github.com/rs/zerolog",
		"github.com/rs/zerolog/internal/json",
		"github.com/ssor/bom",
		"golang.org/x/net/html",
		"golang.org/x/net/html/atom",
		"golang.org/x/sync/singleflight",
		"golang.org/x/sys/unix",
		"golang.org/x/text/encoding",
		"golang.org/x/text/encoding/charmap",
		"golang.org/x/text/encoding/internal",
		"golang.org/x/text/encoding/internal/identifier",
		"golang.org/x/text/encoding/japanese",
		"golang.org/x/text/encoding/korean",
		"golang.org/x/text/encoding/simplifiedchinese",
		"golang.org/x/text/encoding/traditionalchinese",
		"golang.org/x/text/encoding/unicode",
		"golang.org/x/text/internal/utf8internal",
		"golang.org/x/text/runes",
		"golang.org/x/text/transform",
		"hash",
		"html",
		"html/template",
		"internal/abi",
		"internal/asan",
		"internal/bisect",
		"internal/bytealg",
		"internal/byteorder",
		"internal/chacha8rand",
		"internal/coverage/rtcov",
		"internal/cpu",
		"internal/filepathlite",
		"internal/fmtsort",
		"internal/goarch",
		"internal/godebug",
		"internal/godebugs",
		"internal/goexperiment",
		"internal/goos",
		"internal/itoa",
		"internal/msan",
		"internal/nettrace",
		"internal/oserror",
		"internal/poll",
		"internal/profilerecord",
		"internal/race",
		"internal/reflectlite",
		"internal/runtime/atomic",
		"internal/runtime/cgroup",
		"internal/runtime/exithook",
		"internal/runtime/gc",
		"internal/runtime/maps",
		"internal/runtime/math",
		"internal/runtime/strconv",
		"internal/runtime/sys",
		"internal/runtime/syscall",
		"internal/saferio",
		"internal/singleflight",
		"internal/stringslite",
		"internal/sync",
		"internal/synctest",
		"internal/syscall/execenv",
		"internal/syscall/unix",
		"internal/testlog",
		"internal/trace/tracev2",
		"internal/unsafeheader",
		"io",
		"io/fs",
		"io/ioutil",
		"iter",
		"log",
		"log/internal",
		"log/slog",
		"log/slog/internal",
		"log/slog/internal/buffer",
		"maps",
		"math",
		"math/big",
		"math/bits",
		"math/rand",
		"math/rand/v2",
		"mime",
		"mime/quotedprintable",
		"net",
		"net/mail",
		"net/netip",
		"net/smtp",
		"net/textproto",
		"net/url",
		"os",
		"path",
		"path/filepath",
		"reflect",
		"regexp",
		"regexp/syntax",
		"runtime",
		"runtime/cgo",
		"runtime/debug",
		"slices",
		"sort",
		"strconv",
		"strings",
		"sync",
		"sync/atomic",
		"syscall",
		"tabmail/internal/app",
		"tabmail/internal/authz",
		"tabmail/internal/company",
		"tabmail/internal/delivery",
		"tabmail/internal/models",
		"tabmail/internal/sanitize",
		"text/template",
		"text/template/parse",
		"time",
		"unicode",
		"unicode/utf16",
		"unicode/utf8",
		"unique",
		"unsafe",
		"vendor/golang.org/x/crypto/chacha20",
		"vendor/golang.org/x/crypto/chacha20poly1305",
		"vendor/golang.org/x/crypto/cryptobyte",
		"vendor/golang.org/x/crypto/cryptobyte/asn1",
		"vendor/golang.org/x/crypto/internal/alias",
		"vendor/golang.org/x/crypto/internal/poly1305",
		"vendor/golang.org/x/net/dns/dnsmessage",
		"vendor/golang.org/x/sys/cpu",
		"weak"
	],
	"TestGoFiles": [
		"mime_budget_test.go",
		"parser_resource_benchmark_test.go",
		"parser_resource_test.go",
		"parser_test.go",
		"source_test.go"
	],
	"TestImports": [
		"bytes",
		"context",
		"errors",
		"fmt",
		"github.com/google/uuid",
		"github.com/jhillyerd/enmime/v2",
		"io",
		"reflect",
		"strings",
		"sync",
		"sync/atomic",
		"testing",
		"testing/synctest",
		"time"
	]
}
{
	"Dir": "/workspace/scratch/458de7991ac3/tabmail-wave-verify/internal/api/handlers",
	"ImportPath": "tabmail/internal/api/handlers",
	"Name": "handlers",
	"Doc": "Company transports share small decoding helpers, never one another's state.",
	"Root": "/workspace/scratch/458de7991ac3/tabmail-wave-verify",
	"Module": {
		"Path": "tabmail",
		"Main": true,
		"Dir": "/workspace/scratch/458de7991ac3/tabmail-wave-verify",
		"GoMod": "/workspace/scratch/458de7991ac3/tabmail-wave-verify/go.mod",
		"GoVersion": "1.25.7"
	},
	"Match": [
		"./internal/api/handlers"
	],
	"Stale": true,
	"StaleReason": "stale dependency: tabmail/internal/models",
	"GoFiles": [
		"admin.go",
		"app_error.go",
		"audit.go",
		"auth.go",
		"company.go",
		"company_admin_stream.go",
		"company_archive.go",
		"company_console.go",
		"company_content_index.go",
		"company_domains.go",
		"company_drafts.go",
		"company_index.go",
		"company_lifecycle.go",
		"company_mail.go",
		"company_mailboxes.go",
		"company_projection.go",
		"company_recovery.go",
		"company_routes.go",
		"company_setup.go",
		"company_source.go",
		"company_stream.go",
		"company_templates.go",
		"domains.go",
		"member_errors.go",
		"monitor.go",
		"outbound.go",
		"outbound_view.go",
		"permissions.go",
		"respond.go",
		"users_admin.go"
	],
	"IgnoredGoFiles": [
		"pe_independent_review_test.go",
		"pe_shared_adapter_focused_test.go",
		"r5_external_batch_test.go",
		"r5_external_runtime_probe_test.go",
		"r5_protocol_component_observations_test.go",
		"r5_protocol_grant_owner_pg_test.go",
		"r5_protocol_grant_owner_test.go",
		"r5_protocol_permission_seed_test.go",
		"r5_protocol_transport_test.go"
	],
	"Imports": [
		"context",
		"encoding/json",
		"errors",
		"fmt",
		"github.com/go-chi/chi/v5",
		"github.com/google/uuid",
		"github.com/rs/zerolog",
		"golang.org/x/crypto/bcrypt",
		"io",
		"mime",
		"net/http",
		"strconv",
		"strings",
		"tabmail/internal/api/lifecycle",
		"tabmail/internal/api/middleware",
		"tabmail/internal/app",
		"tabmail/internal/app/admin",
		"tabmail/internal/app/companymail",
		"tabmail/internal/app/credentials",
		"tabmail/internal/app/domains",
		"tabmail/internal/app/drafts",
		"tabmail/internal/app/employees",
		"tabmail/internal/app/mailarchive",
		"tabmail/internal/app/permissions",
		"tabmail/internal/app/recovery",
		"tabmail/internal/app/submissions",
		"tabmail/internal/app/templates",
		"tabmail/internal/authn",
		"tabmail/internal/authz",
		"tabmail/internal/company",
		"tabmail/internal/hooks",
		"tabmail/internal/models",
		"tabmail/internal/outbound",
		"tabmail/internal/rawobject",
		"tabmail/internal/realtime",
		"tabmail/internal/resolver",
		"tabmail/internal/store",
		"time"
	],
	"Deps": [
		"bufio",
		"bytes",
		"cmp",
		"compress/flate",
		"compress/gzip",
		"container/list",
		"container/ring",
		"context",
		"crypto",
		"crypto/aes",
		"crypto/cipher",
		"crypto/des",
		"crypto/dsa",
		"crypto/ecdh",
		"crypto/ecdsa",
		"crypto/ed25519",
		"crypto/elliptic",
		"crypto/fips140",
		"crypto/hkdf",
		"crypto/hmac",
		"crypto/internal/boring",
		"crypto/internal/boring/bbig",
		"crypto/internal/boring/sig",
		"crypto/internal/entropy",
		"crypto/internal/fips140",
		"crypto/internal/fips140/aes",
		"crypto/internal/fips140/aes/gcm",
		"crypto/internal/fips140/alias",
		"crypto/internal/fips140/bigmod",
		"crypto/internal/fips140/check",
		"crypto/internal/fips140/drbg",
		"crypto/internal/fips140/ecdh",
		"crypto/internal/fips140/ecdsa",
		"crypto/internal/fips140/ed25519",
		"crypto/internal/fips140/edwards25519",
		"crypto/internal/fips140/edwards25519/field",
		"crypto/internal/fips140/hkdf",
		"crypto/internal/fips140/hmac",
		"crypto/internal/fips140/mlkem",
		"crypto/internal/fips140/nistec",
		"crypto/internal/fips140/nistec/fiat",
		"crypto/internal/fips140/rsa",
		"crypto/internal/fips140/sha256",
		"crypto/internal/fips140/sha3",
		"crypto/internal/fips140/sha512",
		"crypto/internal/fips140/subtle",
		"crypto/internal/fips140/tls12",
		"crypto/internal/fips140/tls13",
		"crypto/internal/fips140cache",
		"crypto/internal/fips140deps/byteorder",
		"crypto/internal/fips140deps/cpu",
		"crypto/internal/fips140deps/godebug",
		"crypto/internal/fips140hash",
		"crypto/internal/fips140only",
		"crypto/internal/hpke",
		"crypto/internal/impl",
		"crypto/internal/randutil",
		"crypto/internal/sysrand",
		"crypto/md5",
		"crypto/rand",
		"crypto/rc4",
		"crypto/rsa",
		"crypto/sha1",
		"crypto/sha256",
		"crypto/sha3",
		"crypto/sha512",
		"crypto/subtle",
		"crypto/tls",
		"crypto/tls/internal/fips140tls",
		"crypto/x509",
		"crypto/x509/pkix",
		"database/sql",
		"database/sql/driver",
		"encoding",
		"encoding/asn1",
		"encoding/base64",
		"encoding/binary",
		"encoding/csv",
		"encoding/hex",
		"encoding/json",
		"encoding/pem",
		"errors",
		"fmt",
		"github.com/aymerick/douceur/css",
		"github.com/aymerick/douceur/parser",
		"github.com/cention-sany/utf7",
		"github.com/cespare/xxhash/v2",
		"github.com/clipperhouse/displaywidth",
		"github.com/clipperhouse/uax29/v2/graphemes",
		"github.com/dgryski/go-rendezvous",
		"github.com/emersion/go-msgauth/dkim",
		"github.com/fatih/color",
		"github.com/go-chi/chi/v5",
		"github.com/gogs/chardet",
		"github.com/google/uuid",
		"github.com/gorilla/css/scanner",
		"github.com/inbucket/html2text",
		"github.com/jhillyerd/enmime/v2",
		"github.com/jhillyerd/enmime/v2/internal/coding",
		"github.com/jhillyerd/enmime/v2/internal/stringutil",
		"github.com/jhillyerd/enmime/v2/internal/textproto",
		"github.com/jhillyerd/enmime/v2/mediatype",
		"github.com/kelseyhightower/envconfig",
		"github.com/mattn/go-colorable",
		"github.com/mattn/go-isatty",
		"github.com/mattn/go-runewidth",
		"github.com/microcosm-cc/bluemonday",
		"github.com/microcosm-cc/bluemonday/css",
		"github.com/olekukonko/cat",
		"github.com/olekukonko/errors",
		"github.com/olekukonko/ll",
		"github.com/olekukonko/ll/lh",
		"github.com/olekukonko/ll/lx",
		"github.com/olekukonko/tablewriter",
		"github.com/olekukonko/tablewriter/pkg/twcache",
		"github.com/olekukonko/tablewriter/pkg/twwarp",
		"github.com/olekukonko/tablewriter/pkg/twwidth",
		"github.com/olekukonko/tablewriter/renderer",
		"github.com/olekukonko/tablewriter/tw",
		"github.com/pkg/errors",
		"github.com/redis/go-redis/v9",
		"github.com/redis/go-redis/v9/auth",
		"github.com/redis/go-redis/v9/internal",
		"github.com/redis/go-redis/v9/internal/auth/streaming",
		"github.com/redis/go-redis/v9/internal/hashtag",
		"github.com/redis/go-redis/v9/internal/hscan",
		"github.com/redis/go-redis/v9/internal/interfaces",
		"github.com/redis/go-redis/v9/internal/maintnotifications/logs",
		"github.com/redis/go-redis/v9/internal/otel",
		"github.com/redis/go-redis/v9/internal/pool",
		"github.com/redis/go-redis/v9/internal/proto",
		"github.com/redis/go-redis/v9/internal/rand",
		"github.com/redis/go-redis/v9/internal/routing",
		"github.com/redis/go-redis/v9/internal/util",
		"github.com/redis/go-redis/v9/maintnotifications",
		"github.com/redis/go-redis/v9/push",
		"github.com/rs/zerolog",
		"github.com/rs/zerolog/internal/json",
		"github.com/ssor/bom",
		"go.uber.org/atomic",
		"golang.org/x/crypto/bcrypt",
		"golang.org/x/crypto/blowfish",
		"golang.org/x/crypto/ed25519",
		"golang.org/x/net/html",
		"golang.org/x/net/html/atom",
		"golang.org/x/sync/singleflight",
		"golang.org/x/sys/unix",
		"golang.org/x/text/encoding",
		"golang.org/x/text/encoding/charmap",
		"golang.org/x/text/encoding/internal",
		"golang.org/x/text/encoding/internal/identifier",
		"golang.org/x/text/encoding/japanese",
		"golang.org/x/text/encoding/korean",
		"golang.org/x/text/encoding/simplifiedchinese",
		"golang.org/x/text/encoding/traditionalchinese",
		"golang.org/x/text/encoding/unicode",
		"golang.org/x/text/internal/utf8internal",
		"golang.org/x/text/runes",
		"golang.org/x/text/transform",
		"hash",
		"hash/crc32",
		"html",
		"html/template",
		"internal/abi",
		"internal/asan",
		"internal/bisect",
		"internal/bytealg",
		"internal/byteorder",
		"internal/chacha8rand",
		"internal/coverage/rtcov",
		"internal/cpu",
		"internal/filepathlite",
		"internal/fmtsort",
		"internal/goarch",
		"internal/godebug",
		"internal/godebugs",
		"internal/goexperiment",
		"internal/goos",
		"internal/itoa",
		"internal/msan",
		"internal/nettrace",
		"internal/oserror",
		"internal/poll",
		"internal/profilerecord",
		"internal/race",
		"internal/reflectlite",
		"internal/runtime/atomic",
		"internal/runtime/cgroup",
		"internal/runtime/exithook",
		"internal/runtime/gc",
		"internal/runtime/maps",
		"internal/runtime/math",
		"internal/runtime/strconv",
		"internal/runtime/sys",
		"internal/runtime/syscall",
		"internal/saferio",
		"internal/singleflight",
		"internal/stringslite",
		"internal/sync",
		"internal/synctest",
		"internal/syscall/execenv",
		"internal/syscall/unix",
		"internal/testlog",
		"internal/trace/tracev2",
		"internal/unsafeheader",
		"io",
		"io/fs",
		"io/ioutil",
		"iter",
		"log",
		"log/internal",
		"log/slog",
		"log/slog/internal",
		"log/slog/internal/buffer",
		"maps",
		"math",
		"math/big",
		"math/bits",
		"math/rand",
		"math/rand/v2",
		"mime",
		"mime/multipart",
		"mime/quotedprintable",
		"net",
		"net/http",
		"net/http/httptrace",
		"net/http/internal",
		"net/http/internal/ascii",
		"net/http/internal/httpcommon",
		"net/mail",
		"net/netip",
		"net/smtp",
		"net/textproto",
		"net/url",
		"os",
		"path",
		"path/filepath",
		"reflect",
		"regexp",
		"regexp/syntax",
		"runtime",
		"runtime/cgo",
		"runtime/debug",
		"slices",
		"sort",
		"strconv",
		"strings",
		"sync",
		"sync/atomic",
		"syscall",
		"tabmail/internal/api/lifecycle",
		"tabmail/internal/api/middleware",
		"tabmail/internal/app",
		"tabmail/internal/app/admin",
		"tabmail/internal/app/companymail",
		"tabmail/internal/app/credentials",
		"tabmail/internal/app/domains",
		"tabmail/internal/app/drafts",
		"tabmail/internal/app/employees",
		"tabmail/internal/app/mailarchive",
		"tabmail/internal/app/permissions",
		"tabmail/internal/app/recovery",
		"tabmail/internal/app/submissions",
		"tabmail/internal/app/templates",
		"tabmail/internal/authn",
		"tabmail/internal/authz",
		"tabmail/internal/company",
		"tabmail/internal/config",
		"tabmail/internal/configcache",
		"tabmail/internal/delivery",
		"tabmail/internal/dkim",
		"tabmail/internal/hooks",
		"tabmail/internal/mailcontent",
		"tabmail/internal/metrics",
		"tabmail/internal/models",
		"tabmail/internal/outbound",
		"tabmail/internal/policy",
		"tabmail/internal/rawobject",
		"tabmail/internal/realtime",
		"tabmail/internal/resolver",
		"tabmail/internal/sanitize",
		"tabmail/internal/store",
		"tabmail/internal/workqueue",
		"text/tabwriter",
		"text/template",
		"text/template/parse",
		"time",
		"unicode",
		"unicode/utf16",
		"unicode/utf8",
		"unique",
		"unsafe",
		"vendor/golang.org/x/crypto/chacha20",
		"vendor/golang.org/x/crypto/chacha20poly1305",
		"vendor/golang.org/x/crypto/cryptobyte",
		"vendor/golang.org/x/crypto/cryptobyte/asn1",
		"vendor/golang.org/x/crypto/internal/alias",
		"vendor/golang.org/x/crypto/internal/poly1305",
		"vendor/golang.org/x/net/dns/dnsmessage",
		"vendor/golang.org/x/net/http/httpguts",
		"vendor/golang.org/x/net/http/httpproxy",
		"vendor/golang.org/x/net/http2/hpack",
		"vendor/golang.org/x/net/idna",
		"vendor/golang.org/x/sys/cpu",
		"vendor/golang.org/x/text/secure/bidirule",
		"vendor/golang.org/x/text/transform",
		"vendor/golang.org/x/text/unicode/bidi",
		"vendor/golang.org/x/text/unicode/norm",
		"weak"
	],
	"TestGoFiles": [
		"admin_integration_test.go",
		"app_error_contract_test.go",
		"atomic_retry_test.go",
		"auth_body_limit_test.go",
		"company_p0_test.go",
		"company_projection_test.go",
		"company_source_test.go",
		"company_stream_boundary_test.go",
		"credential_policy_test.go",
		"ordinary_receipt_contract_fixture_test.go",
		"outbound_test.go",
		"r5_attachment_error_test.go",
		"r5_login_background_shutdown_test.go",
		"r5_protocol_http_test.go",
		"stats_projection_test.go",
		"submission_capabilities_test.go"
	],
	"TestImports": [
		"bytes",
		"context",
		"crypto/sha256",
		"encoding/hex",
		"encoding/json",
		"errors",
		"fmt",
		"github.com/go-chi/chi/v5",
		"github.com/go-chi/chi/v5/middleware",
		"github.com/google/uuid",
		"github.com/rs/zerolog",
		"golang.org/x/crypto/bcrypt",
		"io",
		"net/http",
		"net/http/httptest",
		"os",
		"path/filepath",
		"strings",
		"sync",
		"sync/atomic",
		"tabmail/internal/api/lifecycle",
		"tabmail/internal/api/middleware",
		"tabmail/internal/app",
		"tabmail/internal/app/companymail",
		"tabmail/internal/app/submissions",
		"tabmail/internal/authn",
		"tabmail/internal/authz",
		"tabmail/internal/company",
		"tabmail/internal/config",
		"tabmail/internal/mailcontent",
		"tabmail/internal/models",
		"tabmail/internal/outbound",
		"tabmail/internal/store",
		"tabmail/internal/testutil",
		"testing",
		"time"
	],
	"XTestGoFiles": [
		"r5_member_historical_delete_test.go"
	],
	"XTestImports": [
		"context",
		"encoding/json",
		"errors",
		"fmt",
		"github.com/go-chi/chi/v5",
		"github.com/google/uuid",
		"github.com/jackc/pgx/v5/pgconn",
		"github.com/rs/zerolog",
		"net/http",
		"net/http/httptest",
		"os",
		"strings",
		"tabmail/internal/api/handlers",
		"tabmail/internal/api/middleware",
		"tabmail/internal/authn",
		"tabmail/internal/authz",
		"tabmail/internal/company",
		"tabmail/internal/models",
		"tabmail/internal/store",
		"tabmail/internal/testpg",
		"tabmail/internal/testutil",
		"testing"
	]
}
