=== RUN   TestR5PermissionSeedSetup
=== RUN   TestR5PermissionSeedSetup/PE01/default
=== RUN   TestR5PermissionSeedSetup/PE02/omitted
=== RUN   TestR5PermissionSeedSetup/PE02/null
=== RUN   TestR5PermissionSeedSetup/PE02/false
=== RUN   TestR5PermissionSeedSetup/PE02/0
=== RUN   TestR5PermissionSeedSetup/PE02/[]
=== RUN   TestR5PermissionSeedSetup/PE04/default
--- PASS: TestR5PermissionSeedSetup (1.46s)
    --- PASS: TestR5PermissionSeedSetup/PE01/default (0.21s)
    --- PASS: TestR5PermissionSeedSetup/PE02/omitted (0.28s)
    --- PASS: TestR5PermissionSeedSetup/PE02/null (0.20s)
    --- PASS: TestR5PermissionSeedSetup/PE02/false (0.20s)
    --- PASS: TestR5PermissionSeedSetup/PE02/0 (0.19s)
    --- PASS: TestR5PermissionSeedSetup/PE02/[] (0.19s)
    --- PASS: TestR5PermissionSeedSetup/PE04/default (0.18s)
=== RUN   TestR5PermissionSeedLegacy409AndCAS
--- PASS: TestR5PermissionSeedLegacy409AndCAS (0.22s)
PASS
ok  	tabmail/internal/api/handlers	1.686s
